Archive member included to satisfy reference by file (symbol)

c:/stm32_toolchain/gcc-arm-none-eabi-5_3-151225/bin/../lib/gcc/arm-none-eabi/5.3.1/armv7e-m\libgcc.a(_arm_addsubdf3.o)
                              ./TM/tm_stm32_fatfs.o (__aeabi_ui2d)
c:/stm32_toolchain/gcc-arm-none-eabi-5_3-151225/bin/../lib/gcc/arm-none-eabi/5.3.1/armv7e-m\libgcc.a(_arm_muldivdf3.o)
                              ./TM/tm_stm32_fatfs.o (__aeabi_dmul)
c:/stm32_toolchain/gcc-arm-none-eabi-5_3-151225/bin/../lib/gcc/arm-none-eabi/5.3.1/armv7e-m\libgcc.a(_arm_fixunsdfsi.o)
                              ./TM/tm_stm32_fatfs.o (__aeabi_d2uiz)
c:/stm32_toolchain/gcc-arm-none-eabi-5_3-151225/bin/../lib/gcc/arm-none-eabi/5.3.1/../../../../arm-none-eabi/lib/armv7e-m\libg_nano.a(lib_a-errno.o)
                              ./system/src/newlib/_sbrk.o (__errno)
c:/stm32_toolchain/gcc-arm-none-eabi-5_3-151225/bin/../lib/gcc/arm-none-eabi/5.3.1/../../../../arm-none-eabi/lib/armv7e-m\libg_nano.a(lib_a-impure.o)
                              c:/stm32_toolchain/gcc-arm-none-eabi-5_3-151225/bin/../lib/gcc/arm-none-eabi/5.3.1/../../../../arm-none-eabi/lib/armv7e-m\libg_nano.a(lib_a-errno.o) (_impure_ptr)
c:/stm32_toolchain/gcc-arm-none-eabi-5_3-151225/bin/../lib/gcc/arm-none-eabi/5.3.1/../../../../arm-none-eabi/lib/armv7e-m\libg_nano.a(lib_a-malloc.o)
                              ./TM/syscall.o (malloc)
c:/stm32_toolchain/gcc-arm-none-eabi-5_3-151225/bin/../lib/gcc/arm-none-eabi/5.3.1/../../../../arm-none-eabi/lib/armv7e-m\libg_nano.a(lib_a-nano-freer.o)
                              c:/stm32_toolchain/gcc-arm-none-eabi-5_3-151225/bin/../lib/gcc/arm-none-eabi/5.3.1/../../../../arm-none-eabi/lib/armv7e-m\libg_nano.a(lib_a-malloc.o) (_free_r)
c:/stm32_toolchain/gcc-arm-none-eabi-5_3-151225/bin/../lib/gcc/arm-none-eabi/5.3.1/../../../../arm-none-eabi/lib/armv7e-m\libg_nano.a(lib_a-nano-mallocr.o)
                              c:/stm32_toolchain/gcc-arm-none-eabi-5_3-151225/bin/../lib/gcc/arm-none-eabi/5.3.1/../../../../arm-none-eabi/lib/armv7e-m\libg_nano.a(lib_a-malloc.o) (_malloc_r)
c:/stm32_toolchain/gcc-arm-none-eabi-5_3-151225/bin/../lib/gcc/arm-none-eabi/5.3.1/../../../../arm-none-eabi/lib/armv7e-m\libg_nano.a(lib_a-sbrkr.o)
                              c:/stm32_toolchain/gcc-arm-none-eabi-5_3-151225/bin/../lib/gcc/arm-none-eabi/5.3.1/../../../../arm-none-eabi/lib/armv7e-m\libg_nano.a(lib_a-nano-mallocr.o) (_sbrk_r)
c:/stm32_toolchain/gcc-arm-none-eabi-5_3-151225/bin/../lib/gcc/arm-none-eabi/5.3.1/../../../../arm-none-eabi/lib/armv7e-m\libg_nano.a(lib_a-sprintf.o)
                              ./src/PtCan_SdStorage.o (sprintf)
c:/stm32_toolchain/gcc-arm-none-eabi-5_3-151225/bin/../lib/gcc/arm-none-eabi/5.3.1/../../../../arm-none-eabi/lib/armv7e-m\libg_nano.a(lib_a-strcpy.o)
                              ./TM/tm_stm32_fatfs.o (strcpy)
c:/stm32_toolchain/gcc-arm-none-eabi-5_3-151225/bin/../lib/gcc/arm-none-eabi/5.3.1/../../../../arm-none-eabi/lib/armv7e-m\libg_nano.a(lib_a-strlen.o)
                              ./TM/tm_stm32_fatfs.o (strlen)
c:/stm32_toolchain/gcc-arm-none-eabi-5_3-151225/bin/../lib/gcc/arm-none-eabi/5.3.1/../../../../arm-none-eabi/lib/armv7e-m\libg_nano.a(lib_a-nano-svfprintf.o)
                              c:/stm32_toolchain/gcc-arm-none-eabi-5_3-151225/bin/../lib/gcc/arm-none-eabi/5.3.1/../../../../arm-none-eabi/lib/armv7e-m\libg_nano.a(lib_a-sprintf.o) (_svfprintf_r)
c:/stm32_toolchain/gcc-arm-none-eabi-5_3-151225/bin/../lib/gcc/arm-none-eabi/5.3.1/../../../../arm-none-eabi/lib/armv7e-m\libg_nano.a(lib_a-nano-vfprintf_i.o)
                              c:/stm32_toolchain/gcc-arm-none-eabi-5_3-151225/bin/../lib/gcc/arm-none-eabi/5.3.1/../../../../arm-none-eabi/lib/armv7e-m\libg_nano.a(lib_a-nano-svfprintf.o) (_printf_i)
c:/stm32_toolchain/gcc-arm-none-eabi-5_3-151225/bin/../lib/gcc/arm-none-eabi/5.3.1/../../../../arm-none-eabi/lib/armv7e-m\libg_nano.a(lib_a-memchr.o)
                              c:/stm32_toolchain/gcc-arm-none-eabi-5_3-151225/bin/../lib/gcc/arm-none-eabi/5.3.1/../../../../arm-none-eabi/lib/armv7e-m\libg_nano.a(lib_a-nano-svfprintf.o) (memchr)
c:/stm32_toolchain/gcc-arm-none-eabi-5_3-151225/bin/../lib/gcc/arm-none-eabi/5.3.1/../../../../arm-none-eabi/lib/armv7e-m\libg_nano.a(lib_a-memcpy-stub.o)
                              c:/stm32_toolchain/gcc-arm-none-eabi-5_3-151225/bin/../lib/gcc/arm-none-eabi/5.3.1/../../../../arm-none-eabi/lib/armv7e-m\libg_nano.a(lib_a-nano-svfprintf.o) (memcpy)
c:/stm32_toolchain/gcc-arm-none-eabi-5_3-151225/bin/../lib/gcc/arm-none-eabi/5.3.1/../../../../arm-none-eabi/lib/armv7e-m\libg_nano.a(lib_a-memmove.o)
                              c:/stm32_toolchain/gcc-arm-none-eabi-5_3-151225/bin/../lib/gcc/arm-none-eabi/5.3.1/../../../../arm-none-eabi/lib/armv7e-m\libg_nano.a(lib_a-nano-svfprintf.o) (memmove)
[...]
Memory Configuration

Name             Origin             Length             Attributes
RAM              0x0000000020000000 0x0000000000020000 xrw
CCMRAM           0x0000000010000000 0x0000000000010000 xrw
FLASH            0x0000000008000000 0x0000000000100000 xr
FLASHB1          0x0000000000000000 0x0000000000000000 xr
EXTMEMB0         0x0000000000000000 0x0000000000000000 xr
EXTMEMB1         0x0000000000000000 0x0000000000000000 xr
EXTMEMB2         0x0000000000000000 0x0000000000000000 xr
EXTMEMB3         0x0000000000000000 0x0000000000000000 xr
MEMORY_ARRAY     0x0000000020002000 0x0000000000000020 xrw
*default*        0x0000000000000000 0xffffffffffffffff

Linker script and memory map

LOAD ./system/src/stm32f4-hal/stm32f4xx_hal.o
LOAD ./system/src/stm32f4-hal/stm32f4xx_hal_can.o
LOAD ./system/src/stm32f4-hal/stm32f4xx_hal_cortex.o
LOAD ./system/src/stm32f4-hal/stm32f4xx_hal_flash.o
LOAD ./system/src/stm32f4-hal/stm32f4xx_hal_gpio.o
LOAD ./system/src/stm32f4-hal/stm32f4xx_hal_iwdg.o
LOAD ./system/src/stm32f4-hal/stm32f4xx_hal_pwr.o
LOAD ./system/src/stm32f4-hal/stm32f4xx_hal_rcc.o
LOAD ./system/src/stm32f4-hal/stm32f4xx_hal_rcc_ex.o
LOAD ./system/src/stm32f4-hal/stm32f4xx_hal_spi.o
LOAD ./system/src/stm32f4-hal/stm32f4xx_hal_tim.o
LOAD ./system/src/stm32f4-hal/stm32f4xx_hal_tim_ex.o
LOAD ./system/src/newlib/_cxx.o
LOAD ./system/src/newlib/_exit.o
LOAD ./system/src/newlib/_sbrk.o
LOAD ./system/src/newlib/_startup.o
LOAD ./system/src/newlib/_syscalls.o
LOAD ./system/src/newlib/assert.o
LOAD ./system/src/diag/Trace.o
LOAD ./system/src/diag/trace_impl.o
LOAD ./system/src/cortexm/_initialize_hardware.o
LOAD ./system/src/cortexm/_reset_hardware.o
LOAD ./system/src/cortexm/exception_handlers.o
LOAD ./system/src/cmsis/system_stm32f4xx.o
LOAD ./system/src/cmsis/vectors_stm32f407xx.o
LOAD ./src/PtCan_Can.o
LOAD ./src/PtCan_ErrHandling.o
LOAD ./src/PtCan_SdStorage.o
LOAD ./src/PtCan_Tim.o
LOAD ./src/led_button.o
LOAD ./src/main.o
LOAD ./src/stm32f4xx_hal_msp.o
LOAD ./src/stm32f4xx_it.o
LOAD ./TM/diskio.o
LOAD ./TM/fatfs_sd.o
LOAD ./TM/ff.o
LOAD ./TM/syscall.o
LOAD ./TM/tm_stm32_delay.o
LOAD ./TM/tm_stm32_fatfs.o
LOAD ./TM/tm_stm32_gpio.o
LOAD ./TM/tm_stm32_rcc.o
LOAD ./TM/tm_stm32_spi.o
LOAD ./TM/unicode.o
LOAD c:/stm32_toolchain/gcc-arm-none-eabi-5_3-151225/bin/../lib/gcc/arm-none-eabi/5.3.1/../../../../arm-none-eabi/lib/armv7e-m\libstdc++_nano.a
LOAD c:/stm32_toolchain/gcc-arm-none-eabi-5_3-151225/bin/../lib/gcc/arm-none-eabi/5.3.1/../../../../arm-none-eabi/lib/armv7e-m\libm.a
START GROUP
LOAD c:/stm32_toolchain/gcc-arm-none-eabi-5_3-151225/bin/../lib/gcc/arm-none-eabi/5.3.1/armv7e-m\libgcc.a
LOAD c:/stm32_toolchain/gcc-arm-none-eabi-5_3-151225/bin/../lib/gcc/arm-none-eabi/5.3.1/../../../../arm-none-eabi/lib/armv7e-m\libg_nano.a
LOAD c:/stm32_toolchain/gcc-arm-none-eabi-5_3-151225/bin/../lib/gcc/arm-none-eabi/5.3.1/../../../../arm-none-eabi/lib/armv7e-m\libc_nano.a
END GROUP
START GROUP
LOAD c:/stm32_toolchain/gcc-arm-none-eabi-5_3-151225/bin/../lib/gcc/arm-none-eabi/5.3.1/armv7e-m\libgcc.a
LOAD c:/stm32_toolchain/gcc-arm-none-eabi-5_3-151225/bin/../lib/gcc/arm-none-eabi/5.3.1/../../../../arm-none-eabi/lib/armv7e-m\libc_nano.a
END GROUP
                0x0000000020020000                __stack = (ORIGIN (RAM) + LENGTH (RAM))
                0x0000000020020000                _estack = __stack
                0x0000000000000400                __Main_Stack_Size = 0x400
                [!provide]                        PROVIDE (_Main_Stack_Size, __Main_Stack_Size)
                0x000000002001fc00                __Main_Stack_Limit = (__stack - __Main_Stack_Size)
                [!provide]                        PROVIDE (_Main_Stack_Limit, __Main_Stack_Limit)
                0x0000000000000100                _Minimum_Stack_Size = 0x100
                0x0000000020001e90                PROVIDE (_Heap_Begin, _end_noinit)
                0x000000002001fc00                PROVIDE (_Heap_Limit, (__stack - __Main_Stack_Size))

.isr_vector     0x0000000008000000      0x330
 FILL mask 0xff
                0x0000000008000000                __vectors_start = ABSOLUTE (.)
                0x0000000008000000                __vectors_start__ = ABSOLUTE (.)
 *(.isr_vector)
 .isr_vector    0x0000000008000000      0x188 ./system/src/cmsis/vectors_stm32f407xx.o
                0x0000000008000000                __isr_vectors
 *(.cfmconfig)
 *(.after_vectors .after_vectors.*)
 .after_vectors
                0x0000000008000188      0x130 ./system/src/newlib/_startup.o
                0x0000000008000188                _start
 .after_vectors
                0x00000000080002b8       0x74 ./system/src/cortexm/exception_handlers.o
                0x00000000080002b8                Reset_Handler
                0x00000000080002bc                NMI_Handler
                0x00000000080002c0                HardFault_Handler
                0x00000000080002d4                HardFault_Handler_C
                0x00000000080002d8                MemManage_Handler
                0x00000000080002dc                BusFault_Handler
                0x00000000080002f0                BusFault_Handler_C
                0x00000000080002f4                UsageFault_Handler
                0x0000000008000308                UsageFault_Handler_C
                0x000000000800030c                SVC_Handler
                0x0000000008000310                DebugMon_Handler
                0x0000000008000314                PendSV_Handler
 .after_vectors
                0x000000000800032c        0x4 ./system/src/cmsis/vectors_stm32f407xx.o
                0x000000000800032c                RTC_Alarm_IRQHandler
                0x000000000800032c                HASH_RNG_IRQHandler
                0x000000000800032c                EXTI2_IRQHandler
                0x000000000800032c                TIM8_CC_IRQHandler
                0x000000000800032c                TIM1_CC_IRQHandler
                0x000000000800032c                DMA2_Stream5_IRQHandler
                0x000000000800032c                DMA1_Stream5_IRQHandler
                0x000000000800032c                PVD_IRQHandler
                0x000000000800032c                SDIO_IRQHandler
                0x000000000800032c                TAMP_STAMP_IRQHandler
                0x000000000800032c                CAN2_RX1_IRQHandler
                0x000000000800032c                EXTI3_IRQHandler
                0x000000000800032c                TIM8_TRG_COM_TIM14_IRQHandler
                0x000000000800032c                TIM1_UP_TIM10_IRQHandler
                0x000000000800032c                TIM8_UP_TIM13_IRQHandler
                0x000000000800032c                I2C3_ER_IRQHandler
                0x000000000800032c                I2C2_EV_IRQHandler
                0x000000000800032c                DMA1_Stream2_IRQHandler
                0x000000000800032c                FPU_IRQHandler
                0x000000000800032c                OTG_HS_WKUP_IRQHandler
                0x000000000800032c                CAN2_SCE_IRQHandler
                0x000000000800032c                DMA2_Stream2_IRQHandler
                0x000000000800032c                SPI1_IRQHandler
                0x000000000800032c                TIM6_DAC_IRQHandler
                0x000000000800032c                TIM1_BRK_TIM9_IRQHandler
                0x000000000800032c                DCMI_IRQHandler
                0x000000000800032c                CAN2_RX0_IRQHandler
                0x000000000800032c                DMA2_Stream3_IRQHandler
                0x000000000800032c                USART6_IRQHandler
                0x000000000800032c                USART3_IRQHandler
                0x000000000800032c                CAN1_RX1_IRQHandler
                0x000000000800032c                UART5_IRQHandler
                0x000000000800032c                DMA2_Stream0_IRQHandler
                0x000000000800032c                TIM4_IRQHandler
                0x000000000800032c                I2C1_EV_IRQHandler
                0x000000000800032c                DMA1_Stream6_IRQHandler
                0x000000000800032c                DMA1_Stream1_IRQHandler
                0x000000000800032c                UART4_IRQHandler
                0x000000000800032c                RCC_IRQHandler
                0x000000000800032c                TIM8_BRK_TIM12_IRQHandler
                0x000000000800032c                Default_Handler
                0x000000000800032c                EXTI15_10_IRQHandler
                0x000000000800032c                ADC_IRQHandler
                0x000000000800032c                DMA1_Stream7_IRQHandler
                0x000000000800032c                TIM7_IRQHandler
                0x000000000800032c                TIM5_IRQHandler
                0x000000000800032c                DMA2_Stream7_IRQHandler
                0x000000000800032c                I2C3_EV_IRQHandler
                0x000000000800032c                EXTI9_5_IRQHandler
                0x000000000800032c                RTC_WKUP_IRQHandler
                0x000000000800032c                ETH_WKUP_IRQHandler
                0x000000000800032c                SPI2_IRQHandler
                0x000000000800032c                OTG_HS_EP1_IN_IRQHandler
                0x000000000800032c                DMA1_Stream0_IRQHandler
                0x000000000800032c                CAN1_TX_IRQHandler
                0x000000000800032c                EXTI4_IRQHandler
                0x000000000800032c                ETH_IRQHandler
                0x000000000800032c                OTG_HS_EP1_OUT_IRQHandler
                0x000000000800032c                WWDG_IRQHandler
                0x000000000800032c                OTG_FS_WKUP_IRQHandler
                0x000000000800032c                TIM1_TRG_COM_TIM11_IRQHandler
                0x000000000800032c                OTG_HS_IRQHandler
                0x000000000800032c                EXTI1_IRQHandler
                0x000000000800032c                USART2_IRQHandler
                0x000000000800032c                I2C2_ER_IRQHandler
                0x000000000800032c                DMA2_Stream1_IRQHandler
                0x000000000800032c                CAN1_SCE_IRQHandler
                0x000000000800032c                FLASH_IRQHandler
                0x000000000800032c                DMA2_Stream4_IRQHandler
                0x000000000800032c                USART1_IRQHandler
                0x000000000800032c                OTG_FS_IRQHandler
                0x000000000800032c                SPI3_IRQHandler
                0x000000000800032c                DMA1_Stream4_IRQHandler
                0x000000000800032c                I2C1_ER_IRQHandler
                0x000000000800032c                FMC_IRQHandler
                0x000000000800032c                DMA2_Stream6_IRQHandler
                0x000000000800032c                DMA1_Stream3_IRQHandler

.inits          0x0000000008000330       0x28
                0x0000000008000330                __data_regions_array_start = .
                0x0000000008000330        0x4 LONG 0x8007260 LOADADDR (.data)
                0x0000000008000334        0x4 LONG 0x20000000 ADDR (.data)
                0x0000000008000338        0x4 LONG 0x20000144 (ADDR (.data) + SIZEOF (.data))
                0x000000000800033c        0x4 LONG 0x8007260 LOADADDR (.data_CCMRAM)
                0x0000000008000340        0x4 LONG 0x10000000 ADDR (.data_CCMRAM)
                0x0000000008000344        0x4 LONG 0x10000000 (ADDR (.data_CCMRAM) + SIZEOF (.data_CCMRAM))
                0x0000000008000348                __data_regions_array_end = .
                0x0000000008000348                __bss_regions_array_start = .
                0x0000000008000348        0x4 LONG 0x20000144 ADDR (.bss)
                0x000000000800034c        0x4 LONG 0x20001e90 (ADDR (.bss) + SIZEOF (.bss))
                0x0000000008000350        0x4 LONG 0x10000000 ADDR (.bss_CCMRAM)
                0x0000000008000354        0x4 LONG 0x10000000 (ADDR (.bss_CCMRAM) + SIZEOF (.bss_CCMRAM))
                0x0000000008000358                __bss_regions_array_end = .
 *(.init)
 *(.fini)
                0x0000000008000358                . = ALIGN (0x4)
                0x0000000008000358                PROVIDE (__preinit_array_start, .)
 *(.preinit_array_sysinit .preinit_array_sysinit.*)
 *(.preinit_array_platform .preinit_array_platform.*)
 *(.preinit_array .preinit_array.*)
                0x0000000008000358                PROVIDE (__preinit_array_end, .)
                0x0000000008000358                . = ALIGN (0x4)
                0x0000000008000358                PROVIDE (__init_array_start, .)
 *(SORT(.init_array.*))
 *(.init_array)
                0x0000000008000358                PROVIDE (__init_array_end, .)
                0x0000000008000358                . = ALIGN (0x4)
                0x0000000008000358                PROVIDE (__fini_array_start, .)
 *(SORT(.fini_array.*))
 *(.fini_array)
                0x0000000008000358                PROVIDE (__fini_array_end, .)

.flashtext
 *(.flashtext .flashtext.*)

.text           0x0000000008000360     0x6efd
 *(.text .text.*)
 .text.HAL_InitTick
                0x0000000008000360       0x28 ./system/src/stm32f4-hal/stm32f4xx_hal.o
                0x0000000008000360                HAL_InitTick
 .text.HAL_Init
                0x0000000008000388       0x34 ./system/src/stm32f4-hal/stm32f4xx_hal.o
                0x0000000008000388                HAL_Init
 .text.HAL_CAN_ConfigFilter
                0x00000000080003bc      0x170 ./system/src/stm32f4-hal/stm32f4xx_hal_can.o
                0x00000000080003bc                HAL_CAN_ConfigFilter
 .text.HAL_CAN_Init
                0x000000000800052c      0x26c ./system/src/stm32f4-hal/stm32f4xx_hal_can.o
                0x000000000800052c                HAL_CAN_Init
 .text.HAL_CAN_Receive_IT
                0x0000000008000798       0xac ./system/src/stm32f4-hal/stm32f4xx_hal_can.o
                0x0000000008000798                HAL_CAN_Receive_IT
 .text.HAL_CAN_Sleep
                0x0000000008000844       0x7c ./system/src/stm32f4-hal/stm32f4xx_hal_can.o
                0x0000000008000844                HAL_CAN_Sleep
 .text.HAL_CAN_WakeUp
                0x00000000080008c0       0x70 ./system/src/stm32f4-hal/stm32f4xx_hal_can.o
                0x00000000080008c0                HAL_CAN_WakeUp
 .text.HAL_CAN_TxCpltCallback
                0x0000000008000930        0x4 ./system/src/stm32f4-hal/stm32f4xx_hal_can.o
                0x0000000008000930                HAL_CAN_TxCpltCallback
 .text.CAN_Transmit_IT
                0x0000000008000934       0x68 ./system/src/stm32f4-hal/stm32f4xx_hal_can.o
 .text.CAN_Receive_IT
                0x000000000800099c      0x15c ./system/src/stm32f4-hal/stm32f4xx_hal_can.o
 .text.HAL_CAN_ErrorCallback
                0x0000000008000af8        0x4 ./system/src/stm32f4-hal/stm32f4xx_hal_can.o
                0x0000000008000af8                HAL_CAN_ErrorCallback
 .text.HAL_CAN_IRQHandler
                0x0000000008000afc      0x18c ./system/src/stm32f4-hal/stm32f4xx_hal_can.o
                0x0000000008000afc                HAL_CAN_IRQHandler
 .text.HAL_NVIC_SetPriorityGrouping
                0x0000000008000c88       0x3c ./system/src/stm32f4-hal/stm32f4xx_hal_cortex.o
                0x0000000008000c88                HAL_NVIC_SetPriorityGrouping
 .text.HAL_NVIC_SetPriority
                0x0000000008000cc4       0x84 ./system/src/stm32f4-hal/stm32f4xx_hal_cortex.o
                0x0000000008000cc4                HAL_NVIC_SetPriority
 .text.HAL_NVIC_EnableIRQ
                0x0000000008000d48       0x2c ./system/src/stm32f4-hal/stm32f4xx_hal_cortex.o
                0x0000000008000d48                HAL_NVIC_EnableIRQ
 .text.HAL_NVIC_DisableIRQ
                0x0000000008000d74       0x2c ./system/src/stm32f4-hal/stm32f4xx_hal_cortex.o
                0x0000000008000d74                HAL_NVIC_DisableIRQ
 .text.HAL_SYSTICK_Config
                0x0000000008000da0       0x2c ./system/src/stm32f4-hal/stm32f4xx_hal_cortex.o
                0x0000000008000da0                HAL_SYSTICK_Config
 .text.HAL_NVIC_ClearPendingIRQ
                0x0000000008000dcc       0x30 ./system/src/stm32f4-hal/stm32f4xx_hal_cortex.o
                0x0000000008000dcc                HAL_NVIC_ClearPendingIRQ
 .text.HAL_SYSTICK_CLKSourceConfig
                0x0000000008000dfc       0x38 ./system/src/stm32f4-hal/stm32f4xx_hal_cortex.o
                0x0000000008000dfc                HAL_SYSTICK_CLKSourceConfig
 .text.HAL_SYSTICK_Callback
                0x0000000008000e34        0x4 ./system/src/stm32f4-hal/stm32f4xx_hal_cortex.o
                0x0000000008000e34                HAL_SYSTICK_Callback
 .text.HAL_SYSTICK_IRQHandler
                0x0000000008000e38        0x8 ./system/src/stm32f4-hal/stm32f4xx_hal_cortex.o
                0x0000000008000e38                HAL_SYSTICK_IRQHandler
 .text.HAL_GPIO_Init
                0x0000000008000e40      0x32c ./system/src/stm32f4-hal/stm32f4xx_hal_gpio.o
                0x0000000008000e40                HAL_GPIO_Init
 .text.HAL_GPIO_WritePin
                0x000000000800116c       0x34 ./system/src/stm32f4-hal/stm32f4xx_hal_gpio.o
                0x000000000800116c                HAL_GPIO_WritePin
 .text.HAL_GPIO_TogglePin
                0x00000000080011a0       0x20 ./system/src/stm32f4-hal/stm32f4xx_hal_gpio.o
                0x00000000080011a0                HAL_GPIO_TogglePin
 .text.HAL_GPIO_EXTI_IRQHandler
                0x00000000080011c0       0x18 ./system/src/stm32f4-hal/stm32f4xx_hal_gpio.o
                0x00000000080011c0                HAL_GPIO_EXTI_IRQHandler
 .text.HAL_RCC_OscConfig
                0x00000000080011d8      0x4a8 ./system/src/stm32f4-hal/stm32f4xx_hal_rcc.o
                0x00000000080011d8                HAL_RCC_OscConfig
 .text.HAL_RCC_ClockConfig
                0x0000000008001680      0x368 ./system/src/stm32f4-hal/stm32f4xx_hal_rcc.o
                0x0000000008001680                HAL_RCC_ClockConfig
 .text.HAL_RCC_GetSysClockFreq
                0x00000000080019e8       0xa0 ./system/src/stm32f4-hal/stm32f4xx_hal_rcc.o
                0x00000000080019e8                HAL_RCC_GetSysClockFreq
 .text.HAL_RCC_GetHCLKFreq
                0x0000000008001a88       0x34 ./system/src/stm32f4-hal/stm32f4xx_hal_rcc.o
                0x0000000008001a88                HAL_RCC_GetHCLKFreq
 .text.HAL_SPI_MspInit
                0x0000000008001abc        0x4 ./system/src/stm32f4-hal/stm32f4xx_hal_spi.o
                0x0000000008001abc                HAL_SPI_MspInit
 .text.HAL_SPI_Init
                0x0000000008001ac0      0x16c ./system/src/stm32f4-hal/stm32f4xx_hal_spi.o
                0x0000000008001ac0                HAL_SPI_Init
 .text.HAL_TIM_Base_Start_IT
                0x0000000008001c2c       0x9c ./system/src/stm32f4-hal/stm32f4xx_hal_tim.o
                0x0000000008001c2c                HAL_TIM_Base_Start_IT
 .text.HAL_TIM_Base_Stop_IT
                0x0000000008001cc8       0xb0 ./system/src/stm32f4-hal/stm32f4xx_hal_tim.o
                0x0000000008001cc8                HAL_TIM_Base_Stop_IT
 .text.HAL_TIM_OC_DelayElapsedCallback
                0x0000000008001d78        0x4 ./system/src/stm32f4-hal/stm32f4xx_hal_tim.o
                0x0000000008001d78                HAL_TIM_OC_DelayElapsedCallback
 .text.HAL_TIM_IC_CaptureCallback
                0x0000000008001d7c        0x4 ./system/src/stm32f4-hal/stm32f4xx_hal_tim.o
                0x0000000008001d7c                HAL_TIM_IC_CaptureCallback
 .text.HAL_TIM_PWM_PulseFinishedCallback
                0x0000000008001d80        0x4 ./system/src/stm32f4-hal/stm32f4xx_hal_tim.o
                0x0000000008001d80                HAL_TIM_PWM_PulseFinishedCallback
 .text.HAL_TIM_TriggerCallback
                0x0000000008001d84        0x4 ./system/src/stm32f4-hal/stm32f4xx_hal_tim.o
                0x0000000008001d84                HAL_TIM_TriggerCallback
 .text.HAL_TIM_IRQHandler
                0x0000000008001d88      0x174 ./system/src/stm32f4-hal/stm32f4xx_hal_tim.o
                0x0000000008001d88                HAL_TIM_IRQHandler
 .text.TIM_Base_SetConfig
                0x0000000008001efc      0x11c ./system/src/stm32f4-hal/stm32f4xx_hal_tim.o
                0x0000000008001efc                TIM_Base_SetConfig
 .text.HAL_TIM_Base_Init
                0x0000000008002018       0xec ./system/src/stm32f4-hal/stm32f4xx_hal_tim.o
                0x0000000008002018                HAL_TIM_Base_Init
 .text.HAL_TIMEx_CommutationCallback
                0x0000000008002104        0x4 ./system/src/stm32f4-hal/stm32f4xx_hal_tim_ex.o
                0x0000000008002104                HAL_TIMEx_CommutationCallback
 .text.HAL_TIMEx_BreakCallback
                0x0000000008002108        0x4 ./system/src/stm32f4-hal/stm32f4xx_hal_tim_ex.o
                0x0000000008002108                HAL_TIMEx_BreakCallback
 .text._exit    0x000000000800210c        0x8 ./system/src/newlib/_exit.o
                0x000000000800210c                _exit
 .text.abort    0x0000000008002114        0x8 ./system/src/newlib/_exit.o
                0x0000000008002114                abort
 .text._sbrk    0x000000000800211c       0x44 ./system/src/newlib/_sbrk.o
                0x000000000800211c                _sbrk
 .text.__initialize_args
                0x0000000008002160       0x10 ./system/src/newlib/_syscalls.o
                0x0000000008002160                __initialize_args
 .text.assert_failed
                0x0000000008002170        0x8 ./system/src/newlib/assert.o
                0x0000000008002170                assert_failed
 .text.__initialize_hardware_early
                0x0000000008002178       0x18 ./system/src/cortexm/_initialize_hardware.o
                0x0000000008002178                __initialize_hardware_early
 .text.__initialize_hardware
                0x0000000008002190        0x8 ./system/src/cortexm/_initialize_hardware.o
                0x0000000008002190                __initialize_hardware
 .text.__reset_hardware
                0x0000000008002198       0x24 ./system/src/cortexm/_reset_hardware.o
                0x0000000008002198                __reset_hardware
 .text.SystemInit
                0x00000000080021bc       0x40 ./system/src/cmsis/system_stm32f4xx.o
                0x00000000080021bc                SystemInit
 .text.SystemCoreClockUpdate
                0x00000000080021fc       0xa0 ./system/src/cmsis/system_stm32f4xx.o
                0x00000000080021fc                SystemCoreClockUpdate
 .text.MX_CAN1_Init
                0x000000000800229c       0x88 ./src/PtCan_Can.o
                0x000000000800229c                MX_CAN1_Init
 .text.HAL_CAN_RxCpltCallback
                0x0000000008002324       0xfc ./src/PtCan_Can.o
                0x0000000008002324                HAL_CAN_RxCpltCallback
 .text.PtCan_Can1ActivReceiveIT
                0x0000000008002420       0x18 ./src/PtCan_Can.o
                0x0000000008002420                PtCan_Can1ActivReceiveIT
 .text.PtCan_Can1Sleep
                0x0000000008002438       0x14 ./src/PtCan_Can.o
                0x0000000008002438                PtCan_Can1Sleep
 .text.PtCan_Can1WU
                0x000000000800244c       0x14 ./src/PtCan_Can.o
                0x000000000800244c                PtCan_Can1WU
 .text.Error_Handler_CANR
                0x0000000008002460       0x20 ./src/PtCan_ErrHandling.o
                0x0000000008002460                Error_Handler_CANR
 .text.Error_Handler_fats
                0x0000000008002480       0x20 ./src/PtCan_ErrHandling.o
                0x0000000008002480                Error_Handler_fats
 .text.Error_Handler
                0x00000000080024a0       0x20 ./src/PtCan_ErrHandling.o
                0x00000000080024a0                Error_Handler
 .text.PtCan_SdStorage_openFile
                0x00000000080024c0       0x18 ./src/PtCan_SdStorage.o
 .text.PtCan_SdStorage_closeFile
                0x00000000080024d8       0x14 ./src/PtCan_SdStorage.o
 .text.PtCan_SdStorage_sendData
                0x00000000080024ec       0x84 ./src/PtCan_SdStorage.o
 .text.PtCan_SdStorage_storeSD
                0x0000000008002570       0x90 ./src/PtCan_SdStorage.o
                0x0000000008002570                PtCan_SdStorage_storeSD
 .text.PtCan_SdStorage_storeRAM
                0x0000000008002600      0x19c ./src/PtCan_SdStorage.o
                0x0000000008002600                PtCan_SdStorage_storeRAM
 .text.PtCan_initMemory
                0x000000000800279c       0x80 ./src/PtCan_SdStorage.o
                0x000000000800279c                PtCan_initMemory
 .text.PtCan_SdStorage_SDMount
                0x000000000800281c       0x34 ./src/PtCan_SdStorage.o
                0x000000000800281c                PtCan_SdStorage_SDMount
 .text.PtCan_SdStorage_getStorageState
                0x0000000008002850        0xc ./src/PtCan_SdStorage.o
                0x0000000008002850                PtCan_SdStorage_getStorageState
 .text.PtCan_SdStorage_setStorageState
                0x000000000800285c        0xc ./src/PtCan_SdStorage.o
                0x000000000800285c                PtCan_SdStorage_setStorageState
 .text.MX_TIM2_Init
                0x0000000008002868       0x24 ./src/PtCan_Tim.o
                0x0000000008002868                MX_TIM2_Init
 .text.MX_TIM3_Init
                0x000000000800288c       0x28 ./src/PtCan_Tim.o
                0x000000000800288c                MX_TIM3_Init
 .text.PtCan_Tim_SetState
                0x00000000080028b4       0x4c ./src/PtCan_Tim.o
                0x00000000080028b4                PtCan_Tim_SetState
 .text.HAL_TIM_PeriodElapsedCallback
                0x0000000008002900       0x50 ./src/PtCan_Tim.o
                0x0000000008002900                HAL_TIM_PeriodElapsedCallback
 .text.PtCan_Tim_GetCounter
                0x0000000008002950        0xc ./src/PtCan_Tim.o
                0x0000000008002950                PtCan_Tim_GetCounter
 .text.PtCan_Tim_ResetCounter
                0x000000000800295c        0xc ./src/PtCan_Tim.o
                0x000000000800295c                PtCan_Tim_ResetCounter
 .text.BSP_LED_Init
                0x0000000008002968       0xa4 ./src/led_button.o
                0x0000000008002968                BSP_LED_Init
 .text.BSP_LED_Toggle
                0x0000000008002a0c       0x1c ./src/led_button.o
                0x0000000008002a0c                BSP_LED_Toggle
 .text.BSP_LED_On
                0x0000000008002a28       0x20 ./src/led_button.o
                0x0000000008002a28                BSP_LED_On
 .text.BSP_LED_Off
                0x0000000008002a48       0x20 ./src/led_button.o
                0x0000000008002a48                BSP_LED_Off
 .text.BSP_PB_Init
                0x0000000008002a68       0x7c ./src/led_button.o
                0x0000000008002a68                BSP_PB_Init
 .text.set_button_state
                0x0000000008002ae4        0xc ./src/led_button.o
                0x0000000008002ae4                set_button_state
 .text.reset_button_state
                0x0000000008002af0        0xc ./src/led_button.o
                0x0000000008002af0                reset_button_state
 .text.get_button_state
                0x0000000008002afc        0xc ./src/led_button.o
                0x0000000008002afc                get_button_state
 .text.HAL_GPIO_EXTI_Callback
                0x0000000008002b08       0x28 ./src/led_button.o
                0x0000000008002b08                HAL_GPIO_EXTI_Callback
 .text.SystemClock_Config
                0x0000000008002b30       0xa4 ./src/main.o
 .text.main_StartStorage
                0x0000000008002bd4       0x3c ./src/main.o
 .text.main_StopStorage
                0x0000000008002c10       0x28 ./src/main.o
 .text.MX_GPIO_Init
                0x0000000008002c38       0x30 ./src/main.o
                0x0000000008002c38                MX_GPIO_Init
 .text.main_InitMcu
                0x0000000008002c68       0x44 ./src/main.o
 .text.main     0x0000000008002cac       0x34 ./src/main.o
                0x0000000008002cac                main
 .text.HAL_MspInit
                0x0000000008002ce0       0x18 ./src/stm32f4xx_hal_msp.o
                0x0000000008002ce0                HAL_MspInit
 .text.HAL_CAN_MspInit
                0x0000000008002cf8      0x100 ./src/stm32f4xx_hal_msp.o
                0x0000000008002cf8                HAL_CAN_MspInit
 .text.HAL_TIM_Base_MspInit
                0x0000000008002df8       0x6c ./src/stm32f4xx_hal_msp.o
                0x0000000008002df8                HAL_TIM_Base_MspInit
 .text.SysTick_Handler
                0x0000000008002e64        0xc ./src/stm32f4xx_it.o
                0x0000000008002e64                SysTick_Handler
 .text.CAN1_RX0_IRQHandler
                0x0000000008002e70       0x10 ./src/stm32f4xx_it.o
                0x0000000008002e70                CAN1_RX0_IRQHandler
 .text.CAN2_TX_IRQHandler
                0x0000000008002e80       0x10 ./src/stm32f4xx_it.o
                0x0000000008002e80                CAN2_TX_IRQHandler
 .text.EXTI0_IRQHandler
                0x0000000008002e90        0xc ./src/stm32f4xx_it.o
                0x0000000008002e90                EXTI0_IRQHandler
 .text.TIM2_IRQHandler
                0x0000000008002e9c       0x14 ./src/stm32f4xx_it.o
                0x0000000008002e9c                TIM2_IRQHandler
 .text.TIM3_IRQHandler
                0x0000000008002eb0       0x14 ./src/stm32f4xx_it.o
                0x0000000008002eb0                TIM3_IRQHandler
 .text.TM_FATFS_USBFS_disk_initialize
                0x0000000008002ec4        0x4 ./TM/diskio.o
                0x0000000008002ec4                TM_FATFS_USBFS_disk_initialize
 .text.TM_FATFS_USBHS_disk_initialize
                0x0000000008002ec8        0x4 ./TM/diskio.o
                0x0000000008002ec8                TM_FATFS_USBHS_disk_initialize
 .text.TM_FATFS_SDRAM_disk_initialize
                0x0000000008002ecc        0x4 ./TM/diskio.o
                0x0000000008002ecc                TM_FATFS_SDRAM_disk_initialize
 .text.TM_FATFS_SPI_FLASH_disk_initialize
                0x0000000008002ed0        0x4 ./TM/diskio.o
                0x0000000008002ed0                TM_FATFS_SPI_FLASH_disk_initialize
 .text.TM_FATFS_USBFS_disk_status
                0x0000000008002ed4        0x4 ./TM/diskio.o
                0x0000000008002ed4                TM_FATFS_USBFS_disk_status
 .text.TM_FATFS_USBHS_disk_status
                0x0000000008002ed8        0x4 ./TM/diskio.o
                0x0000000008002ed8                TM_FATFS_USBHS_disk_status
 .text.TM_FATFS_SDRAM_disk_status
                0x0000000008002edc        0x4 ./TM/diskio.o
                0x0000000008002edc                TM_FATFS_SDRAM_disk_status
 .text.TM_FATFS_SPI_FLASH_disk_status
                0x0000000008002ee0        0x4 ./TM/diskio.o
                0x0000000008002ee0                TM_FATFS_SPI_FLASH_disk_status
 .text.TM_FATFS_USBFS_disk_ioctl
                0x0000000008002ee4        0x4 ./TM/diskio.o
                0x0000000008002ee4                TM_FATFS_USBFS_disk_ioctl
 .text.TM_FATFS_USBHS_disk_ioctl
                0x0000000008002ee8        0x4 ./TM/diskio.o
                0x0000000008002ee8                TM_FATFS_USBHS_disk_ioctl
 .text.TM_FATFS_SDRAM_disk_ioctl
                0x0000000008002eec        0x4 ./TM/diskio.o
                0x0000000008002eec                TM_FATFS_SDRAM_disk_ioctl
 .text.TM_FATFS_SPI_FLASH_disk_ioctl
                0x0000000008002ef0        0x4 ./TM/diskio.o
                0x0000000008002ef0                TM_FATFS_SPI_FLASH_disk_ioctl
 .text.TM_FATFS_USBFS_disk_read
                0x0000000008002ef4        0x4 ./TM/diskio.o
                0x0000000008002ef4                TM_FATFS_USBFS_disk_read
 .text.TM_FATFS_USBHS_disk_read
                0x0000000008002ef8        0x4 ./TM/diskio.o
                0x0000000008002ef8                TM_FATFS_USBHS_disk_read
 .text.TM_FATFS_SDRAM_disk_read
                0x0000000008002efc        0x4 ./TM/diskio.o
                0x0000000008002efc                TM_FATFS_SDRAM_disk_read
 .text.TM_FATFS_SPI_FLASH_disk_read
                0x0000000008002f00        0x4 ./TM/diskio.o
                0x0000000008002f00                TM_FATFS_SPI_FLASH_disk_read
 .text.TM_FATFS_USBFS_disk_write
                0x0000000008002f04        0x4 ./TM/diskio.o
                0x0000000008002f04                TM_FATFS_USBFS_disk_write
 .text.TM_FATFS_USBHS_disk_write
                0x0000000008002f08        0x4 ./TM/diskio.o
                0x0000000008002f08                TM_FATFS_USBHS_disk_write
 .text.TM_FATFS_SDRAM_disk_write
                0x0000000008002f0c        0x4 ./TM/diskio.o
                0x0000000008002f0c                TM_FATFS_SDRAM_disk_write
 .text.TM_FATFS_SPI_FLASH_disk_write
                0x0000000008002f10        0x4 ./TM/diskio.o
                0x0000000008002f10                TM_FATFS_SPI_FLASH_disk_write
 .text.disk_initialize
                0x0000000008002f14       0x1c ./TM/diskio.o
                0x0000000008002f14                disk_initialize
 .text.disk_status
                0x0000000008002f30       0x1c ./TM/diskio.o
                0x0000000008002f30                disk_status
 .text.disk_read
                0x0000000008002f4c       0x30 ./TM/diskio.o
                0x0000000008002f4c                disk_read
 .text.disk_write
                0x0000000008002f7c       0x30 ./TM/diskio.o
                0x0000000008002f7c                disk_write
 .text.disk_ioctl
                0x0000000008002fac       0x20 ./TM/diskio.o
                0x0000000008002fac                disk_ioctl
 .text.get_fattime
                0x0000000008002fcc        0x8 ./TM/diskio.o
                0x0000000008002fcc                get_fattime
 .text.TM_SPI_Send
                0x0000000008002fd4       0x34 ./TM/fatfs_sd.o
 .text.SDCARD_IsDetected
                0x0000000008003008        0x4 ./TM/fatfs_sd.o
 .text.SDCARD_IsWriteEnabled
                0x000000000800300c        0x4 ./TM/fatfs_sd.o
 .text.init_spi
                0x0000000008003010       0x28 ./TM/fatfs_sd.o
 .text.rcvr_spi_multi
                0x0000000008003038       0x14 ./TM/fatfs_sd.o
 .text.xmit_spi_multi
                0x000000000800304c       0x14 ./TM/fatfs_sd.o
 .text.wait_ready
                0x0000000008003060       0x64 ./TM/fatfs_sd.o
 .text.deselect
                0x00000000080030c4       0x50 ./TM/fatfs_sd.o
 .text.select   0x0000000008003114       0x68 ./TM/fatfs_sd.o
 .text.xmit_datablock
                0x000000000800317c      0x134 ./TM/fatfs_sd.o
 .text.rcvr_datablock
                0x00000000080032b0       0xe8 ./TM/fatfs_sd.o
 .text.send_cmd
                0x0000000008003398      0x248 ./TM/fatfs_sd.o
 .text.TM_FATFS_InitPins
                0x00000000080035e0       0x20 ./TM/fatfs_sd.o
                0x00000000080035e0                TM_FATFS_InitPins
 .text.TM_FATFS_SD_disk_initialize
                0x0000000008003600      0x1e8 ./TM/fatfs_sd.o
                0x0000000008003600                TM_FATFS_SD_disk_initialize
 .text.TM_FATFS_SD_disk_status
                0x00000000080037e8       0x34 ./TM/fatfs_sd.o
                0x00000000080037e8                TM_FATFS_SD_disk_status
 .text.TM_FATFS_SD_disk_read
                0x000000000800381c       0x88 ./TM/fatfs_sd.o
                0x000000000800381c                TM_FATFS_SD_disk_read
 .text.TM_FATFS_SD_disk_write
                0x00000000080038a4       0xb4 ./TM/fatfs_sd.o
                0x00000000080038a4                TM_FATFS_SD_disk_write
 .text.TM_FATFS_SD_disk_ioctl
                0x0000000008003958      0x2a8 ./TM/fatfs_sd.o
                0x0000000008003958                TM_FATFS_SD_disk_ioctl
 .text.mem_cpy  0x0000000008003c00       0x14 ./TM/ff.o
 .text.mem_set  0x0000000008003c14       0x10 ./TM/ff.o
 .text.mem_cmp  0x0000000008003c24       0x24 ./TM/ff.o
 .text.chk_chr  0x0000000008003c48       0x14 ./TM/ff.o
 .text.chk_lock
                0x0000000008003c5c       0x84 ./TM/ff.o
 .text.enq_lock
                0x0000000008003ce0       0x24 ./TM/ff.o
 .text.inc_lock
                0x0000000008003d04       0xc4 ./TM/ff.o
 .text.dec_lock
                0x0000000008003dc8       0x48 ./TM/ff.o
 .text.clear_lock
                0x0000000008003e10       0x30 ./TM/ff.o
 .text.ld_clust
                0x0000000008003e40       0x20 ./TM/ff.o
 .text.st_clust
                0x0000000008003e60       0x14 ./TM/ff.o
 .text.fit_lfn  0x0000000008003e74       0x60 ./TM/ff.o
 .text.gen_numname
                0x0000000008003ed4       0xa0 ./TM/ff.o
 .text.sum_sfn  0x0000000008003f74       0x1c ./TM/ff.o
 .text.get_ldnumber
                0x0000000008003f90       0xb4 ./TM/ff.o
 .text.sync_window
                0x0000000008004044       0x54 ./TM/ff.o
 .text.move_window
                0x0000000008004098       0x34 ./TM/ff.o
 .text.check_fs
                0x00000000080040cc       0x90 ./TM/ff.o
 .text.validate
                0x000000000800415c       0x38 ./TM/ff.o
 .text.find_volume
                0x0000000008004194      0x380 ./TM/ff.o
 .text.create_name
                0x0000000008004514      0x280 ./TM/ff.o
 .text.cmp_lfn  0x0000000008004794       0xac ./TM/ff.o
 .text.sync_fs  0x0000000008004840       0xbc ./TM/ff.o
 .text.clust2sect
                0x00000000080048fc       0x18 ./TM/ff.o
                0x00000000080048fc                clust2sect
 .text.get_fat  0x0000000008004914       0xec ./TM/ff.o
                0x0000000008004914                get_fat
 .text.dir_sdi  0x0000000008004a00       0x94 ./TM/ff.o
 .text.put_fat  0x0000000008004a94      0x128 ./TM/ff.o
                0x0000000008004a94                put_fat
 .text.create_chain
                0x0000000008004bbc       0xb8 ./TM/ff.o
 .text.dir_next
                0x0000000008004c74      0x120 ./TM/ff.o
 .text.dir_find
                0x0000000008004d94       0xe4 ./TM/ff.o
 .text.follow_path
                0x0000000008004e78       0xa4 ./TM/ff.o
 .text.dir_alloc
                0x0000000008004f1c       0x4c ./TM/ff.o
 .text.dir_register
                0x0000000008004f68      0x12c ./TM/ff.o
 .text.remove_chain
                0x0000000008005094       0x68 ./TM/ff.o
 .text.f_mount  0x00000000080050fc       0x60 ./TM/ff.o
                0x00000000080050fc                f_mount
 .text.f_open   0x000000000800515c      0x1e0 ./TM/ff.o
                0x000000000800515c                f_open
 .text.f_write  0x000000000800533c      0x1b0 ./TM/ff.o
                0x000000000800533c                f_write
 .text.f_sync   0x00000000080054ec       0xa0 ./TM/ff.o
                0x00000000080054ec                f_sync
 .text.f_close  0x000000000800558c       0x28 ./TM/ff.o
                0x000000000800558c                f_close
 .text.f_lseek  0x00000000080055b4      0x160 ./TM/ff.o
                0x00000000080055b4                f_lseek
 .text.ff_memalloc
                0x0000000008005714        0x8 ./TM/syscall.o
                0x0000000008005714                ff_memalloc
 .text.ff_memfree
                0x000000000800571c        0x8 ./TM/syscall.o
                0x000000000800571c                ff_memfree
 .text.TM_DELAY_Init
                0x0000000008005724       0x3c ./TM/tm_stm32_delay.o
                0x0000000008005724                TM_DELAY_Init
 .text.TM_DELAY_1msHandler
                0x0000000008005760        0x4 ./TM/tm_stm32_delay.o
                0x0000000008005760                TM_DELAY_1msHandler
 .text.HAL_IncTick
                0x0000000008005764       0x84 ./TM/tm_stm32_delay.o
                0x0000000008005764                HAL_IncTick
 .text.HAL_GetTick
                0x00000000080057e8        0xc ./TM/tm_stm32_delay.o
                0x00000000080057e8                HAL_GetTick
 .text.HAL_Delay
                0x00000000080057f4       0x34 ./TM/tm_stm32_delay.o
                0x00000000080057f4                HAL_Delay
 .text.TM_GPIO_GetPortSource
                0x0000000008005828       0x10 ./TM/tm_stm32_gpio.o
                0x0000000008005828                TM_GPIO_GetPortSource
 .text.TM_GPIO_INT_EnableClock
                0x0000000008005838       0x1c ./TM/tm_stm32_gpio.o
                0x0000000008005838                TM_GPIO_INT_EnableClock
 .text.TM_GPIO_INT_Init
                0x0000000008005854       0xb8 ./TM/tm_stm32_gpio.o
                0x0000000008005854                TM_GPIO_INT_Init
 .text.TM_GPIO_Init
                0x000000000800590c       0x30 ./TM/tm_stm32_gpio.o
                0x000000000800590c                TM_GPIO_Init
 .text.TM_GPIO_InitAlternate
                0x000000000800593c       0x68 ./TM/tm_stm32_gpio.o
                0x000000000800593c                TM_GPIO_InitAlternate
 .text.TM_SPI_WriteMulti
                0x00000000080059a4       0x44 ./TM/tm_stm32_spi.o
                0x00000000080059a4                TM_SPI_WriteMulti
 .text.TM_SPI_ReadMulti
                0x00000000080059e8       0x40 ./TM/tm_stm32_spi.o
                0x00000000080059e8                TM_SPI_ReadMulti
 .text.TM_SPI_InitCustomPinsCallback
                0x0000000008005a28        0x4 ./TM/tm_stm32_spi.o
                0x0000000008005a28                TM_SPI_InitCustomPinsCallback
 .text.TM_SPI1_INT_InitPins
                0x0000000008005a2c       0x50 ./TM/tm_stm32_spi.o
                0x0000000008005a2c                TM_SPI1_INT_InitPins
 .text.TM_SPI2_INT_InitPins
                0x0000000008005a7c       0xb0 ./TM/tm_stm32_spi.o
                0x0000000008005a7c                TM_SPI2_INT_InitPins
 .text.TM_SPI3_INT_InitPins
                0x0000000008005b2c       0x54 ./TM/tm_stm32_spi.o
                0x0000000008005b2c                TM_SPI3_INT_InitPins
 .text.TM_SPIx_Init
                0x0000000008005b80       0xfc ./TM/tm_stm32_spi.o
 .text.TM_SPI_Init
                0x0000000008005c7c       0x64 ./TM/tm_stm32_spi.o
                0x0000000008005c7c                TM_SPI_Init
 .text.ff_convert
                0x0000000008005ce0       0x3c ./TM/unicode.o
                0x0000000008005ce0                ff_convert
 .text.ff_wtoupper
                0x0000000008005d1c       0x50 ./TM/unicode.o
                0x0000000008005d1c                ff_wtoupper
 .text.__errno  0x0000000008005d6c        0xc c:/stm32_toolchain/gcc-arm-none-eabi-5_3-151225/bin/../lib/gcc/arm-none-eabi/5.3.1/../../../../arm-none-eabi/lib/armv7e-m\libg_nano.a(lib_a-errno.o)
                0x0000000008005d6c                __errno
 .text.malloc   0x0000000008005d78       0x10 c:/stm32_toolchain/gcc-arm-none-eabi-5_3-151225/bin/../lib/gcc/arm-none-eabi/5.3.1/../../../../arm-none-eabi/lib/armv7e-m\libg_nano.a(lib_a-malloc.o)
                0x0000000008005d78                malloc
 .text.free     0x0000000008005d88       0x10 c:/stm32_toolchain/gcc-arm-none-eabi-5_3-151225/bin/../lib/gcc/arm-none-eabi/5.3.1/../../../../arm-none-eabi/lib/armv7e-m\libg_nano.a(lib_a-malloc.o)
                0x0000000008005d88                free
 .text._free_r  0x0000000008005d98       0x8c c:/stm32_toolchain/gcc-arm-none-eabi-5_3-151225/bin/../lib/gcc/arm-none-eabi/5.3.1/../../../../arm-none-eabi/lib/armv7e-m\libg_nano.a(lib_a-nano-freer.o)
                0x0000000008005d98                _free_r
 .text._malloc_r
                0x0000000008005e24       0xa8 c:/stm32_toolchain/gcc-arm-none-eabi-5_3-151225/bin/../lib/gcc/arm-none-eabi/5.3.1/../../../../arm-none-eabi/lib/armv7e-m\libg_nano.a(lib_a-nano-mallocr.o)
                0x0000000008005e24                _malloc_r
 .text._sbrk_r  0x0000000008005ecc       0x20 c:/stm32_toolchain/gcc-arm-none-eabi-5_3-151225/bin/../lib/gcc/arm-none-eabi/5.3.1/../../../../arm-none-eabi/lib/armv7e-m\libg_nano.a(lib_a-sbrkr.o)
                0x0000000008005ecc                _sbrk_r
 .text.sprintf  0x0000000008005eec       0x48 c:/stm32_toolchain/gcc-arm-none-eabi-5_3-151225/bin/../lib/gcc/arm-none-eabi/5.3.1/../../../../arm-none-eabi/lib/armv7e-m\libg_nano.a(lib_a-sprintf.o)
                0x0000000008005eec                siprintf
                0x0000000008005eec                sprintf
 .text.__ssputs_r
                0x0000000008005f34       0xb2 c:/stm32_toolchain/gcc-arm-none-eabi-5_3-151225/bin/../lib/gcc/arm-none-eabi/5.3.1/../../../../arm-none-eabi/lib/armv7e-m\libg_nano.a(lib_a-nano-svfprintf.o)
                0x0000000008005f34                __ssputs_r
 *fill*         0x0000000008005fe6        0x2 
 .text._svfprintf_r
                0x0000000008005fe8      0x1e8 c:/stm32_toolchain/gcc-arm-none-eabi-5_3-151225/bin/../lib/gcc/arm-none-eabi/5.3.1/../../../../arm-none-eabi/lib/armv7e-m\libg_nano.a(lib_a-nano-svfprintf.o)
                0x0000000008005fe8                _svfiprintf_r
                0x0000000008005fe8                _svfprintf_r
 .text._printf_common
                0x00000000080061d0       0xec c:/stm32_toolchain/gcc-arm-none-eabi-5_3-151225/bin/../lib/gcc/arm-none-eabi/5.3.1/../../../../arm-none-eabi/lib/armv7e-m\libg_nano.a(lib_a-nano-vfprintf_i.o)
                0x00000000080061d0                _printf_common
 .text._printf_i
                0x00000000080062bc      0x24c c:/stm32_toolchain/gcc-arm-none-eabi-5_3-151225/bin/../lib/gcc/arm-none-eabi/5.3.1/../../../../arm-none-eabi/lib/armv7e-m\libg_nano.a(lib_a-nano-vfprintf_i.o)
                0x00000000080062bc                _printf_i
 *fill*         0x0000000008006508        0x8 
 .text          0x0000000008006510       0xa0 c:/stm32_toolchain/gcc-arm-none-eabi-5_3-151225/bin/../lib/gcc/arm-none-eabi/5.3.1/../../../../arm-none-eabi/lib/armv7e-m\libg_nano.a(lib_a-memchr.o)
                0x0000000008006510                memchr
 .text.memcpy   0x00000000080065b0       0x16 c:/stm32_toolchain/gcc-arm-none-eabi-5_3-151225/bin/../lib/gcc/arm-none-eabi/5.3.1/../../../../arm-none-eabi/lib/armv7e-m\libg_nano.a(lib_a-memcpy-stub.o)
                0x00000000080065b0                memcpy
 .text.memmove  0x00000000080065c6       0x36 c:/stm32_toolchain/gcc-arm-none-eabi-5_3-151225/bin/../lib/gcc/arm-none-eabi/5.3.1/../../../../arm-none-eabi/lib/armv7e-m\libg_nano.a(lib_a-memmove.o)
                0x00000000080065c6                memmove
 .text._realloc_r
                0x00000000080065fc       0x4c c:/stm32_toolchain/gcc-arm-none-eabi-5_3-151225/bin/../lib/gcc/arm-none-eabi/5.3.1/../../../../arm-none-eabi/lib/armv7e-m\libg_nano.a(lib_a-nano-reallocr.o)
                0x00000000080065fc                _realloc_r
 .text._malloc_usable_size_r
                0x0000000008006648       0x14 c:/stm32_toolchain/gcc-arm-none-eabi-5_3-151225/bin/../lib/gcc/arm-none-eabi/5.3.1/../../../../arm-none-eabi/lib/armv7e-m\libg_nano.a(lib_a-nano-msizer.o)
                0x0000000008006648                _malloc_usable_size_r
 *(.rodata .rodata.* .constdata .constdata.*)
 .rodata.str1.4
                0x000000000800665c       0x2e ./system/src/stm32f4-hal/stm32f4xx_hal_can.o
 *fill*         0x000000000800668a        0x2 
 .rodata.str1.4
                0x000000000800668c       0x31 ./system/src/stm32f4-hal/stm32f4xx_hal_cortex.o
 *fill*         0x00000000080066bd        0x3 
 .rodata.str1.4
                0x00000000080066c0       0x2f ./system/src/stm32f4-hal/stm32f4xx_hal_gpio.o
 *fill*         0x00000000080066ef        0x1 
 .rodata.APBAHBPrescTable
                0x00000000080066f0       0x10 ./system/src/stm32f4-hal/stm32f4xx_hal_rcc.o
                0x00000000080066f0                APBAHBPrescTable
 .rodata.str1.4
                0x0000000008006700       0x2e ./system/src/stm32f4-hal/stm32f4xx_hal_rcc.o
 *fill*         0x000000000800672e        0x2 
 .rodata.str1.4
                0x0000000008006730       0x2e ./system/src/stm32f4-hal/stm32f4xx_hal_spi.o
 *fill*         0x000000000800675e        0x2 
 .rodata.str1.4
                0x0000000008006760       0x2e ./system/src/stm32f4-hal/stm32f4xx_hal_tim.o
 *fill*         0x000000000800678e        0x2 
 .rodata.AHBPrescTable
                0x0000000008006790       0x10 ./system/src/cmsis/system_stm32f4xx.o
                0x0000000008006790                AHBPrescTable
 .rodata.str1.4
                0x00000000080067a0        0x4 ./src/PtCan_ErrHandling.o
 .rodata.str1.4
                0x00000000080067a4       0x70 ./src/PtCan_SdStorage.o
                                         0x74 (size before relaxing)
 .rodata.GPIO_PIN
                0x0000000008006814        0x8 ./src/led_button.o
                0x0000000008006814                GPIO_PIN
 .rodata.ExCvt  0x000000000800681c       0x80 ./TM/ff.o
 .rodata.str1.4
                0x000000000800689c       0xa0 ./TM/ff.o
                                         0x9e (size before relaxing)
 .rodata.LfnOfs
                0x000000000800693c        0xd ./TM/ff.o
 *fill*         0x0000000008006949        0x3 
 .rodata.str.4426
                0x000000000800694c       0x24 ./TM/ff.o
 .rodata.lower.3901
                0x0000000008006970      0x3dc ./TM/unicode.o
 .rodata.Tbl    0x0000000008006d4c      0x100 ./TM/unicode.o
 .rodata.upper.3902
                0x0000000008006e4c      0x3dc ./TM/unicode.o
 .rodata.str1.1
                0x0000000008007228        0x2 c:/stm32_toolchain/gcc-arm-none-eabi-5_3-151225/bin/../lib/gcc/arm-none-eabi/5.3.1/../../../../arm-none-eabi/lib/armv7e-m\libg_nano.a(lib_a-impure.o)
 .rodata.str1.1
                0x000000000800722a       0x11 c:/stm32_toolchain/gcc-arm-none-eabi-5_3-151225/bin/../lib/gcc/arm-none-eabi/5.3.1/../../../../arm-none-eabi/lib/armv7e-m\libg_nano.a(lib_a-nano-svfprintf.o)
 .rodata.str1.1
                0x000000000800723b       0x22 c:/stm32_toolchain/gcc-arm-none-eabi-5_3-151225/bin/../lib/gcc/arm-none-eabi/5.3.1/../../../../arm-none-eabi/lib/armv7e-m\libg_nano.a(lib_a-nano-vfprintf_i.o)
 *(vtable)
 *(.eh_frame*)
 *(.glue_7)
 .glue_7        0x000000000800725d        0x0 linker stubs
 *(.glue_7t)
 .glue_7t       0x000000000800725d        0x0 linker stubs

.vfp11_veneer   0x0000000008007260        0x0
 .vfp11_veneer  0x0000000008007260        0x0 linker stubs

.v4_bx          0x0000000008007260        0x0
 .v4_bx         0x0000000008007260        0x0 linker stubs

.iplt           0x0000000008007260        0x0
 .iplt          0x0000000008007260        0x0 ./system/src/stm32f4-hal/stm32f4xx_hal.o

.rel.dyn        0x0000000008007260        0x0
 .rel.iplt      0x0000000008007260        0x0 ./system/src/stm32f4-hal/stm32f4xx_hal.o

.ARM.extab
 *(.ARM.extab* .gnu.linkonce.armextab.*)
                0x0000000008007260                . = ALIGN (0x4)
                0x0000000008007260                __exidx_start = .

.ARM.exidx
 *(.ARM.exidx* .gnu.linkonce.armexidx.*)
                0x0000000008007260                __exidx_end = .
                0x0000000008007260                . = ALIGN (0x4)
                0x0000000008007260                _etext = .
                0x0000000008007260                __etext = .

.data_CCMRAM    0x0000000010000000        0x0 load address 0x0000000008007260
 FILL mask 0xff
 *(.data.CCMRAM .data.CCMRAM.*)
                0x0000000010000000                . = ALIGN (0x4)
                0x0000000008007260                _sidata = LOADADDR (.data)

.data           0x0000000020000000      0x144 load address 0x0000000008007260
 FILL mask 0xff
                0x0000000020000000                _sdata = .
                0x0000000020000000                __data_start__ = .
 *(.data_begin .data_begin.*)
 .data_begin    0x0000000020000000        0x4 ./system/src/newlib/_startup.o
 *(.data .data.*)
 .data.argv.4238
                0x0000000020000004        0x8 ./system/src/newlib/_syscalls.o
 .data.SystemCoreClock
                0x000000002000000c        0x4 ./system/src/cmsis/system_stm32f4xx.o
                0x000000002000000c                SystemCoreClock
 .data.GPIO_PORT
                0x0000000020000010       0x10 ./src/led_button.o
                0x0000000020000010                GPIO_PORT
 .data.BUTTON_PORT
                0x0000000020000020        0x4 ./src/led_button.o
                0x0000000020000020                BUTTON_PORT
 .data.FATFS_LowLevelDrivers
                0x0000000020000024       0xb4 ./TM/diskio.o
                0x0000000020000024                FATFS_LowLevelDrivers
 .data.TM_FATFS_SD_Stat
                0x00000000200000d8        0x1 ./TM/fatfs_sd.o
 *fill*         0x00000000200000d9        0x3 ff
 .data.impure_data
                0x00000000200000dc       0x60 c:/stm32_toolchain/gcc-arm-none-eabi-5_3-151225/bin/../lib/gcc/arm-none-eabi/5.3.1/../../../../arm-none-eabi/lib/armv7e-m\libg_nano.a(lib_a-impure.o)
 .data._impure_ptr
                0x000000002000013c        0x4 c:/stm32_toolchain/gcc-arm-none-eabi-5_3-151225/bin/../lib/gcc/arm-none-eabi/5.3.1/../../../../arm-none-eabi/lib/armv7e-m\libg_nano.a(lib_a-impure.o)
                0x000000002000013c                _impure_ptr
 *(.data_end .data_end.*)
 .data_end      0x0000000020000140        0x4 ./system/src/newlib/_startup.o
                0x0000000020000144                . = ALIGN (0x4)
                0x0000000020000144                _edata = .
                0x0000000020000144                __data_end__ = .

.igot.plt       0x0000000020000144        0x0 load address 0x00000000080073a4
 .igot.plt      0x0000000020000144        0x0 ./system/src/stm32f4-hal/stm32f4xx_hal.o

.bss_CCMRAM     0x0000000010000000        0x0
 *(.bss.CCMRAM .bss.CCMRAM.*)

.bss            0x0000000020000144     0x1d4c
                0x0000000020000144                __bss_start__ = .
                0x0000000020000144                _sbss = .
 *(.bss_begin .bss_begin.*)
 .bss_begin     0x0000000020000144        0x4 ./system/src/newlib/_startup.o
 *(.bss .bss.*)
 .bss.current_heap_end.3921
                0x0000000020000148        0x4 ./system/src/newlib/_sbrk.o
 .bss.name.4237
                0x000000002000014c        0x1 ./system/src/newlib/_syscalls.o
 *fill*         0x000000002000014d        0x1 
 .bss.vehicle_speed
                0x000000002000014e        0x2 ./src/PtCan_Can.o
 .bss.left_wheel_speed
                0x0000000020000150        0x2 ./src/PtCan_Can.o
 .bss.trq_eng_in3
                0x0000000020000152        0x2 ./src/PtCan_Can.o
 .bss.RxMessage
                0x0000000020000154       0x24 ./src/PtCan_Can.o
 .bss.trq_eng_in1
                0x0000000020000178        0x2 ./src/PtCan_Can.o
 *fill*         0x000000002000017a        0x2 
 .bss.arr2SD    0x000000002000017c     0x1000 ./src/PtCan_SdStorage.o
 .bss.save_files
                0x000000002000117c        0x1 ./src/PtCan_SdStorage.o
 *fill*         0x000000002000117d        0x3 
 .bss.fil_torque1
                0x0000000020001180      0x228 ./src/PtCan_SdStorage.o
 .bss.fil_torque3
                0x00000000200013a8      0x228 ./src/PtCan_SdStorage.o
 .bss.fil_gesch_wheel
                0x00000000200015d0      0x228 ./src/PtCan_SdStorage.o
 .bss.fil_gesch_car
                0x00000000200017f8      0x228 ./src/PtCan_SdStorage.o
 .bss.cantrans_sdstor_init
                0x0000000020001a20        0x1 ./src/PtCan_SdStorage.o
 *fill*         0x0000000020001a21        0x3 
 .bss.counter   0x0000000020001a24        0x4 ./src/PtCan_Tim.o
 .bss.button    0x0000000020001a28        0x1 ./src/led_button.o
 .bss.program_start
                0x0000000020001a29        0x1 ./src/main.o
 *fill*         0x0000000020001a2a        0x2 
 .bss.CAN2_CLK_ENABLED
                0x0000000020001a2c        0x4 ./src/stm32f4xx_hal_msp.o
 .bss.CAN1_CLK_ENABLED
                0x0000000020001a30        0x4 ./src/stm32f4xx_hal_msp.o
 .bss.TM_FATFS_SD_CardType
                0x0000000020001a34        0x1 ./TM/fatfs_sd.o
 .bss.CurrVol   0x0000000020001a35        0x1 ./TM/ff.o
 *fill*         0x0000000020001a36        0x2 
 .bss.Files     0x0000000020001a38       0x78 ./TM/ff.o
 .bss.Fsid      0x0000000020001ab0        0x2 ./TM/ff.o
 *fill*         0x0000000020001ab2        0x2 
 .bss.FatFs     0x0000000020001ab4       0x24 ./TM/ff.o
 .bss.CustomTimers
                0x0000000020001ad8       0x18 ./TM/tm_stm32_delay.o
 .bss.TM_Time   0x0000000020001af0        0x4 ./TM/tm_stm32_delay.o
                0x0000000020001af0                TM_Time
 .bss.TM_Time2  0x0000000020001af4        0x4 ./TM/tm_stm32_delay.o
                0x0000000020001af4                TM_Time2
 .bss.GPIO_UsedPins
                0x0000000020001af8       0x1a ./TM/tm_stm32_gpio.o
 *fill*         0x0000000020001b12        0x2 
 .bss.__malloc_sbrk_start
                0x0000000020001b14        0x4 c:/stm32_toolchain/gcc-arm-none-eabi-5_3-151225/bin/../lib/gcc/arm-none-eabi/5.3.1/../../../../arm-none-eabi/lib/armv7e-m\libg_nano.a(lib_a-nano-mallocr.o)
                0x0000000020001b14                __malloc_sbrk_start
 .bss.__malloc_free_list
                0x0000000020001b18        0x4 c:/stm32_toolchain/gcc-arm-none-eabi-5_3-151225/bin/../lib/gcc/arm-none-eabi/5.3.1/../../../../arm-none-eabi/lib/armv7e-m\libg_nano.a(lib_a-nano-mallocr.o)
                0x0000000020001b18                __malloc_free_list
 *(COMMON)
 COMMON         0x0000000020001b1c        0x4 ./system/src/newlib/_syscalls.o
                0x0000000020001b1c                errno
 COMMON         0x0000000020001b20       0x80 ./src/PtCan_Can.o
                0x0000000020001b20                hcan2
                0x0000000020001b60                hcan1
 COMMON         0x0000000020001ba0      0x274 ./src/PtCan_SdStorage.o
                0x0000000020001ba0                FileDescriptorMap
                0x0000000020001be0                FS
 COMMON         0x0000000020001e14       0x78 ./src/PtCan_Tim.o
                0x0000000020001e14                htim3
                0x0000000020001e50                htim2
 *(.bss_end .bss_end.*)
 .bss_end       0x0000000020001e8c        0x4 ./system/src/newlib/_startup.o
                0x0000000020001e90                . = ALIGN (0x4)
                0x0000000020001e90                __bss_end__ = .
                0x0000000020001e90                _ebss = .

.noinit_CCMRAM
 *(.noinit.CCMRAM .noinit.CCMRAM.*)

.noinit         0x0000000020001e90        0x0
                0x0000000020001e90                _noinit = .
 *(.noinit .noinit.*)
                0x0000000020001e90                . = ALIGN (0x4)
                0x0000000020001e90                _end_noinit = .
                [!provide]                        PROVIDE (end, _end_noinit)
                [!provide]                        PROVIDE (_end, _end_noinit)
                [!provide]                        PROVIDE (__end, _end_noinit)
                [!provide]                        PROVIDE (__end__, _end_noinit)

._check_stack   0x0000000020001e90      0x100
                0x0000000020001f90                . = (. + _Minimum_Stack_Size)
 *fill*         0x0000000020001e90      0x100 

.b1text
 *(.b1text)
 *(.b1rodata)
 *(.b1rodata.*)

.eb0text
 *(.eb0text)
 *(.eb0rodata)
 *(.eb0rodata.*)

.eb1text
 *(.eb1text)
 *(.eb1rodata)
 *(.eb1rodata.*)

.eb2text
 *(.eb2text)
 *(.eb2rodata)
 *(.eb2rodata.*)

.eb3text
 *(.eb3text)
 *(.eb3rodata)
 *(.eb3rodata.*)

.stab
 *(.stab)

.stabstr
 *(.stabstr)

.stab.excl
 *(.stab.excl)

.stab.exclstr
 *(.stab.exclstr)

.stab.index
 *(.stab.index)

.stab.indexstr
 *(.stab.indexstr)

.comment        0x0000000000000000       0x5d
 *(.comment)
 .comment       0x0000000000000000       0x5d ./system/src/stm32f4-hal/stm32f4xx_hal.o
                                         0x5e (size before relaxing)
 .comment       0x000000000000005d       0x5e ./system/src/stm32f4-hal/stm32f4xx_hal_can.o
 .comment       0x000000000000005d       0x5e ./system/src/stm32f4-hal/stm32f4xx_hal_cortex.o
 .comment       0x000000000000005d       0x5e ./system/src/stm32f4-hal/stm32f4xx_hal_gpio.o
 .comment       0x000000000000005d       0x5e ./system/src/stm32f4-hal/stm32f4xx_hal_rcc.o
 .comment       0x000000000000005d       0x5e ./system/src/stm32f4-hal/stm32f4xx_hal_spi.o
 .comment       0x000000000000005d       0x5e ./system/src/stm32f4-hal/stm32f4xx_hal_tim.o
 .comment       0x000000000000005d       0x5e ./system/src/stm32f4-hal/stm32f4xx_hal_tim_ex.o
 .comment       0x000000000000005d       0x5e ./system/src/newlib/_exit.o
 .comment       0x000000000000005d       0x5e ./system/src/newlib/_sbrk.o
 .comment       0x000000000000005d       0x5e ./system/src/newlib/_startup.o
 .comment       0x000000000000005d       0x5e ./system/src/newlib/_syscalls.o
 .comment       0x000000000000005d       0x5e ./system/src/newlib/assert.o
 .comment       0x000000000000005d       0x5e ./system/src/cortexm/_initialize_hardware.o
 .comment       0x000000000000005d       0x5e ./system/src/cortexm/_reset_hardware.o
 .comment       0x000000000000005d       0x5e ./system/src/cortexm/exception_handlers.o
 .comment       0x000000000000005d       0x5e ./system/src/cmsis/system_stm32f4xx.o
 .comment       0x000000000000005d       0x5e ./system/src/cmsis/vectors_stm32f407xx.o
 .comment       0x000000000000005d       0x5e ./src/PtCan_Can.o
 .comment       0x000000000000005d       0x5e ./src/PtCan_ErrHandling.o
 .comment       0x000000000000005d       0x5e ./src/PtCan_SdStorage.o
 .comment       0x000000000000005d       0x5e ./src/PtCan_Tim.o
 .comment       0x000000000000005d       0x5e ./src/led_button.o
 .comment       0x000000000000005d       0x5e ./src/main.o
 .comment       0x000000000000005d       0x5e ./src/stm32f4xx_hal_msp.o
 .comment       0x000000000000005d       0x5e ./src/stm32f4xx_it.o
 .comment       0x000000000000005d       0x5e ./TM/diskio.o
 .comment       0x000000000000005d       0x5e ./TM/fatfs_sd.o
 .comment       0x000000000000005d       0x5e ./TM/ff.o
 .comment       0x000000000000005d       0x5e ./TM/syscall.o
 .comment       0x000000000000005d       0x5e ./TM/tm_stm32_delay.o
 .comment       0x000000000000005d       0x5e ./TM/tm_stm32_gpio.o
 .comment       0x000000000000005d       0x5e ./TM/tm_stm32_spi.o
 .comment       0x000000000000005d       0x5e ./TM/unicode.o
 .comment       0x000000000000005d       0x5e c:/stm32_toolchain/gcc-arm-none-eabi-5_3-151225/bin/../lib/gcc/arm-none-eabi/5.3.1/../../../../arm-none-eabi/lib/armv7e-m\libg_nano.a(lib_a-errno.o)
 .comment       0x000000000000005d       0x5e c:/stm32_toolchain/gcc-arm-none-eabi-5_3-151225/bin/../lib/gcc/arm-none-eabi/5.3.1/../../../../arm-none-eabi/lib/armv7e-m\libg_nano.a(lib_a-impure.o)
 .comment       0x000000000000005d       0x5e c:/stm32_toolchain/gcc-arm-none-eabi-5_3-151225/bin/../lib/gcc/arm-none-eabi/5.3.1/../../../../arm-none-eabi/lib/armv7e-m\libg_nano.a(lib_a-malloc.o)
 .comment       0x000000000000005d       0x5e c:/stm32_toolchain/gcc-arm-none-eabi-5_3-151225/bin/../lib/gcc/arm-none-eabi/5.3.1/../../../../arm-none-eabi/lib/armv7e-m\libg_nano.a(lib_a-nano-freer.o)
 .comment       0x000000000000005d       0x5e c:/stm32_toolchain/gcc-arm-none-eabi-5_3-151225/bin/../lib/gcc/arm-none-eabi/5.3.1/../../../../arm-none-eabi/lib/armv7e-m\libg_nano.a(lib_a-nano-mallocr.o)
 .comment       0x000000000000005d       0x5e c:/stm32_toolchain/gcc-arm-none-eabi-5_3-151225/bin/../lib/gcc/arm-none-eabi/5.3.1/../../../../arm-none-eabi/lib/armv7e-m\libg_nano.a(lib_a-sbrkr.o)
 .comment       0x000000000000005d       0x5e c:/stm32_toolchain/gcc-arm-none-eabi-5_3-151225/bin/../lib/gcc/arm-none-eabi/5.3.1/../../../../arm-none-eabi/lib/armv7e-m\libg_nano.a(lib_a-sprintf.o)
 .comment       0x000000000000005d       0x5e c:/stm32_toolchain/gcc-arm-none-eabi-5_3-151225/bin/../lib/gcc/arm-none-eabi/5.3.1/../../../../arm-none-eabi/lib/armv7e-m\libg_nano.a(lib_a-nano-svfprintf.o)
 .comment       0x000000000000005d       0x5e c:/stm32_toolchain/gcc-arm-none-eabi-5_3-151225/bin/../lib/gcc/arm-none-eabi/5.3.1/../../../../arm-none-eabi/lib/armv7e-m\libg_nano.a(lib_a-nano-vfprintf_i.o)
 .comment       0x000000000000005d       0x5e c:/stm32_toolchain/gcc-arm-none-eabi-5_3-151225/bin/../lib/gcc/arm-none-eabi/5.3.1/../../../../arm-none-eabi/lib/armv7e-m\libg_nano.a(lib_a-memcpy-stub.o)
 .comment       0x000000000000005d       0x5e c:/stm32_toolchain/gcc-arm-none-eabi-5_3-151225/bin/../lib/gcc/arm-none-eabi/5.3.1/../../../../arm-none-eabi/lib/armv7e-m\libg_nano.a(lib_a-memmove.o)
 .comment       0x000000000000005d       0x5e c:/stm32_toolchain/gcc-arm-none-eabi-5_3-151225/bin/../lib/gcc/arm-none-eabi/5.3.1/../../../../arm-none-eabi/lib/armv7e-m\libg_nano.a(lib_a-nano-reallocr.o)
 .comment       0x000000000000005d       0x5e c:/stm32_toolchain/gcc-arm-none-eabi-5_3-151225/bin/../lib/gcc/arm-none-eabi/5.3.1/../../../../arm-none-eabi/lib/armv7e-m\libg_nano.a(lib_a-nano-msizer.o)

.ARM.attributes
                0x0000000000000000       0x31
 .ARM.attributes
                0x0000000000000000       0x33 ./system/src/stm32f4-hal/stm32f4xx_hal.o
 .ARM.attributes
                0x0000000000000033       0x33 ./system/src/stm32f4-hal/stm32f4xx_hal_can.o
 .ARM.attributes
                0x0000000000000066       0x33 ./system/src/stm32f4-hal/stm32f4xx_hal_cortex.o
 .ARM.attributes
                0x0000000000000099       0x33 ./system/src/stm32f4-hal/stm32f4xx_hal_gpio.o
 .ARM.attributes
                0x00000000000000cc       0x33 ./system/src/stm32f4-hal/stm32f4xx_hal_rcc.o
 .ARM.attributes
                0x00000000000000ff       0x33 ./system/src/stm32f4-hal/stm32f4xx_hal_spi.o
 .ARM.attributes
                0x0000000000000132       0x33 ./system/src/stm32f4-hal/stm32f4xx_hal_tim.o
 .ARM.attributes
                0x0000000000000165       0x33 ./system/src/stm32f4-hal/stm32f4xx_hal_tim_ex.o
 .ARM.attributes
                0x0000000000000198       0x33 ./system/src/newlib/_exit.o
 .ARM.attributes
                0x00000000000001cb       0x33 ./system/src/newlib/_sbrk.o
 .ARM.attributes
                0x00000000000001fe       0x33 ./system/src/newlib/_startup.o
 .ARM.attributes
                0x0000000000000231       0x33 ./system/src/newlib/_syscalls.o
 .ARM.attributes
                0x0000000000000264       0x33 ./system/src/newlib/assert.o
 .ARM.attributes
                0x0000000000000297       0x33 ./system/src/cortexm/_initialize_hardware.o
 .ARM.attributes
                0x00000000000002ca       0x33 ./system/src/cortexm/_reset_hardware.o
 .ARM.attributes
                0x00000000000002fd       0x33 ./system/src/cortexm/exception_handlers.o
 .ARM.attributes
                0x0000000000000330       0x33 ./system/src/cmsis/system_stm32f4xx.o
 .ARM.attributes
                0x0000000000000363       0x33 ./system/src/cmsis/vectors_stm32f407xx.o
 .ARM.attributes
                0x0000000000000396       0x33 ./src/PtCan_Can.o
 .ARM.attributes
                0x00000000000003c9       0x33 ./src/PtCan_ErrHandling.o
 .ARM.attributes
                0x00000000000003fc       0x33 ./src/PtCan_SdStorage.o
 .ARM.attributes
                0x000000000000042f       0x33 ./src/PtCan_Tim.o
 .ARM.attributes
                0x0000000000000462       0x33 ./src/led_button.o
 .ARM.attributes
                0x0000000000000495       0x33 ./src/main.o
 .ARM.attributes
                0x00000000000004c8       0x33 ./src/stm32f4xx_hal_msp.o
 .ARM.attributes
                0x00000000000004fb       0x33 ./src/stm32f4xx_it.o
 .ARM.attributes
                0x000000000000052e       0x33 ./TM/diskio.o
 .ARM.attributes
                0x0000000000000561       0x33 ./TM/fatfs_sd.o
 .ARM.attributes
                0x0000000000000594       0x33 ./TM/ff.o
 .ARM.attributes
                0x00000000000005c7       0x33 ./TM/syscall.o
 .ARM.attributes
                0x00000000000005fa       0x33 ./TM/tm_stm32_delay.o
 .ARM.attributes
                0x000000000000062d       0x33 ./TM/tm_stm32_gpio.o
 .ARM.attributes
                0x0000000000000660       0x33 ./TM/tm_stm32_spi.o
 .ARM.attributes
                0x0000000000000693       0x33 ./TM/unicode.o
 .ARM.attributes
                0x00000000000006c6       0x2e c:/stm32_toolchain/gcc-arm-none-eabi-5_3-151225/bin/../lib/gcc/arm-none-eabi/5.3.1/../../../../arm-none-eabi/lib/armv7e-m\libg_nano.a(lib_a-errno.o)
 .ARM.attributes
                0x00000000000006f4       0x2e c:/stm32_toolchain/gcc-arm-none-eabi-5_3-151225/bin/../lib/gcc/arm-none-eabi/5.3.1/../../../../arm-none-eabi/lib/armv7e-m\libg_nano.a(lib_a-impure.o)
 .ARM.attributes
                0x0000000000000722       0x2e c:/stm32_toolchain/gcc-arm-none-eabi-5_3-151225/bin/../lib/gcc/arm-none-eabi/5.3.1/../../../../arm-none-eabi/lib/armv7e-m\libg_nano.a(lib_a-malloc.o)
 .ARM.attributes
                0x0000000000000750       0x2e c:/stm32_toolchain/gcc-arm-none-eabi-5_3-151225/bin/../lib/gcc/arm-none-eabi/5.3.1/../../../../arm-none-eabi/lib/armv7e-m\libg_nano.a(lib_a-nano-freer.o)
 .ARM.attributes
                0x000000000000077e       0x2e c:/stm32_toolchain/gcc-arm-none-eabi-5_3-151225/bin/../lib/gcc/arm-none-eabi/5.3.1/../../../../arm-none-eabi/lib/armv7e-m\libg_nano.a(lib_a-nano-mallocr.o)
 .ARM.attributes
                0x00000000000007ac       0x2e c:/stm32_toolchain/gcc-arm-none-eabi-5_3-151225/bin/../lib/gcc/arm-none-eabi/5.3.1/../../../../arm-none-eabi/lib/armv7e-m\libg_nano.a(lib_a-sbrkr.o)
 .ARM.attributes
                0x00000000000007da       0x2e c:/stm32_toolchain/gcc-arm-none-eabi-5_3-151225/bin/../lib/gcc/arm-none-eabi/5.3.1/../../../../arm-none-eabi/lib/armv7e-m\libg_nano.a(lib_a-sprintf.o)
 .ARM.attributes
                0x0000000000000808       0x2e c:/stm32_toolchain/gcc-arm-none-eabi-5_3-151225/bin/../lib/gcc/arm-none-eabi/5.3.1/../../../../arm-none-eabi/lib/armv7e-m\libg_nano.a(lib_a-nano-svfprintf.o)
 .ARM.attributes
                0x0000000000000836       0x2e c:/stm32_toolchain/gcc-arm-none-eabi-5_3-151225/bin/../lib/gcc/arm-none-eabi/5.3.1/../../../../arm-none-eabi/lib/armv7e-m\libg_nano.a(lib_a-nano-vfprintf_i.o)
 .ARM.attributes
                0x0000000000000864       0x1c c:/stm32_toolchain/gcc-arm-none-eabi-5_3-151225/bin/../lib/gcc/arm-none-eabi/5.3.1/../../../../arm-none-eabi/lib/armv7e-m\libg_nano.a(lib_a-memchr.o)
 .ARM.attributes
                0x0000000000000880       0x2e c:/stm32_toolchain/gcc-arm-none-eabi-5_3-151225/bin/../lib/gcc/arm-none-eabi/5.3.1/../../../../arm-none-eabi/lib/armv7e-m\libg_nano.a(lib_a-memcpy-stub.o)
 .ARM.attributes
                0x00000000000008ae       0x2e c:/stm32_toolchain/gcc-arm-none-eabi-5_3-151225/bin/../lib/gcc/arm-none-eabi/5.3.1/../../../../arm-none-eabi/lib/armv7e-m\libg_nano.a(lib_a-memmove.o)
 .ARM.attributes
                0x00000000000008dc       0x2e c:/stm32_toolchain/gcc-arm-none-eabi-5_3-151225/bin/../lib/gcc/arm-none-eabi/5.3.1/../../../../arm-none-eabi/lib/armv7e-m\libg_nano.a(lib_a-nano-reallocr.o)
 .ARM.attributes
                0x000000000000090a       0x2e c:/stm32_toolchain/gcc-arm-none-eabi-5_3-151225/bin/../lib/gcc/arm-none-eabi/5.3.1/../../../../arm-none-eabi/lib/armv7e-m\libg_nano.a(lib_a-nano-msizer.o)

.debug
 *(.debug)

.line
 *(.line)

.debug_srcinfo
 *(.debug_srcinfo)

.debug_sfnames
 *(.debug_sfnames)

.debug_aranges  0x0000000000000000     0x1548
 *(.debug_aranges)
 .debug_aranges
                0x0000000000000000       0xc0 ./system/src/stm32f4-hal/stm32f4xx_hal.o
 .debug_aranges
                0x00000000000000c0       0xb0 ./system/src/stm32f4-hal/stm32f4xx_hal_can.o
 .debug_aranges
                0x0000000000000170       0x98 ./system/src/stm32f4-hal/stm32f4xx_hal_cortex.o
 .debug_aranges
                0x0000000000000208       0x58 ./system/src/stm32f4-hal/stm32f4xx_hal_gpio.o
 .debug_aranges
                0x0000000000000260       0x88 ./system/src/stm32f4-hal/stm32f4xx_hal_rcc.o
 .debug_aranges
                0x00000000000002e8      0x158 ./system/src/stm32f4-hal/stm32f4xx_hal_spi.o
 .debug_aranges
                0x0000000000000440      0x368 ./system/src/stm32f4-hal/stm32f4xx_hal_tim.o
 .debug_aranges
                0x00000000000007a8      0x140 ./system/src/stm32f4-hal/stm32f4xx_hal_tim_ex.o
 .debug_aranges
                0x00000000000008e8       0x28 ./system/src/newlib/_exit.o
 .debug_aranges
                0x0000000000000910       0x20 ./system/src/newlib/_sbrk.o
 .debug_aranges
                0x0000000000000930       0x40 ./system/src/newlib/_startup.o
 .debug_aranges
                0x0000000000000970       0x30 ./system/src/newlib/_syscalls.o
 .debug_aranges
                0x00000000000009a0       0x28 ./system/src/newlib/assert.o
 .debug_aranges
                0x00000000000009c8       0x28 ./system/src/cortexm/_initialize_hardware.o
 .debug_aranges
                0x00000000000009f0       0x20 ./system/src/cortexm/_reset_hardware.o
 .debug_aranges
                0x0000000000000a10       0x80 ./system/src/cortexm/exception_handlers.o
 .debug_aranges
                0x0000000000000a90       0x28 ./system/src/cmsis/system_stm32f4xx.o
 .debug_aranges
                0x0000000000000ab8       0x20 ./system/src/cmsis/vectors_stm32f407xx.o
 .debug_aranges
                0x0000000000000ad8       0x50 ./src/PtCan_Can.o
 .debug_aranges
                0x0000000000000b28       0x38 ./src/PtCan_ErrHandling.o
 .debug_aranges
                0x0000000000000b60       0x60 ./src/PtCan_SdStorage.o
 .debug_aranges
                0x0000000000000bc0       0x48 ./src/PtCan_Tim.o
 .debug_aranges
                0x0000000000000c08       0x60 ./src/led_button.o
 .debug_aranges
                0x0000000000000c68       0x48 ./src/main.o
 .debug_aranges
                0x0000000000000cb0       0x40 ./src/stm32f4xx_hal_msp.o
 .debug_aranges
                0x0000000000000cf0       0x48 ./src/stm32f4xx_it.o
 .debug_aranges
                0x0000000000000d38      0x140 ./TM/diskio.o
 .debug_aranges
                0x0000000000000e78       0xa8 ./TM/fatfs_sd.o
 .debug_aranges
                0x0000000000000f20      0x250 ./TM/ff.o
 .debug_aranges
                0x0000000000001170       0x28 ./TM/syscall.o
 .debug_aranges
                0x0000000000001198       0x78 ./TM/tm_stm32_delay.o
 .debug_aranges
                0x0000000000001210       0x98 ./TM/tm_stm32_gpio.o
 .debug_aranges
                0x00000000000012a8       0x98 ./TM/tm_stm32_spi.o
 .debug_aranges
                0x0000000000001340       0x28 ./TM/unicode.o
 .debug_aranges
                0x0000000000001368       0x20 c:/stm32_toolchain/gcc-arm-none-eabi-5_3-151225/bin/../lib/gcc/arm-none-eabi/5.3.1/../../../../arm-none-eabi/lib/armv7e-m\libg_nano.a(lib_a-errno.o)
 .debug_aranges
                0x0000000000001388       0x18 c:/stm32_toolchain/gcc-arm-none-eabi-5_3-151225/bin/../lib/gcc/arm-none-eabi/5.3.1/../../../../arm-none-eabi/lib/armv7e-m\libg_nano.a(lib_a-impure.o)
 .debug_aranges
                0x00000000000013a0       0x28 c:/stm32_toolchain/gcc-arm-none-eabi-5_3-151225/bin/../lib/gcc/arm-none-eabi/5.3.1/../../../../arm-none-eabi/lib/armv7e-m\libg_nano.a(lib_a-malloc.o)
 .debug_aranges
                0x00000000000013c8       0x20 c:/stm32_toolchain/gcc-arm-none-eabi-5_3-151225/bin/../lib/gcc/arm-none-eabi/5.3.1/../../../../arm-none-eabi/lib/armv7e-m\libg_nano.a(lib_a-nano-freer.o)
 .debug_aranges
                0x00000000000013e8       0x20 c:/stm32_toolchain/gcc-arm-none-eabi-5_3-151225/bin/../lib/gcc/arm-none-eabi/5.3.1/../../../../arm-none-eabi/lib/armv7e-m\libg_nano.a(lib_a-nano-mallocr.o)
 .debug_aranges
                0x0000000000001408       0x20 c:/stm32_toolchain/gcc-arm-none-eabi-5_3-151225/bin/../lib/gcc/arm-none-eabi/5.3.1/../../../../arm-none-eabi/lib/armv7e-m\libg_nano.a(lib_a-sbrkr.o)
 .debug_aranges
                0x0000000000001428       0x28 c:/stm32_toolchain/gcc-arm-none-eabi-5_3-151225/bin/../lib/gcc/arm-none-eabi/5.3.1/../../../../arm-none-eabi/lib/armv7e-m\libg_nano.a(lib_a-sprintf.o)
 .debug_aranges
                0x0000000000001450       0x30 c:/stm32_toolchain/gcc-arm-none-eabi-5_3-151225/bin/../lib/gcc/arm-none-eabi/5.3.1/../../../../arm-none-eabi/lib/armv7e-m\libg_nano.a(lib_a-nano-svfprintf.o)
 .debug_aranges
                0x0000000000001480       0x28 c:/stm32_toolchain/gcc-arm-none-eabi-5_3-151225/bin/../lib/gcc/arm-none-eabi/5.3.1/../../../../arm-none-eabi/lib/armv7e-m\libg_nano.a(lib_a-nano-vfprintf_i.o)
 .debug_aranges
                0x00000000000014a8       0x20 c:/stm32_toolchain/gcc-arm-none-eabi-5_3-151225/bin/../lib/gcc/arm-none-eabi/5.3.1/../../../../arm-none-eabi/lib/armv7e-m\libg_nano.a(lib_a-memchr.o)
 .debug_aranges
                0x00000000000014c8       0x20 c:/stm32_toolchain/gcc-arm-none-eabi-5_3-151225/bin/../lib/gcc/arm-none-eabi/5.3.1/../../../../arm-none-eabi/lib/armv7e-m\libg_nano.a(lib_a-memcpy-stub.o)
 .debug_aranges
                0x00000000000014e8       0x20 c:/stm32_toolchain/gcc-arm-none-eabi-5_3-151225/bin/../lib/gcc/arm-none-eabi/5.3.1/../../../../arm-none-eabi/lib/armv7e-m\libg_nano.a(lib_a-memmove.o)
 .debug_aranges
                0x0000000000001508       0x20 c:/stm32_toolchain/gcc-arm-none-eabi-5_3-151225/bin/../lib/gcc/arm-none-eabi/5.3.1/../../../../arm-none-eabi/lib/armv7e-m\libg_nano.a(lib_a-nano-reallocr.o)
 .debug_aranges
                0x0000000000001528       0x20 c:/stm32_toolchain/gcc-arm-none-eabi-5_3-151225/bin/../lib/gcc/arm-none-eabi/5.3.1/../../../../arm-none-eabi/lib/armv7e-m\libg_nano.a(lib_a-nano-msizer.o)

.debug_pubnames
 *(.debug_pubnames)

.debug_info     0x0000000000000000    0x20735
 *(.debug_info .gnu.linkonce.wi.*)
 .debug_info    0x0000000000000000      0x8f3 ./system/src/stm32f4-hal/stm32f4xx_hal.o
 .debug_info    0x00000000000008f3      0xf67 ./system/src/stm32f4-hal/stm32f4xx_hal_can.o
 .debug_info    0x000000000000185a     0x1110 ./system/src/stm32f4-hal/stm32f4xx_hal_cortex.o
 .debug_info    0x000000000000296a      0x87a ./system/src/stm32f4-hal/stm32f4xx_hal_gpio.o
 .debug_info    0x00000000000031e4      0xfe1 ./system/src/stm32f4-hal/stm32f4xx_hal_rcc.o
 .debug_info    0x00000000000041c5     0x189a ./system/src/stm32f4-hal/stm32f4xx_hal_spi.o
 .debug_info    0x0000000000005a5f     0x430c ./system/src/stm32f4-hal/stm32f4xx_hal_tim.o
 .debug_info    0x0000000000009d6b     0x18b0 ./system/src/stm32f4-hal/stm32f4xx_hal_tim_ex.o
 .debug_info    0x000000000000b61b      0x108 ./system/src/newlib/_exit.o
 .debug_info    0x000000000000b723      0x11f ./system/src/newlib/_sbrk.o
 .debug_info    0x000000000000b842      0x4ef ./system/src/newlib/_startup.o
 .debug_info    0x000000000000bd31      0x1bc ./system/src/newlib/_syscalls.o
 .debug_info    0x000000000000beed      0x16c ./system/src/newlib/assert.o
 .debug_info    0x000000000000c059      0x2ca ./system/src/cortexm/_initialize_hardware.o
 .debug_info    0x000000000000c323      0x2d1 ./system/src/cortexm/_reset_hardware.o
 .debug_info    0x000000000000c5f4      0x28d ./system/src/cortexm/exception_handlers.o
 .debug_info    0x000000000000c881      0x4cf ./system/src/cmsis/system_stm32f4xx.o
 .debug_info    0x000000000000cd50       0xd1 ./system/src/cmsis/vectors_stm32f407xx.o
 .debug_info    0x000000000000ce21      0x9bc ./src/PtCan_Can.o
 .debug_info    0x000000000000d7dd      0x24f ./src/PtCan_ErrHandling.o
 .debug_info    0x000000000000da2c      0x817 ./src/PtCan_SdStorage.o
 .debug_info    0x000000000000e243      0xa2a ./src/PtCan_Tim.o
 .debug_info    0x000000000000ec6d      0xa08 ./src/led_button.o
 .debug_info    0x000000000000f675      0xaa0 ./src/main.o
 .debug_info    0x0000000000010115     0x12cd ./src/stm32f4xx_hal_msp.o
 .debug_info    0x00000000000113e2      0xdb0 ./src/stm32f4xx_it.o
 .debug_info    0x0000000000012192      0x9a7 ./TM/diskio.o
 .debug_info    0x0000000000012b39      0xfd8 ./TM/fatfs_sd.o
 .debug_info    0x0000000000013b11     0x4318 ./TM/ff.o
 .debug_info    0x0000000000017e29      0x118 ./TM/syscall.o
 .debug_info    0x0000000000017f41      0x724 ./TM/tm_stm32_delay.o
 .debug_info    0x0000000000018665      0x924 ./TM/tm_stm32_gpio.o
 .debug_info    0x0000000000018f89     0x1252 ./TM/tm_stm32_spi.o
 .debug_info    0x000000000001a1db      0x195 ./TM/unicode.o
 .debug_info    0x000000000001a370      0x738 c:/stm32_toolchain/gcc-arm-none-eabi-5_3-151225/bin/../lib/gcc/arm-none-eabi/5.3.1/../../../../arm-none-eabi/lib/armv7e-m\libg_nano.a(lib_a-errno.o)
 .debug_info    0x000000000001aaa8      0x7d6 c:/stm32_toolchain/gcc-arm-none-eabi-5_3-151225/bin/../lib/gcc/arm-none-eabi/5.3.1/../../../../arm-none-eabi/lib/armv7e-m\libg_nano.a(lib_a-impure.o)
 .debug_info    0x000000000001b27e      0x7ae c:/stm32_toolchain/gcc-arm-none-eabi-5_3-151225/bin/../lib/gcc/arm-none-eabi/5.3.1/../../../../arm-none-eabi/lib/armv7e-m\libg_nano.a(lib_a-malloc.o)
 .debug_info    0x000000000001ba2c      0x821 c:/stm32_toolchain/gcc-arm-none-eabi-5_3-151225/bin/../lib/gcc/arm-none-eabi/5.3.1/../../../../arm-none-eabi/lib/armv7e-m\libg_nano.a(lib_a-nano-freer.o)
 .debug_info    0x000000000001c24d      0x8ec c:/stm32_toolchain/gcc-arm-none-eabi-5_3-151225/bin/../lib/gcc/arm-none-eabi/5.3.1/../../../../arm-none-eabi/lib/armv7e-m\libg_nano.a(lib_a-nano-mallocr.o)
 .debug_info    0x000000000001cb39      0x79d c:/stm32_toolchain/gcc-arm-none-eabi-5_3-151225/bin/../lib/gcc/arm-none-eabi/5.3.1/../../../../arm-none-eabi/lib/armv7e-m\libg_nano.a(lib_a-sbrkr.o)
 .debug_info    0x000000000001d2d6      0x88c c:/stm32_toolchain/gcc-arm-none-eabi-5_3-151225/bin/../lib/gcc/arm-none-eabi/5.3.1/../../../../arm-none-eabi/lib/armv7e-m\libg_nano.a(lib_a-sprintf.o)
 .debug_info    0x000000000001db62      0xd51 c:/stm32_toolchain/gcc-arm-none-eabi-5_3-151225/bin/../lib/gcc/arm-none-eabi/5.3.1/../../../../arm-none-eabi/lib/armv7e-m\libg_nano.a(lib_a-nano-svfprintf.o)
 .debug_info    0x000000000001e8b3      0xb44 c:/stm32_toolchain/gcc-arm-none-eabi-5_3-151225/bin/../lib/gcc/arm-none-eabi/5.3.1/../../../../arm-none-eabi/lib/armv7e-m\libg_nano.a(lib_a-nano-vfprintf_i.o)
 .debug_info    0x000000000001f3f7       0xf0 c:/stm32_toolchain/gcc-arm-none-eabi-5_3-151225/bin/../lib/gcc/arm-none-eabi/5.3.1/../../../../arm-none-eabi/lib/armv7e-m\libg_nano.a(lib_a-memchr.o)
 .debug_info    0x000000000001f4e7      0x111 c:/stm32_toolchain/gcc-arm-none-eabi-5_3-151225/bin/../lib/gcc/arm-none-eabi/5.3.1/../../../../arm-none-eabi/lib/armv7e-m\libg_nano.a(lib_a-memcpy-stub.o)
 .debug_info    0x000000000001f5f8      0x105 c:/stm32_toolchain/gcc-arm-none-eabi-5_3-151225/bin/../lib/gcc/arm-none-eabi/5.3.1/../../../../arm-none-eabi/lib/armv7e-m\libg_nano.a(lib_a-memmove.o)
 .debug_info    0x000000000001f6fd      0x878 c:/stm32_toolchain/gcc-arm-none-eabi-5_3-151225/bin/../lib/gcc/arm-none-eabi/5.3.1/../../../../arm-none-eabi/lib/armv7e-m\libg_nano.a(lib_a-nano-reallocr.o)
 .debug_info    0x000000000001ff75      0x7c0 c:/stm32_toolchain/gcc-arm-none-eabi-5_3-151225/bin/../lib/gcc/arm-none-eabi/5.3.1/../../../../arm-none-eabi/lib/armv7e-m\libg_nano.a(lib_a-nano-msizer.o)

.debug_abbrev   0x0000000000000000     0x4cbe
 *(.debug_abbrev)
 .debug_abbrev  0x0000000000000000      0x222 ./system/src/stm32f4-hal/stm32f4xx_hal.o
 .debug_abbrev  0x0000000000000222      0x233 ./system/src/stm32f4-hal/stm32f4xx_hal_can.o
 .debug_abbrev  0x0000000000000455      0x324 ./system/src/stm32f4-hal/stm32f4xx_hal_cortex.o
 .debug_abbrev  0x0000000000000779      0x204 ./system/src/stm32f4-hal/stm32f4xx_hal_gpio.o
 .debug_abbrev  0x000000000000097d      0x2b8 ./system/src/stm32f4-hal/stm32f4xx_hal_rcc.o
 .debug_abbrev  0x0000000000000c35      0x24a ./system/src/stm32f4-hal/stm32f4xx_hal_spi.o
 .debug_abbrev  0x0000000000000e7f      0x22c ./system/src/stm32f4-hal/stm32f4xx_hal_tim.o
 .debug_abbrev  0x00000000000010ab      0x21b ./system/src/stm32f4-hal/stm32f4xx_hal_tim_ex.o
 .debug_abbrev  0x00000000000012c6       0xbe ./system/src/newlib/_exit.o
 .debug_abbrev  0x0000000000001384       0xb9 ./system/src/newlib/_sbrk.o
 .debug_abbrev  0x000000000000143d      0x1d4 ./system/src/newlib/_startup.o
 .debug_abbrev  0x0000000000001611       0xec ./system/src/newlib/_syscalls.o
 .debug_abbrev  0x00000000000016fd       0xb9 ./system/src/newlib/assert.o
 .debug_abbrev  0x00000000000017b6       0xea ./system/src/cortexm/_initialize_hardware.o
 .debug_abbrev  0x00000000000018a0       0xff ./system/src/cortexm/_reset_hardware.o
 .debug_abbrev  0x000000000000199f       0xf1 ./system/src/cortexm/exception_handlers.o
 .debug_abbrev  0x0000000000001a90      0x104 ./system/src/cmsis/system_stm32f4xx.o
 .debug_abbrev  0x0000000000001b94       0x9d ./system/src/cmsis/vectors_stm32f407xx.o
 .debug_abbrev  0x0000000000001c31      0x1bc ./src/PtCan_Can.o
 .debug_abbrev  0x0000000000001ded       0xbc ./src/PtCan_ErrHandling.o
 .debug_abbrev  0x0000000000001ea9      0x244 ./src/PtCan_SdStorage.o
 .debug_abbrev  0x00000000000020ed      0x1e3 ./src/PtCan_Tim.o
 .debug_abbrev  0x00000000000022d0      0x1de ./src/led_button.o
 .debug_abbrev  0x00000000000024ae      0x1ad ./src/main.o
 .debug_abbrev  0x000000000000265b      0x1da ./src/stm32f4xx_hal_msp.o
 .debug_abbrev  0x0000000000002835      0x1cd ./src/stm32f4xx_it.o
 .debug_abbrev  0x0000000000002a02      0x1cf ./TM/diskio.o
 .debug_abbrev  0x0000000000002bd1      0x2e1 ./TM/fatfs_sd.o
 .debug_abbrev  0x0000000000002eb2      0x23e ./TM/ff.o
 .debug_abbrev  0x00000000000030f0       0xae ./TM/syscall.o
 .debug_abbrev  0x000000000000319e      0x2b8 ./TM/tm_stm32_delay.o
 .debug_abbrev  0x0000000000003456      0x171 ./TM/tm_stm32_gpio.o
 .debug_abbrev  0x00000000000035c7      0x24a ./TM/tm_stm32_spi.o
 .debug_abbrev  0x0000000000003811       0xc3 ./TM/unicode.o
 .debug_abbrev  0x00000000000038d4      0x132 c:/stm32_toolchain/gcc-arm-none-eabi-5_3-151225/bin/../lib/gcc/arm-none-eabi/5.3.1/../../../../arm-none-eabi/lib/armv7e-m\libg_nano.a(lib_a-errno.o)
 .debug_abbrev  0x0000000000003a06      0x134 c:/stm32_toolchain/gcc-arm-none-eabi-5_3-151225/bin/../lib/gcc/arm-none-eabi/5.3.1/../../../../arm-none-eabi/lib/armv7e-m\libg_nano.a(lib_a-impure.o)
 .debug_abbrev  0x0000000000003b3a      0x188 c:/stm32_toolchain/gcc-arm-none-eabi-5_3-151225/bin/../lib/gcc/arm-none-eabi/5.3.1/../../../../arm-none-eabi/lib/armv7e-m\libg_nano.a(lib_a-malloc.o)
 .debug_abbrev  0x0000000000003cc2      0x1b6 c:/stm32_toolchain/gcc-arm-none-eabi-5_3-151225/bin/../lib/gcc/arm-none-eabi/5.3.1/../../../../arm-none-eabi/lib/armv7e-m\libg_nano.a(lib_a-nano-freer.o)
 .debug_abbrev  0x0000000000003e78      0x24e c:/stm32_toolchain/gcc-arm-none-eabi-5_3-151225/bin/../lib/gcc/arm-none-eabi/5.3.1/../../../../arm-none-eabi/lib/armv7e-m\libg_nano.a(lib_a-nano-mallocr.o)
 .debug_abbrev  0x00000000000040c6      0x19e c:/stm32_toolchain/gcc-arm-none-eabi-5_3-151225/bin/../lib/gcc/arm-none-eabi/5.3.1/../../../../arm-none-eabi/lib/armv7e-m\libg_nano.a(lib_a-sbrkr.o)
 .debug_abbrev  0x0000000000004264      0x1c0 c:/stm32_toolchain/gcc-arm-none-eabi-5_3-151225/bin/../lib/gcc/arm-none-eabi/5.3.1/../../../../arm-none-eabi/lib/armv7e-m\libg_nano.a(lib_a-sprintf.o)
 .debug_abbrev  0x0000000000004424      0x23f c:/stm32_toolchain/gcc-arm-none-eabi-5_3-151225/bin/../lib/gcc/arm-none-eabi/5.3.1/../../../../arm-none-eabi/lib/armv7e-m\libg_nano.a(lib_a-nano-svfprintf.o)
 .debug_abbrev  0x0000000000004663      0x1f4 c:/stm32_toolchain/gcc-arm-none-eabi-5_3-151225/bin/../lib/gcc/arm-none-eabi/5.3.1/../../../../arm-none-eabi/lib/armv7e-m\libg_nano.a(lib_a-nano-vfprintf_i.o)
 .debug_abbrev  0x0000000000004857       0x14 c:/stm32_toolchain/gcc-arm-none-eabi-5_3-151225/bin/../lib/gcc/arm-none-eabi/5.3.1/../../../../arm-none-eabi/lib/armv7e-m\libg_nano.a(lib_a-memchr.o)
 .debug_abbrev  0x000000000000486b       0xa9 c:/stm32_toolchain/gcc-arm-none-eabi-5_3-151225/bin/../lib/gcc/arm-none-eabi/5.3.1/../../../../arm-none-eabi/lib/armv7e-m\libg_nano.a(lib_a-memcpy-stub.o)
 .debug_abbrev  0x0000000000004914       0x9a c:/stm32_toolchain/gcc-arm-none-eabi-5_3-151225/bin/../lib/gcc/arm-none-eabi/5.3.1/../../../../arm-none-eabi/lib/armv7e-m\libg_nano.a(lib_a-memmove.o)
 .debug_abbrev  0x00000000000049ae      0x1af c:/stm32_toolchain/gcc-arm-none-eabi-5_3-151225/bin/../lib/gcc/arm-none-eabi/5.3.1/../../../../arm-none-eabi/lib/armv7e-m\libg_nano.a(lib_a-nano-reallocr.o)
 .debug_abbrev  0x0000000000004b5d      0x161 c:/stm32_toolchain/gcc-arm-none-eabi-5_3-151225/bin/../lib/gcc/arm-none-eabi/5.3.1/../../../../arm-none-eabi/lib/armv7e-m\libg_nano.a(lib_a-nano-msizer.o)

.debug_line     0x0000000000000000    0x13434
 *(.debug_line)
 .debug_line    0x0000000000000000      0x6ec ./system/src/stm32f4-hal/stm32f4xx_hal.o
 .debug_line    0x00000000000006ec      0xaa2 ./system/src/stm32f4-hal/stm32f4xx_hal_can.o
 .debug_line    0x000000000000118e      0x7d0 ./system/src/stm32f4-hal/stm32f4xx_hal_cortex.o
 .debug_line    0x000000000000195e      0x880 ./system/src/stm32f4-hal/stm32f4xx_hal_gpio.o
 .debug_line    0x00000000000021de      0xa0d ./system/src/stm32f4-hal/stm32f4xx_hal_rcc.o
 .debug_line    0x0000000000002beb      0xe71 ./system/src/stm32f4-hal/stm32f4xx_hal_spi.o
 .debug_line    0x0000000000003a5c     0x326f ./system/src/stm32f4-hal/stm32f4xx_hal_tim.o
 .debug_line    0x0000000000006ccb     0x1037 ./system/src/stm32f4-hal/stm32f4xx_hal_tim_ex.o
 .debug_line    0x0000000000007d02      0x2a5 ./system/src/newlib/_exit.o
 .debug_line    0x0000000000007fa7      0x258 ./system/src/newlib/_sbrk.o
 .debug_line    0x00000000000081ff      0x320 ./system/src/newlib/_startup.o
 .debug_line    0x000000000000851f      0x396 ./system/src/newlib/_syscalls.o
 .debug_line    0x00000000000088b5      0x2ce ./system/src/newlib/assert.o
 .debug_line    0x0000000000008b83      0x590 ./system/src/cortexm/_initialize_hardware.o
 .debug_line    0x0000000000009113      0x58e ./system/src/cortexm/_reset_hardware.o
 .debug_line    0x00000000000096a1      0x651 ./system/src/cortexm/exception_handlers.o
 .debug_line    0x0000000000009cf2      0x590 ./system/src/cmsis/system_stm32f4xx.o
 .debug_line    0x000000000000a282       0xfb ./system/src/cmsis/vectors_stm32f407xx.o
 .debug_line    0x000000000000a37d      0x686 ./src/PtCan_Can.o
 .debug_line    0x000000000000aa03      0x6f7 ./src/PtCan_ErrHandling.o
 .debug_line    0x000000000000b0fa      0x79c ./src/PtCan_SdStorage.o
 .debug_line    0x000000000000b896      0x61c ./src/PtCan_Tim.o
 .debug_line    0x000000000000beb2      0x661 ./src/led_button.o
 .debug_line    0x000000000000c513      0x65a ./src/main.o
 .debug_line    0x000000000000cb6d      0x5d5 ./src/stm32f4xx_hal_msp.o
 .debug_line    0x000000000000d142      0x5bf ./src/stm32f4xx_it.o
 .debug_line    0x000000000000d701      0x922 ./TM/diskio.o
 .debug_line    0x000000000000e023      0xad2 ./TM/fatfs_sd.o
 .debug_line    0x000000000000eaf5     0x15c6 ./TM/ff.o
 .debug_line    0x00000000000100bb      0x280 ./TM/syscall.o
 .debug_line    0x000000000001033b      0x735 ./TM/tm_stm32_delay.o
 .debug_line    0x0000000000010a70      0x754 ./TM/tm_stm32_gpio.o
 .debug_line    0x00000000000111c4      0x833 ./TM/tm_stm32_spi.o
 .debug_line    0x00000000000119f7      0x125 ./TM/unicode.o
 .debug_line    0x0000000000011b1c      0x163 c:/stm32_toolchain/gcc-arm-none-eabi-5_3-151225/bin/../lib/gcc/arm-none-eabi/5.3.1/../../../../arm-none-eabi/lib/armv7e-m\libg_nano.a(lib_a-errno.o)
 .debug_line    0x0000000000011c7f      0x149 c:/stm32_toolchain/gcc-arm-none-eabi-5_3-151225/bin/../lib/gcc/arm-none-eabi/5.3.1/../../../../arm-none-eabi/lib/armv7e-m\libg_nano.a(lib_a-impure.o)
 .debug_line    0x0000000000011dc8      0x1c4 c:/stm32_toolchain/gcc-arm-none-eabi-5_3-151225/bin/../lib/gcc/arm-none-eabi/5.3.1/../../../../arm-none-eabi/lib/armv7e-m\libg_nano.a(lib_a-malloc.o)
 .debug_line    0x0000000000011f8c      0x1a4 c:/stm32_toolchain/gcc-arm-none-eabi-5_3-151225/bin/../lib/gcc/arm-none-eabi/5.3.1/../../../../arm-none-eabi/lib/armv7e-m\libg_nano.a(lib_a-nano-freer.o)
 .debug_line    0x0000000000012130      0x1f1 c:/stm32_toolchain/gcc-arm-none-eabi-5_3-151225/bin/../lib/gcc/arm-none-eabi/5.3.1/../../../../arm-none-eabi/lib/armv7e-m\libg_nano.a(lib_a-nano-mallocr.o)
 .debug_line    0x0000000000012321      0x1bc c:/stm32_toolchain/gcc-arm-none-eabi-5_3-151225/bin/../lib/gcc/arm-none-eabi/5.3.1/../../../../arm-none-eabi/lib/armv7e-m\libg_nano.a(lib_a-sbrkr.o)
 .debug_line    0x00000000000124dd      0x20c c:/stm32_toolchain/gcc-arm-none-eabi-5_3-151225/bin/../lib/gcc/arm-none-eabi/5.3.1/../../../../arm-none-eabi/lib/armv7e-m\libg_nano.a(lib_a-sprintf.o)
 .debug_line    0x00000000000126e9      0x334 c:/stm32_toolchain/gcc-arm-none-eabi-5_3-151225/bin/../lib/gcc/arm-none-eabi/5.3.1/../../../../arm-none-eabi/lib/armv7e-m\libg_nano.a(lib_a-nano-svfprintf.o)
 .debug_line    0x0000000000012a1d      0x370 c:/stm32_toolchain/gcc-arm-none-eabi-5_3-151225/bin/../lib/gcc/arm-none-eabi/5.3.1/../../../../arm-none-eabi/lib/armv7e-m\libg_nano.a(lib_a-nano-vfprintf_i.o)
 .debug_line    0x0000000000012d8d       0xc1 c:/stm32_toolchain/gcc-arm-none-eabi-5_3-151225/bin/../lib/gcc/arm-none-eabi/5.3.1/../../../../arm-none-eabi/lib/armv7e-m\libg_nano.a(lib_a-memchr.o)
 .debug_line    0x0000000000012e4e      0x157 c:/stm32_toolchain/gcc-arm-none-eabi-5_3-151225/bin/../lib/gcc/arm-none-eabi/5.3.1/../../../../arm-none-eabi/lib/armv7e-m\libg_nano.a(lib_a-memcpy-stub.o)
 .debug_line    0x0000000000012fa5      0x152 c:/stm32_toolchain/gcc-arm-none-eabi-5_3-151225/bin/../lib/gcc/arm-none-eabi/5.3.1/../../../../arm-none-eabi/lib/armv7e-m\libg_nano.a(lib_a-memmove.o)