Archive member included to satisfy reference by file (symbol)

c:/stm32_toolchain/gcc-arm-none-eabi-5_3-151225/bin/../lib/gcc/arm-none-eabi/5.3.1/armv7e-m\libgcc.a(_arm_addsubdf3.o)
                              ./TM/tm_stm32_fatfs.o (__aeabi_ui2d)
c:/stm32_toolchain/gcc-arm-none-eabi-5_3-151225/bin/../lib/gcc/arm-none-eabi/5.3.1/armv7e-m\libgcc.a(_arm_muldivdf3.o)
                              ./TM/tm_stm32_fatfs.o (__aeabi_dmul)
c:/stm32_toolchain/gcc-arm-none-eabi-5_3-151225/bin/../lib/gcc/arm-none-eabi/5.3.1/armv7e-m\libgcc.a(_arm_fixunsdfsi.o)
                              ./TM/tm_stm32_fatfs.o (__aeabi_d2uiz)
c:/stm32_toolchain/gcc-arm-none-eabi-5_3-151225/bin/../lib/gcc/arm-none-eabi/5.3.1/../../../../arm-none-eabi/lib/armv7e-m\libg_nano.a(lib_a-errno.o)
                              ./system/src/newlib/_sbrk.o (__errno)
c:/stm32_toolchain/gcc-arm-none-eabi-5_3-151225/bin/../lib/gcc/arm-none-eabi/5.3.1/../../../../arm-none-eabi/lib/armv7e-m\libg_nano.a(lib_a-impure.o)
                              c:/stm32_toolchain/gcc-arm-none-eabi-5_3-151225/bin/../lib/gcc/arm-none-eabi/5.3.1/../../../../arm-none-eabi/lib/armv7e-m\libg_nano.a(lib_a-errno.o) (_impure_ptr)
c:/stm32_toolchain/gcc-arm-none-eabi-5_3-151225/bin/../lib/gcc/arm-none-eabi/5.3.1/../../../../arm-none-eabi/lib/armv7e-m\libg_nano.a(lib_a-malloc.o)
                              ./TM/syscall.o (malloc)
c:/stm32_toolchain/gcc-arm-none-eabi-5_3-151225/bin/../lib/gcc/arm-none-eabi/5.3.1/../../../../arm-none-eabi/lib/armv7e-m\libg_nano.a(lib_a-nano-freer.o)
                              c:/stm32_toolchain/gcc-arm-none-eabi-5_3-151225/bin/../lib/gcc/arm-none-eabi/5.3.1/../../../../arm-none-eabi/lib/armv7e-m\libg_nano.a(lib_a-malloc.o) (_free_r)
c:/stm32_toolchain/gcc-arm-none-eabi-5_3-151225/bin/../lib/gcc/arm-none-eabi/5.3.1/../../../../arm-none-eabi/lib/armv7e-m\libg_nano.a(lib_a-nano-mallocr.o)
                              c:/stm32_toolchain/gcc-arm-none-eabi-5_3-151225/bin/../lib/gcc/arm-none-eabi/5.3.1/../../../../arm-none-eabi/lib/armv7e-m\libg_nano.a(lib_a-malloc.o) (_malloc_r)
c:/stm32_toolchain/gcc-arm-none-eabi-5_3-151225/bin/../lib/gcc/arm-none-eabi/5.3.1/../../../../arm-none-eabi/lib/armv7e-m\libg_nano.a(lib_a-sbrkr.o)
                              c:/stm32_toolchain/gcc-arm-none-eabi-5_3-151225/bin/../lib/gcc/arm-none-eabi/5.3.1/../../../../arm-none-eabi/lib/armv7e-m\libg_nano.a(lib_a-nano-mallocr.o) (_sbrk_r)
c:/stm32_toolchain/gcc-arm-none-eabi-5_3-151225/bin/../lib/gcc/arm-none-eabi/5.3.1/../../../../arm-none-eabi/lib/armv7e-m\libg_nano.a(lib_a-sprintf.o)
                              ./src/PTCAN.o (sprintf)
c:/stm32_toolchain/gcc-arm-none-eabi-5_3-151225/bin/../lib/gcc/arm-none-eabi/5.3.1/../../../../arm-none-eabi/lib/armv7e-m\libg_nano.a(lib_a-strcpy.o)
                              ./TM/tm_stm32_fatfs.o (strcpy)
c:/stm32_toolchain/gcc-arm-none-eabi-5_3-151225/bin/../lib/gcc/arm-none-eabi/5.3.1/../../../../arm-none-eabi/lib/armv7e-m\libg_nano.a(lib_a-strlen.o)
                              ./TM/tm_stm32_fatfs.o (strlen)
c:/stm32_toolchain/gcc-arm-none-eabi-5_3-151225/bin/../lib/gcc/arm-none-eabi/5.3.1/../../../../arm-none-eabi/lib/armv7e-m\libg_nano.a(lib_a-nano-svfprintf.o)
                              c:/stm32_toolchain/gcc-arm-none-eabi-5_3-151225/bin/../lib/gcc/arm-none-eabi/5.3.1/../../../../arm-none-eabi/lib/armv7e-m\libg_nano.a(lib_a-sprintf.o) (_svfprintf_r)
c:/stm32_toolchain/gcc-arm-none-eabi-5_3-151225/bin/../lib/gcc/arm-none-eabi/5.3.1/../../../../arm-none-eabi/lib/armv7e-m\libg_nano.a(lib_a-nano-vfprintf_i.o)
                              c:/stm32_toolchain/gcc-arm-none-eabi-5_3-151225/bin/../lib/gcc/arm-none-eabi/5.3.1/../../../../arm-none-eabi/lib/armv7e-m\libg_nano.a(lib_a-nano-svfprintf.o) (_printf_i)
c:/stm32_toolchain/gcc-arm-none-eabi-5_3-151225/bin/../lib/gcc/arm-none-eabi/5.3.1/../../../../arm-none-eabi/lib/armv7e-m\libg_nano.a(lib_a-memchr.o)
                              c:/stm32_toolchain/gcc-arm-none-eabi-5_3-151225/bin/../lib/gcc/arm-none-eabi/5.3.1/../../../../arm-none-eabi/lib/armv7e-m\libg_nano.a(lib_a-nano-svfprintf.o) (memchr)
c:/stm32_toolchain/gcc-arm-none-eabi-5_3-151225/bin/../lib/gcc/arm-none-eabi/5.3.1/../../../../arm-none-eabi/lib/armv7e-m\libg_nano.a(lib_a-memcpy-stub.o)
                              c:/stm32_toolchain/gcc-arm-none-eabi-5_3-151225/bin/../lib/gcc/arm-none-eabi/5.3.1/../../../../arm-none-eabi/lib/armv7e-m\libg_nano.a(lib_a-nano-svfprintf.o) (memcpy)
c:/stm32_toolchain/gcc-arm-none-eabi-5_3-151225/bin/../lib/gcc/arm-none-eabi/5.3.1/../../../../arm-none-eabi/lib/armv7e-m\libg_nano.a(lib_a-memmove.o)
                              c:/stm32_toolchain/gcc-arm-none-eabi-5_3-151225/bin/../lib/gcc/arm-none-eabi/5.3.1/../../../../arm-none-eabi/lib/armv7e-m\libg_nano.a(lib_a-nano-svfprintf.o) (memmove)
[...]
Memory Configuration

Name             Origin             Length             Attributes
RAM              0x0000000020000000 0x0000000000020000 xrw
CCMRAM           0x0000000010000000 0x0000000000010000 xrw
FLASH            0x0000000008000000 0x0000000000100000 xr
FLASHB1          0x0000000000000000 0x0000000000000000 xr
EXTMEMB0         0x0000000000000000 0x0000000000000000 xr
EXTMEMB1         0x0000000000000000 0x0000000000000000 xr
EXTMEMB2         0x0000000000000000 0x0000000000000000 xr
EXTMEMB3         0x0000000000000000 0x0000000000000000 xr
MEMORY_ARRAY     0x0000000020002000 0x0000000000000020 xrw
*default*        0x0000000000000000 0xffffffffffffffff

Linker script and memory map

LOAD ./system/src/stm32f4-hal/stm32f4xx_hal.o
LOAD ./system/src/stm32f4-hal/stm32f4xx_hal_can.o
LOAD ./system/src/stm32f4-hal/stm32f4xx_hal_cortex.o
LOAD ./system/src/stm32f4-hal/stm32f4xx_hal_flash.o
LOAD ./system/src/stm32f4-hal/stm32f4xx_hal_gpio.o
LOAD ./system/src/stm32f4-hal/stm32f4xx_hal_iwdg.o
LOAD ./system/src/stm32f4-hal/stm32f4xx_hal_pwr.o
LOAD ./system/src/stm32f4-hal/stm32f4xx_hal_rcc.o
LOAD ./system/src/stm32f4-hal/stm32f4xx_hal_rcc_ex.o
LOAD ./system/src/stm32f4-hal/stm32f4xx_hal_spi.o
LOAD ./system/src/stm32f4-hal/stm32f4xx_hal_tim.o
LOAD ./system/src/stm32f4-hal/stm32f4xx_hal_tim_ex.o
LOAD ./system/src/newlib/_cxx.o
LOAD ./system/src/newlib/_exit.o
LOAD ./system/src/newlib/_sbrk.o
LOAD ./system/src/newlib/_startup.o
LOAD ./system/src/newlib/_syscalls.o
LOAD ./system/src/newlib/assert.o
LOAD ./system/src/diag/Trace.o
LOAD ./system/src/diag/trace_impl.o
LOAD ./system/src/cortexm/_initialize_hardware.o
LOAD ./system/src/cortexm/_reset_hardware.o
LOAD ./system/src/cortexm/exception_handlers.o
LOAD ./system/src/cmsis/system_stm32f4xx.o
LOAD ./system/src/cmsis/vectors_stm32f407xx.o
LOAD ./src/PTCAN.o
LOAD ./src/led_button.o
LOAD ./src/main.o
LOAD ./src/stm32f4xx_hal_msp.o
LOAD ./src/stm32f4xx_it.o
LOAD ./TM/diskio.o
LOAD ./TM/fatfs_sd.o
LOAD ./TM/ff.o
LOAD ./TM/syscall.o
LOAD ./TM/tm_stm32_delay.o
LOAD ./TM/tm_stm32_fatfs.o
LOAD ./TM/tm_stm32_gpio.o
LOAD ./TM/tm_stm32_rcc.o
LOAD ./TM/tm_stm32_spi.o
LOAD ./TM/unicode.o
LOAD c:/stm32_toolchain/gcc-arm-none-eabi-5_3-151225/bin/../lib/gcc/arm-none-eabi/5.3.1/../../../../arm-none-eabi/lib/armv7e-m\libstdc++_nano.a
LOAD c:/stm32_toolchain/gcc-arm-none-eabi-5_3-151225/bin/../lib/gcc/arm-none-eabi/5.3.1/../../../../arm-none-eabi/lib/armv7e-m\libm.a
START GROUP
LOAD c:/stm32_toolchain/gcc-arm-none-eabi-5_3-151225/bin/../lib/gcc/arm-none-eabi/5.3.1/armv7e-m\libgcc.a
LOAD c:/stm32_toolchain/gcc-arm-none-eabi-5_3-151225/bin/../lib/gcc/arm-none-eabi/5.3.1/../../../../arm-none-eabi/lib/armv7e-m\libg_nano.a
LOAD c:/stm32_toolchain/gcc-arm-none-eabi-5_3-151225/bin/../lib/gcc/arm-none-eabi/5.3.1/../../../../arm-none-eabi/lib/armv7e-m\libc_nano.a
END GROUP
START GROUP
LOAD c:/stm32_toolchain/gcc-arm-none-eabi-5_3-151225/bin/../lib/gcc/arm-none-eabi/5.3.1/armv7e-m\libgcc.a
LOAD c:/stm32_toolchain/gcc-arm-none-eabi-5_3-151225/bin/../lib/gcc/arm-none-eabi/5.3.1/../../../../arm-none-eabi/lib/armv7e-m\libc_nano.a
END GROUP
                0x0000000020020000                __stack = (ORIGIN (RAM) + LENGTH (RAM))
                0x0000000020020000                _estack = __stack
                0x0000000000000400                __Main_Stack_Size = 0x400
                [!provide]                        PROVIDE (_Main_Stack_Size, __Main_Stack_Size)
                0x000000002001fc00                __Main_Stack_Limit = (__stack - __Main_Stack_Size)
                [!provide]                        PROVIDE (_Main_Stack_Limit, __Main_Stack_Limit)
                0x0000000000000100                _Minimum_Stack_Size = 0x100
                0x0000000020001ef4                PROVIDE (_Heap_Begin, _end_noinit)
                0x000000002001fc00                PROVIDE (_Heap_Limit, (__stack - __Main_Stack_Size))

.isr_vector     0x0000000008000000      0x330
 FILL mask 0xff
                0x0000000008000000                __vectors_start = ABSOLUTE (.)
                0x0000000008000000                __vectors_start__ = ABSOLUTE (.)
 *(.isr_vector)
 .isr_vector    0x0000000008000000      0x188 ./system/src/cmsis/vectors_stm32f407xx.o
                0x0000000008000000                __isr_vectors
 *(.cfmconfig)
 *(.after_vectors .after_vectors.*)
 .after_vectors
                0x0000000008000188      0x130 ./system/src/newlib/_startup.o
                0x0000000008000188                _start
 .after_vectors
                0x00000000080002b8       0x74 ./system/src/cortexm/exception_handlers.o
                0x00000000080002b8                Reset_Handler
                0x00000000080002bc                NMI_Handler
                0x00000000080002c0                HardFault_Handler
                0x00000000080002d4                HardFault_Handler_C
                0x00000000080002d8                MemManage_Handler
                0x00000000080002dc                BusFault_Handler
                0x00000000080002f0                BusFault_Handler_C
                0x00000000080002f4                UsageFault_Handler
                0x0000000008000308                UsageFault_Handler_C
                0x000000000800030c                SVC_Handler
                0x0000000008000310                DebugMon_Handler
                0x0000000008000314                PendSV_Handler
 .after_vectors
                0x000000000800032c        0x4 ./system/src/cmsis/vectors_stm32f407xx.o
                0x000000000800032c                RTC_Alarm_IRQHandler
                0x000000000800032c                HASH_RNG_IRQHandler
                0x000000000800032c                EXTI2_IRQHandler
                0x000000000800032c                TIM8_CC_IRQHandler
                0x000000000800032c                TIM1_CC_IRQHandler
                0x000000000800032c                DMA2_Stream5_IRQHandler
                0x000000000800032c                DMA1_Stream5_IRQHandler
                0x000000000800032c                PVD_IRQHandler
                0x000000000800032c                SDIO_IRQHandler
                0x000000000800032c                TAMP_STAMP_IRQHandler
                0x000000000800032c                CAN2_RX1_IRQHandler
                0x000000000800032c                EXTI3_IRQHandler
                0x000000000800032c                TIM8_TRG_COM_TIM14_IRQHandler
                0x000000000800032c                TIM1_UP_TIM10_IRQHandler
                0x000000000800032c                TIM8_UP_TIM13_IRQHandler
                0x000000000800032c                I2C3_ER_IRQHandler
                0x000000000800032c                I2C2_EV_IRQHandler
                0x000000000800032c                DMA1_Stream2_IRQHandler
                0x000000000800032c                FPU_IRQHandler
                0x000000000800032c                OTG_HS_WKUP_IRQHandler
                0x000000000800032c                CAN2_SCE_IRQHandler
                0x000000000800032c                DMA2_Stream2_IRQHandler
                0x000000000800032c                SPI1_IRQHandler
                0x000000000800032c                TIM6_DAC_IRQHandler
                0x000000000800032c                TIM1_BRK_TIM9_IRQHandler
                0x000000000800032c                DCMI_IRQHandler
                0x000000000800032c                CAN2_RX0_IRQHandler
                0x000000000800032c                DMA2_Stream3_IRQHandler
                0x000000000800032c                USART6_IRQHandler
                0x000000000800032c                USART3_IRQHandler
                0x000000000800032c                CAN1_RX1_IRQHandler
                0x000000000800032c                UART5_IRQHandler
                0x000000000800032c                DMA2_Stream0_IRQHandler
                0x000000000800032c                TIM4_IRQHandler
                0x000000000800032c                I2C1_EV_IRQHandler
                0x000000000800032c                DMA1_Stream6_IRQHandler
                0x000000000800032c                DMA1_Stream1_IRQHandler
                0x000000000800032c                UART4_IRQHandler
                0x000000000800032c                RCC_IRQHandler
                0x000000000800032c                TIM8_BRK_TIM12_IRQHandler
                0x000000000800032c                Default_Handler
                0x000000000800032c                EXTI15_10_IRQHandler
                0x000000000800032c                ADC_IRQHandler
                0x000000000800032c                DMA1_Stream7_IRQHandler
                0x000000000800032c                TIM7_IRQHandler
                0x000000000800032c                TIM5_IRQHandler
                0x000000000800032c                DMA2_Stream7_IRQHandler
                0x000000000800032c                I2C3_EV_IRQHandler
                0x000000000800032c                EXTI9_5_IRQHandler
                0x000000000800032c                RTC_WKUP_IRQHandler
                0x000000000800032c                ETH_WKUP_IRQHandler
                0x000000000800032c                SPI2_IRQHandler
                0x000000000800032c                OTG_HS_EP1_IN_IRQHandler
                0x000000000800032c                DMA1_Stream0_IRQHandler
                0x000000000800032c                CAN1_TX_IRQHandler
                0x000000000800032c                EXTI4_IRQHandler
                0x000000000800032c                ETH_IRQHandler
                0x000000000800032c                OTG_HS_EP1_OUT_IRQHandler
                0x000000000800032c                WWDG_IRQHandler
                0x000000000800032c                OTG_FS_WKUP_IRQHandler
                0x000000000800032c                TIM1_TRG_COM_TIM11_IRQHandler
                0x000000000800032c                OTG_HS_IRQHandler
                0x000000000800032c                EXTI1_IRQHandler
                0x000000000800032c                USART2_IRQHandler
                0x000000000800032c                I2C2_ER_IRQHandler
                0x000000000800032c                DMA2_Stream1_IRQHandler
                0x000000000800032c                CAN1_SCE_IRQHandler
                0x000000000800032c                FLASH_IRQHandler
                0x000000000800032c                DMA2_Stream4_IRQHandler
                0x000000000800032c                USART1_IRQHandler
                0x000000000800032c                OTG_FS_IRQHandler
                0x000000000800032c                SPI3_IRQHandler
                0x000000000800032c                DMA1_Stream4_IRQHandler
                0x000000000800032c                I2C1_ER_IRQHandler
                0x000000000800032c                FMC_IRQHandler
                0x000000000800032c                DMA2_Stream6_IRQHandler
                0x000000000800032c                DMA1_Stream3_IRQHandler

.inits          0x0000000008000330       0x28
                0x0000000008000330                __data_regions_array_start = .
                0x0000000008000330        0x4 LONG 0x800827c LOADADDR (.data)
                0x0000000008000334        0x4 LONG 0x20000000 ADDR (.data)
                0x0000000008000338        0x4 LONG 0x20000148 (ADDR (.data) + SIZEOF (.data))
                0x000000000800033c        0x4 LONG 0x800827c LOADADDR (.data_CCMRAM)
                0x0000000008000340        0x4 LONG 0x10000000 ADDR (.data_CCMRAM)
                0x0000000008000344        0x4 LONG 0x10000000 (ADDR (.data_CCMRAM) + SIZEOF (.data_CCMRAM))
                0x0000000008000348                __data_regions_array_end = .
                0x0000000008000348                __bss_regions_array_start = .
                0x0000000008000348        0x4 LONG 0x20000148 ADDR (.bss)
                0x000000000800034c        0x4 LONG 0x20001ef4 (ADDR (.bss) + SIZEOF (.bss))
                0x0000000008000350        0x4 LONG 0x10000000 ADDR (.bss_CCMRAM)
                0x0000000008000354        0x4 LONG 0x10000000 (ADDR (.bss_CCMRAM) + SIZEOF (.bss_CCMRAM))
                0x0000000008000358                __bss_regions_array_end = .
 *(.init)
 *(.fini)
                0x0000000008000358                . = ALIGN (0x4)
                0x0000000008000358                PROVIDE (__preinit_array_start, .)
 *(.preinit_array_sysinit .preinit_array_sysinit.*)
 *(.preinit_array_platform .preinit_array_platform.*)
 *(.preinit_array .preinit_array.*)
                0x0000000008000358                PROVIDE (__preinit_array_end, .)
                0x0000000008000358                . = ALIGN (0x4)
                0x0000000008000358                PROVIDE (__init_array_start, .)
 *(SORT(.init_array.*))
 *(.init_array)
                0x0000000008000358                PROVIDE (__init_array_end, .)
                0x0000000008000358                . = ALIGN (0x4)
                0x0000000008000358                PROVIDE (__fini_array_start, .)
 *(SORT(.fini_array.*))
 *(.fini_array)
                0x0000000008000358                PROVIDE (__fini_array_end, .)

.flashtext
 *(.flashtext .flashtext.*)

.text           0x0000000008000360     0x7f19
 *(.text .text.*)
 .text.HAL_InitTick
                0x0000000008000360       0x28 ./system/src/stm32f4-hal/stm32f4xx_hal.o
                0x0000000008000360                HAL_InitTick
 .text.HAL_Init
                0x0000000008000388       0x34 ./system/src/stm32f4-hal/stm32f4xx_hal.o
                0x0000000008000388                HAL_Init
 .text.HAL_CAN_ConfigFilter
                0x00000000080003bc      0x170 ./system/src/stm32f4-hal/stm32f4xx_hal_can.o
                0x00000000080003bc                HAL_CAN_ConfigFilter
 .text.HAL_CAN_Init
                0x000000000800052c      0x26c ./system/src/stm32f4-hal/stm32f4xx_hal_can.o
                0x000000000800052c                HAL_CAN_Init
 .text.HAL_CAN_Transmit
                0x0000000008000798      0x228 ./system/src/stm32f4-hal/stm32f4xx_hal_can.o
                0x0000000008000798                HAL_CAN_Transmit
 .text.HAL_CAN_Receive_IT
                0x00000000080009c0       0xac ./system/src/stm32f4-hal/stm32f4xx_hal_can.o
                0x00000000080009c0                HAL_CAN_Receive_IT
 .text.HAL_CAN_Sleep
                0x0000000008000a6c       0x7c ./system/src/stm32f4-hal/stm32f4xx_hal_can.o
                0x0000000008000a6c                HAL_CAN_Sleep
 .text.HAL_CAN_WakeUp
                0x0000000008000ae8       0x70 ./system/src/stm32f4-hal/stm32f4xx_hal_can.o
                0x0000000008000ae8                HAL_CAN_WakeUp
 .text.HAL_CAN_TxCpltCallback
                0x0000000008000b58        0x4 ./system/src/stm32f4-hal/stm32f4xx_hal_can.o
                0x0000000008000b58                HAL_CAN_TxCpltCallback
 .text.CAN_Transmit_IT
                0x0000000008000b5c       0x68 ./system/src/stm32f4-hal/stm32f4xx_hal_can.o
 .text.CAN_Receive_IT
                0x0000000008000bc4      0x15c ./system/src/stm32f4-hal/stm32f4xx_hal_can.o
 .text.HAL_CAN_ErrorCallback
                0x0000000008000d20        0x4 ./system/src/stm32f4-hal/stm32f4xx_hal_can.o
                0x0000000008000d20                HAL_CAN_ErrorCallback
 .text.HAL_CAN_IRQHandler
                0x0000000008000d24      0x18c ./system/src/stm32f4-hal/stm32f4xx_hal_can.o
                0x0000000008000d24                HAL_CAN_IRQHandler
 .text.HAL_NVIC_SetPriorityGrouping
                0x0000000008000eb0       0x3c ./system/src/stm32f4-hal/stm32f4xx_hal_cortex.o
                0x0000000008000eb0                HAL_NVIC_SetPriorityGrouping
 .text.HAL_NVIC_SetPriority
                0x0000000008000eec       0x84 ./system/src/stm32f4-hal/stm32f4xx_hal_cortex.o
                0x0000000008000eec                HAL_NVIC_SetPriority
 .text.HAL_NVIC_EnableIRQ
                0x0000000008000f70       0x2c ./system/src/stm32f4-hal/stm32f4xx_hal_cortex.o
                0x0000000008000f70                HAL_NVIC_EnableIRQ
 .text.HAL_NVIC_DisableIRQ
                0x0000000008000f9c       0x2c ./system/src/stm32f4-hal/stm32f4xx_hal_cortex.o
                0x0000000008000f9c                HAL_NVIC_DisableIRQ
 .text.HAL_SYSTICK_Config
                0x0000000008000fc8       0x2c ./system/src/stm32f4-hal/stm32f4xx_hal_cortex.o
                0x0000000008000fc8                HAL_SYSTICK_Config
 .text.HAL_NVIC_ClearPendingIRQ
                0x0000000008000ff4       0x30 ./system/src/stm32f4-hal/stm32f4xx_hal_cortex.o
                0x0000000008000ff4                HAL_NVIC_ClearPendingIRQ
 .text.HAL_SYSTICK_CLKSourceConfig
                0x0000000008001024       0x38 ./system/src/stm32f4-hal/stm32f4xx_hal_cortex.o
                0x0000000008001024                HAL_SYSTICK_CLKSourceConfig
 .text.HAL_SYSTICK_Callback
                0x000000000800105c        0x4 ./system/src/stm32f4-hal/stm32f4xx_hal_cortex.o
                0x000000000800105c                HAL_SYSTICK_Callback
 .text.HAL_SYSTICK_IRQHandler
                0x0000000008001060        0x8 ./system/src/stm32f4-hal/stm32f4xx_hal_cortex.o
                0x0000000008001060                HAL_SYSTICK_IRQHandler
 .text.HAL_GPIO_Init
                0x0000000008001068      0x32c ./system/src/stm32f4-hal/stm32f4xx_hal_gpio.o
                0x0000000008001068                HAL_GPIO_Init
 .text.HAL_GPIO_DeInit
                0x0000000008001394      0x180 ./system/src/stm32f4-hal/stm32f4xx_hal_gpio.o
                0x0000000008001394                HAL_GPIO_DeInit
 .text.HAL_GPIO_WritePin
                0x0000000008001514       0x34 ./system/src/stm32f4-hal/stm32f4xx_hal_gpio.o
                0x0000000008001514                HAL_GPIO_WritePin
 .text.HAL_GPIO_TogglePin
                0x0000000008001548       0x20 ./system/src/stm32f4-hal/stm32f4xx_hal_gpio.o
                0x0000000008001548                HAL_GPIO_TogglePin
 .text.HAL_GPIO_EXTI_IRQHandler
                0x0000000008001568       0x18 ./system/src/stm32f4-hal/stm32f4xx_hal_gpio.o
                0x0000000008001568                HAL_GPIO_EXTI_IRQHandler
 .text.HAL_RCC_OscConfig
                0x0000000008001580      0x4a8 ./system/src/stm32f4-hal/stm32f4xx_hal_rcc.o
                0x0000000008001580                HAL_RCC_OscConfig
 .text.HAL_RCC_ClockConfig
                0x0000000008001a28      0x368 ./system/src/stm32f4-hal/stm32f4xx_hal_rcc.o
                0x0000000008001a28                HAL_RCC_ClockConfig
 .text.HAL_RCC_GetSysClockFreq
                0x0000000008001d90       0xa0 ./system/src/stm32f4-hal/stm32f4xx_hal_rcc.o
                0x0000000008001d90                HAL_RCC_GetSysClockFreq
 .text.HAL_RCC_GetHCLKFreq
                0x0000000008001e30       0x34 ./system/src/stm32f4-hal/stm32f4xx_hal_rcc.o
                0x0000000008001e30                HAL_RCC_GetHCLKFreq
 .text.HAL_SPI_MspInit
                0x0000000008001e64        0x4 ./system/src/stm32f4-hal/stm32f4xx_hal_spi.o
                0x0000000008001e64                HAL_SPI_MspInit
 .text.HAL_SPI_Init
                0x0000000008001e68      0x16c ./system/src/stm32f4-hal/stm32f4xx_hal_spi.o
                0x0000000008001e68                HAL_SPI_Init
 .text.TIM_TI1_ConfigInputStage
                0x0000000008001fd4       0x24 ./system/src/stm32f4-hal/stm32f4xx_hal_tim.o
 .text.TIM_TI2_ConfigInputStage
                0x0000000008001ff8       0x28 ./system/src/stm32f4-hal/stm32f4xx_hal_tim.o
 .text.TIM_ITRx_SetConfig
                0x0000000008002020       0x10 ./system/src/stm32f4-hal/stm32f4xx_hal_tim.o
 .text.TIM_ETR_SetConfig
                0x0000000008002030       0x18 ./system/src/stm32f4-hal/stm32f4xx_hal_tim.o
 .text.HAL_TIM_Base_Start_IT
                0x0000000008002048       0x9c ./system/src/stm32f4-hal/stm32f4xx_hal_tim.o
                0x0000000008002048                HAL_TIM_Base_Start_IT
 .text.HAL_TIM_Base_Stop_IT
                0x00000000080020e4       0xb0 ./system/src/stm32f4-hal/stm32f4xx_hal_tim.o
                0x00000000080020e4                HAL_TIM_Base_Stop_IT
 .text.HAL_TIM_ConfigClockSource
                0x0000000008002194      0x4d8 ./system/src/stm32f4-hal/stm32f4xx_hal_tim.o
                0x0000000008002194                HAL_TIM_ConfigClockSource
 .text.HAL_TIM_OC_DelayElapsedCallback
                0x000000000800266c        0x4 ./system/src/stm32f4-hal/stm32f4xx_hal_tim.o
                0x000000000800266c                HAL_TIM_OC_DelayElapsedCallback
 .text.HAL_TIM_IC_CaptureCallback
                0x0000000008002670        0x4 ./system/src/stm32f4-hal/stm32f4xx_hal_tim.o
                0x0000000008002670                HAL_TIM_IC_CaptureCallback
 .text.HAL_TIM_PWM_PulseFinishedCallback
                0x0000000008002674        0x4 ./system/src/stm32f4-hal/stm32f4xx_hal_tim.o
                0x0000000008002674                HAL_TIM_PWM_PulseFinishedCallback
 .text.HAL_TIM_TriggerCallback
                0x0000000008002678        0x4 ./system/src/stm32f4-hal/stm32f4xx_hal_tim.o
                0x0000000008002678                HAL_TIM_TriggerCallback
 .text.HAL_TIM_IRQHandler
                0x000000000800267c      0x174 ./system/src/stm32f4-hal/stm32f4xx_hal_tim.o
                0x000000000800267c                HAL_TIM_IRQHandler
 .text.TIM_Base_SetConfig
                0x00000000080027f0      0x11c ./system/src/stm32f4-hal/stm32f4xx_hal_tim.o
                0x00000000080027f0                TIM_Base_SetConfig
 .text.HAL_TIM_Base_Init
                0x000000000800290c       0xec ./system/src/stm32f4-hal/stm32f4xx_hal_tim.o
                0x000000000800290c                HAL_TIM_Base_Init
 .text.HAL_TIMEx_MasterConfigSynchronization
                0x00000000080029f8       0xf0 ./system/src/stm32f4-hal/stm32f4xx_hal_tim_ex.o
                0x00000000080029f8                HAL_TIMEx_MasterConfigSynchronization
 .text.HAL_TIMEx_CommutationCallback
                0x0000000008002ae8        0x4 ./system/src/stm32f4-hal/stm32f4xx_hal_tim_ex.o
                0x0000000008002ae8                HAL_TIMEx_CommutationCallback
 .text.HAL_TIMEx_BreakCallback
                0x0000000008002aec        0x4 ./system/src/stm32f4-hal/stm32f4xx_hal_tim_ex.o
                0x0000000008002aec                HAL_TIMEx_BreakCallback
 .text._exit    0x0000000008002af0        0x8 ./system/src/newlib/_exit.o
                0x0000000008002af0                _exit
 .text._sbrk    0x0000000008002af8       0x44 ./system/src/newlib/_sbrk.o
                0x0000000008002af8                _sbrk
 .text.__initialize_args
                0x0000000008002b3c       0x10 ./system/src/newlib/_syscalls.o
                0x0000000008002b3c                __initialize_args
 .text.__initialize_hardware_early
                0x0000000008002b4c       0x18 ./system/src/cortexm/_initialize_hardware.o
                0x0000000008002b4c                __initialize_hardware_early
 .text.__initialize_hardware
                0x0000000008002b64        0x8 ./system/src/cortexm/_initialize_hardware.o
                0x0000000008002b64                __initialize_hardware
 .text.__reset_hardware
                0x0000000008002b6c       0x24 ./system/src/cortexm/_reset_hardware.o
                0x0000000008002b6c                __reset_hardware
 .text.SystemInit
                0x0000000008002b90       0x40 ./system/src/cmsis/system_stm32f4xx.o
                0x0000000008002b90                SystemInit
 .text.SystemCoreClockUpdate
                0x0000000008002bd0       0xa0 ./system/src/cmsis/system_stm32f4xx.o
                0x0000000008002bd0                SystemCoreClockUpdate
 .text.SystemClock_Config
                0x0000000008002c70       0xa4 ./src/PTCAN.o
                0x0000000008002c70                SystemClock_Config
 .text.MX_TIM2_Init
                0x0000000008002d14       0x48 ./src/PTCAN.o
                0x0000000008002d14                MX_TIM2_Init
 .text.MX_TIM3_Init
                0x0000000008002d5c       0x4c ./src/PTCAN.o
                0x0000000008002d5c                MX_TIM3_Init
 .text.MX_GPIO_Init
                0x0000000008002da8       0x30 ./src/PTCAN.o
                0x0000000008002da8                MX_GPIO_Init
 .text.get_storage_state
                0x0000000008002dd8        0xc ./src/PTCAN.o
                0x0000000008002dd8                get_storage_state
 .text.set_storage_state
                0x0000000008002de4        0xc ./src/PTCAN.o
                0x0000000008002de4                set_storage_state
 .text.Error_Handler_CANT
                0x0000000008002df0        0xc ./src/PTCAN.o
                0x0000000008002df0                Error_Handler_CANT
 .text.can_transmit
                0x0000000008002dfc       0x44 ./src/PTCAN.o
                0x0000000008002dfc                can_transmit
 .text.Error_Handler_CANR
                0x0000000008002e40       0x20 ./src/PTCAN.o
                0x0000000008002e40                Error_Handler_CANR
 .text.HAL_CAN_RxCpltCallback
                0x0000000008002e60      0x668 ./src/PTCAN.o
                0x0000000008002e60                HAL_CAN_RxCpltCallback
 .text.Error_Handler_fats
                0x00000000080034c8       0x20 ./src/PTCAN.o
                0x00000000080034c8                Error_Handler_fats
 .text.store_incomming_data
                0x00000000080034e8      0x290 ./src/PTCAN.o
                0x00000000080034e8                store_incomming_data
 .text.Error_Handler
                0x0000000008003778       0x20 ./src/PTCAN.o
                0x0000000008003778                Error_Handler
 .text.MX_CAN1_Init
                0x0000000008003798       0x88 ./src/PTCAN.o
                0x0000000008003798                MX_CAN1_Init
 .text.MX_CAN2_Init
                0x0000000008003820       0x98 ./src/PTCAN.o
                0x0000000008003820                MX_CAN2_Init
 .text.init_config_MCU
                0x00000000080038b8       0x54 ./src/PTCAN.o
                0x00000000080038b8                init_config_MCU
 .text.HAL_GPIO_EXTI_Callback
                0x000000000800390c       0x30 ./src/PTCAN.o
                0x000000000800390c                HAL_GPIO_EXTI_Callback
 .text.HAL_TIM_PeriodElapsedCallback
                0x000000000800393c       0x64 ./src/PTCAN.o
                0x000000000800393c                HAL_TIM_PeriodElapsedCallback
 .text.start_storage
                0x00000000080039a0       0x6c ./src/PTCAN.o
                0x00000000080039a0                start_storage
 .text.stop_storage
                0x0000000008003a0c       0x50 ./src/PTCAN.o
                0x0000000008003a0c                stop_storage
 .text.BSP_LED_Init
                0x0000000008003a5c       0xa4 ./src/led_button.o
                0x0000000008003a5c                BSP_LED_Init
 .text.BSP_LED_Toggle
                0x0000000008003b00       0x1c ./src/led_button.o
                0x0000000008003b00                BSP_LED_Toggle
 .text.BSP_LED_On
                0x0000000008003b1c       0x20 ./src/led_button.o
                0x0000000008003b1c                BSP_LED_On
 .text.BSP_LED_Off
                0x0000000008003b3c       0x20 ./src/led_button.o
                0x0000000008003b3c                BSP_LED_Off
 .text.BSP_PB_Init
                0x0000000008003b5c       0x7c ./src/led_button.o
                0x0000000008003b5c                BSP_PB_Init
 .text.set_button_state
                0x0000000008003bd8        0xc ./src/led_button.o
                0x0000000008003bd8                set_button_state
 .text.reset_button_state
                0x0000000008003be4        0xc ./src/led_button.o
                0x0000000008003be4                reset_button_state
 .text.get_button_state
                0x0000000008003bf0        0xc ./src/led_button.o
                0x0000000008003bf0                get_button_state
 .text.main     0x0000000008003bfc       0x38 ./src/main.o
                0x0000000008003bfc                main
 .text.assert_failed
                0x0000000008003c34        0x4 ./src/main.o
                0x0000000008003c34                assert_failed
 .text.HAL_MspInit
                0x0000000008003c38       0x18 ./src/stm32f4xx_hal_msp.o
                0x0000000008003c38                HAL_MspInit
 .text.HAL_CAN_MspInit
                0x0000000008003c50       0xfc ./src/stm32f4xx_hal_msp.o
                0x0000000008003c50                HAL_CAN_MspInit
 .text.HAL_CAN_MspDeInit
                0x0000000008003d4c       0x88 ./src/stm32f4xx_hal_msp.o
                0x0000000008003d4c                HAL_CAN_MspDeInit
 .text.HAL_TIM_Base_MspInit
                0x0000000008003dd4       0x6c ./src/stm32f4xx_hal_msp.o
                0x0000000008003dd4                HAL_TIM_Base_MspInit
 .text.SysTick_Handler
                0x0000000008003e40        0xc ./src/stm32f4xx_it.o
                0x0000000008003e40                SysTick_Handler
 .text.CAN1_RX0_IRQHandler
                0x0000000008003e4c       0x10 ./src/stm32f4xx_it.o
                0x0000000008003e4c                CAN1_RX0_IRQHandler
 .text.CAN2_TX_IRQHandler
                0x0000000008003e5c       0x10 ./src/stm32f4xx_it.o
                0x0000000008003e5c                CAN2_TX_IRQHandler
 .text.EXTI0_IRQHandler
                0x0000000008003e6c        0xc ./src/stm32f4xx_it.o
                0x0000000008003e6c                EXTI0_IRQHandler
 .text.TIM2_IRQHandler
                0x0000000008003e78       0x14 ./src/stm32f4xx_it.o
                0x0000000008003e78                TIM2_IRQHandler
 .text.TIM3_IRQHandler
                0x0000000008003e8c       0x14 ./src/stm32f4xx_it.o
                0x0000000008003e8c                TIM3_IRQHandler
 .text.TM_FATFS_USBFS_disk_initialize
                0x0000000008003ea0        0x4 ./TM/diskio.o
                0x0000000008003ea0                TM_FATFS_USBFS_disk_initialize
 .text.TM_FATFS_USBHS_disk_initialize
                0x0000000008003ea4        0x4 ./TM/diskio.o
                0x0000000008003ea4                TM_FATFS_USBHS_disk_initialize
 .text.TM_FATFS_SDRAM_disk_initialize
                0x0000000008003ea8        0x4 ./TM/diskio.o
                0x0000000008003ea8                TM_FATFS_SDRAM_disk_initialize
 .text.TM_FATFS_SPI_FLASH_disk_initialize
                0x0000000008003eac        0x4 ./TM/diskio.o
                0x0000000008003eac                TM_FATFS_SPI_FLASH_disk_initialize
 .text.TM_FATFS_USBFS_disk_status
                0x0000000008003eb0        0x4 ./TM/diskio.o
                0x0000000008003eb0                TM_FATFS_USBFS_disk_status
 .text.TM_FATFS_USBHS_disk_status
                0x0000000008003eb4        0x4 ./TM/diskio.o
                0x0000000008003eb4                TM_FATFS_USBHS_disk_status
 .text.TM_FATFS_SDRAM_disk_status
                0x0000000008003eb8        0x4 ./TM/diskio.o
                0x0000000008003eb8                TM_FATFS_SDRAM_disk_status
 .text.TM_FATFS_SPI_FLASH_disk_status
                0x0000000008003ebc        0x4 ./TM/diskio.o
                0x0000000008003ebc                TM_FATFS_SPI_FLASH_disk_status
 .text.TM_FATFS_USBFS_disk_ioctl
                0x0000000008003ec0        0x4 ./TM/diskio.o
                0x0000000008003ec0                TM_FATFS_USBFS_disk_ioctl
 .text.TM_FATFS_USBHS_disk_ioctl
                0x0000000008003ec4        0x4 ./TM/diskio.o
                0x0000000008003ec4                TM_FATFS_USBHS_disk_ioctl
 .text.TM_FATFS_SDRAM_disk_ioctl
                0x0000000008003ec8        0x4 ./TM/diskio.o
                0x0000000008003ec8                TM_FATFS_SDRAM_disk_ioctl
 .text.TM_FATFS_SPI_FLASH_disk_ioctl
                0x0000000008003ecc        0x4 ./TM/diskio.o
                0x0000000008003ecc                TM_FATFS_SPI_FLASH_disk_ioctl
 .text.TM_FATFS_USBFS_disk_read
                0x0000000008003ed0        0x4 ./TM/diskio.o
                0x0000000008003ed0                TM_FATFS_USBFS_disk_read
 .text.TM_FATFS_USBHS_disk_read
                0x0000000008003ed4        0x4 ./TM/diskio.o
                0x0000000008003ed4                TM_FATFS_USBHS_disk_read
 .text.TM_FATFS_SDRAM_disk_read
                0x0000000008003ed8        0x4 ./TM/diskio.o
                0x0000000008003ed8                TM_FATFS_SDRAM_disk_read
 .text.TM_FATFS_SPI_FLASH_disk_read
                0x0000000008003edc        0x4 ./TM/diskio.o
                0x0000000008003edc                TM_FATFS_SPI_FLASH_disk_read
 .text.TM_FATFS_USBFS_disk_write
                0x0000000008003ee0        0x4 ./TM/diskio.o
                0x0000000008003ee0                TM_FATFS_USBFS_disk_write
 .text.TM_FATFS_USBHS_disk_write
                0x0000000008003ee4        0x4 ./TM/diskio.o
                0x0000000008003ee4                TM_FATFS_USBHS_disk_write
 .text.TM_FATFS_SDRAM_disk_write
                0x0000000008003ee8        0x4 ./TM/diskio.o
                0x0000000008003ee8                TM_FATFS_SDRAM_disk_write
 .text.TM_FATFS_SPI_FLASH_disk_write
                0x0000000008003eec        0x4 ./TM/diskio.o
                0x0000000008003eec                TM_FATFS_SPI_FLASH_disk_write
 .text.disk_initialize
                0x0000000008003ef0       0x1c ./TM/diskio.o
                0x0000000008003ef0                disk_initialize
 .text.disk_status
                0x0000000008003f0c       0x1c ./TM/diskio.o
                0x0000000008003f0c                disk_status
 .text.disk_read
                0x0000000008003f28       0x30 ./TM/diskio.o
                0x0000000008003f28                disk_read
 .text.disk_write
                0x0000000008003f58       0x30 ./TM/diskio.o
                0x0000000008003f58                disk_write
 .text.disk_ioctl
                0x0000000008003f88       0x20 ./TM/diskio.o
                0x0000000008003f88                disk_ioctl
 .text.get_fattime
                0x0000000008003fa8        0x8 ./TM/diskio.o
                0x0000000008003fa8                get_fattime
 .text.TM_SPI_Send
                0x0000000008003fb0       0x34 ./TM/fatfs_sd.o
 .text.SDCARD_IsDetected
                0x0000000008003fe4        0x4 ./TM/fatfs_sd.o
 .text.SDCARD_IsWriteEnabled
                0x0000000008003fe8        0x4 ./TM/fatfs_sd.o
 .text.init_spi
                0x0000000008003fec       0x28 ./TM/fatfs_sd.o
 .text.rcvr_spi_multi
                0x0000000008004014       0x14 ./TM/fatfs_sd.o
 .text.xmit_spi_multi
                0x0000000008004028       0x14 ./TM/fatfs_sd.o
 .text.wait_ready
                0x000000000800403c       0x64 ./TM/fatfs_sd.o
 .text.deselect
                0x00000000080040a0       0x50 ./TM/fatfs_sd.o
 .text.select   0x00000000080040f0       0x68 ./TM/fatfs_sd.o
 .text.xmit_datablock
                0x0000000008004158      0x134 ./TM/fatfs_sd.o
 .text.rcvr_datablock
                0x000000000800428c       0xe8 ./TM/fatfs_sd.o
 .text.send_cmd
                0x0000000008004374      0x248 ./TM/fatfs_sd.o
 .text.TM_FATFS_InitPins
                0x00000000080045bc       0x20 ./TM/fatfs_sd.o
                0x00000000080045bc                TM_FATFS_InitPins
 .text.TM_FATFS_SD_disk_initialize
                0x00000000080045dc      0x1e8 ./TM/fatfs_sd.o
                0x00000000080045dc                TM_FATFS_SD_disk_initialize
 .text.TM_FATFS_SD_disk_status
                0x00000000080047c4       0x34 ./TM/fatfs_sd.o
                0x00000000080047c4                TM_FATFS_SD_disk_status
 .text.TM_FATFS_SD_disk_read
                0x00000000080047f8       0x88 ./TM/fatfs_sd.o
                0x00000000080047f8                TM_FATFS_SD_disk_read
 .text.TM_FATFS_SD_disk_write
                0x0000000008004880       0xb4 ./TM/fatfs_sd.o
                0x0000000008004880                TM_FATFS_SD_disk_write
 .text.TM_FATFS_SD_disk_ioctl
                0x0000000008004934      0x2a8 ./TM/fatfs_sd.o
                0x0000000008004934                TM_FATFS_SD_disk_ioctl
 .text.mem_cpy  0x0000000008004bdc       0x14 ./TM/ff.o
 .text.mem_set  0x0000000008004bf0       0x10 ./TM/ff.o
 .text.mem_cmp  0x0000000008004c00       0x24 ./TM/ff.o
 .text.chk_chr  0x0000000008004c24       0x14 ./TM/ff.o
 .text.chk_lock
                0x0000000008004c38       0x84 ./TM/ff.o
 .text.enq_lock
                0x0000000008004cbc       0x24 ./TM/ff.o
 .text.inc_lock
                0x0000000008004ce0       0xc4 ./TM/ff.o
 .text.dec_lock
                0x0000000008004da4       0x48 ./TM/ff.o
 .text.clear_lock
                0x0000000008004dec       0x30 ./TM/ff.o
 .text.ld_clust
                0x0000000008004e1c       0x20 ./TM/ff.o
 .text.st_clust
                0x0000000008004e3c       0x14 ./TM/ff.o
 .text.fit_lfn  0x0000000008004e50       0x60 ./TM/ff.o
 .text.gen_numname
                0x0000000008004eb0       0xa0 ./TM/ff.o
 .text.sum_sfn  0x0000000008004f50       0x1c ./TM/ff.o
 .text.get_ldnumber
                0x0000000008004f6c       0xb4 ./TM/ff.o
 .text.sync_window
                0x0000000008005020       0x54 ./TM/ff.o
 .text.move_window
                0x0000000008005074       0x34 ./TM/ff.o
 .text.check_fs
                0x00000000080050a8       0x90 ./TM/ff.o
 .text.validate
                0x0000000008005138       0x38 ./TM/ff.o
 .text.find_volume
                0x0000000008005170      0x380 ./TM/ff.o
 .text.create_name
                0x00000000080054f0      0x280 ./TM/ff.o
 .text.cmp_lfn  0x0000000008005770       0xac ./TM/ff.o
 .text.sync_fs  0x000000000800581c       0xbc ./TM/ff.o
 .text.clust2sect
                0x00000000080058d8       0x18 ./TM/ff.o
                0x00000000080058d8                clust2sect
 .text.get_fat  0x00000000080058f0       0xec ./TM/ff.o
                0x00000000080058f0                get_fat
 .text.dir_sdi  0x00000000080059dc       0x94 ./TM/ff.o
 .text.put_fat  0x0000000008005a70      0x128 ./TM/ff.o
                0x0000000008005a70                put_fat
 .text.create_chain
                0x0000000008005b98       0xb8 ./TM/ff.o
 .text.dir_next
                0x0000000008005c50      0x120 ./TM/ff.o
 .text.dir_find
                0x0000000008005d70       0xe4 ./TM/ff.o
 .text.follow_path
                0x0000000008005e54       0xa4 ./TM/ff.o
 .text.dir_alloc
                0x0000000008005ef8       0x4c ./TM/ff.o
 .text.dir_register
                0x0000000008005f44      0x12c ./TM/ff.o
 .text.remove_chain
                0x0000000008006070       0x68 ./TM/ff.o
 .text.f_mount  0x00000000080060d8       0x60 ./TM/ff.o
                0x00000000080060d8                f_mount
 .text.f_open   0x0000000008006138      0x1e0 ./TM/ff.o
                0x0000000008006138                f_open
 .text.f_write  0x0000000008006318      0x1b0 ./TM/ff.o
                0x0000000008006318                f_write
 .text.f_sync   0x00000000080064c8       0xa0 ./TM/ff.o
                0x00000000080064c8                f_sync
 .text.f_close  0x0000000008006568       0x28 ./TM/ff.o
                0x0000000008006568                f_close
 .text.f_lseek  0x0000000008006590      0x160 ./TM/ff.o
                0x0000000008006590                f_lseek
 .text.ff_memalloc
                0x00000000080066f0        0x8 ./TM/syscall.o
                0x00000000080066f0                ff_memalloc
 .text.ff_memfree
                0x00000000080066f8        0x8 ./TM/syscall.o
                0x00000000080066f8                ff_memfree
 .text.TM_DELAY_Init
                0x0000000008006700       0x3c ./TM/tm_stm32_delay.o
                0x0000000008006700                TM_DELAY_Init
 .text.TM_DELAY_1msHandler
                0x000000000800673c        0x4 ./TM/tm_stm32_delay.o
                0x000000000800673c                TM_DELAY_1msHandler
 .text.HAL_IncTick
                0x0000000008006740       0x84 ./TM/tm_stm32_delay.o
                0x0000000008006740                HAL_IncTick
 .text.HAL_GetTick
                0x00000000080067c4        0xc ./TM/tm_stm32_delay.o
                0x00000000080067c4                HAL_GetTick
 .text.HAL_Delay
                0x00000000080067d0       0x34 ./TM/tm_stm32_delay.o
                0x00000000080067d0                HAL_Delay
 .text.TM_GPIO_GetPortSource
                0x0000000008006804       0x10 ./TM/tm_stm32_gpio.o
                0x0000000008006804                TM_GPIO_GetPortSource
 .text.TM_GPIO_INT_EnableClock
                0x0000000008006814       0x1c ./TM/tm_stm32_gpio.o
                0x0000000008006814                TM_GPIO_INT_EnableClock
 .text.TM_GPIO_INT_Init
                0x0000000008006830       0xb8 ./TM/tm_stm32_gpio.o
                0x0000000008006830                TM_GPIO_INT_Init
 .text.TM_GPIO_Init
                0x00000000080068e8       0x30 ./TM/tm_stm32_gpio.o
                0x00000000080068e8                TM_GPIO_Init
 .text.TM_GPIO_InitAlternate
                0x0000000008006918       0x68 ./TM/tm_stm32_gpio.o
                0x0000000008006918                TM_GPIO_InitAlternate
 .text.TM_SPI_WriteMulti
                0x0000000008006980       0x44 ./TM/tm_stm32_spi.o
                0x0000000008006980                TM_SPI_WriteMulti
 .text.TM_SPI_ReadMulti
                0x00000000080069c4       0x40 ./TM/tm_stm32_spi.o
                0x00000000080069c4                TM_SPI_ReadMulti
 .text.TM_SPI_InitCustomPinsCallback
                0x0000000008006a04        0x4 ./TM/tm_stm32_spi.o
                0x0000000008006a04                TM_SPI_InitCustomPinsCallback
 .text.TM_SPI1_INT_InitPins
                0x0000000008006a08       0x50 ./TM/tm_stm32_spi.o
                0x0000000008006a08                TM_SPI1_INT_InitPins
 .text.TM_SPI2_INT_InitPins
                0x0000000008006a58       0xb0 ./TM/tm_stm32_spi.o
                0x0000000008006a58                TM_SPI2_INT_InitPins
 .text.TM_SPI3_INT_InitPins
                0x0000000008006b08       0x54 ./TM/tm_stm32_spi.o
                0x0000000008006b08                TM_SPI3_INT_InitPins
 .text.TM_SPIx_Init
                0x0000000008006b5c       0xfc ./TM/tm_stm32_spi.o
 .text.TM_SPI_Init
                0x0000000008006c58       0x64 ./TM/tm_stm32_spi.o
                0x0000000008006c58                TM_SPI_Init
 .text.ff_convert
                0x0000000008006cbc       0x3c ./TM/unicode.o
                0x0000000008006cbc                ff_convert
 .text.ff_wtoupper
                0x0000000008006cf8       0x50 ./TM/unicode.o
                0x0000000008006cf8                ff_wtoupper
 .text.__errno  0x0000000008006d48        0xc c:/stm32_toolchain/gcc-arm-none-eabi-5_3-151225/bin/../lib/gcc/arm-none-eabi/5.3.1/../../../../arm-none-eabi/lib/armv7e-m\libg_nano.a(lib_a-errno.o)
                0x0000000008006d48                __errno
 .text.malloc   0x0000000008006d54       0x10 c:/stm32_toolchain/gcc-arm-none-eabi-5_3-151225/bin/../lib/gcc/arm-none-eabi/5.3.1/../../../../arm-none-eabi/lib/armv7e-m\libg_nano.a(lib_a-malloc.o)
                0x0000000008006d54                malloc
 .text.free     0x0000000008006d64       0x10 c:/stm32_toolchain/gcc-arm-none-eabi-5_3-151225/bin/../lib/gcc/arm-none-eabi/5.3.1/../../../../arm-none-eabi/lib/armv7e-m\libg_nano.a(lib_a-malloc.o)
                0x0000000008006d64                free
 .text._free_r  0x0000000008006d74       0x8c c:/stm32_toolchain/gcc-arm-none-eabi-5_3-151225/bin/../lib/gcc/arm-none-eabi/5.3.1/../../../../arm-none-eabi/lib/armv7e-m\libg_nano.a(lib_a-nano-freer.o)
                0x0000000008006d74                _free_r
 .text._malloc_r
                0x0000000008006e00       0xa8 c:/stm32_toolchain/gcc-arm-none-eabi-5_3-151225/bin/../lib/gcc/arm-none-eabi/5.3.1/../../../../arm-none-eabi/lib/armv7e-m\libg_nano.a(lib_a-nano-mallocr.o)
                0x0000000008006e00                _malloc_r
 .text._sbrk_r  0x0000000008006ea8       0x20 c:/stm32_toolchain/gcc-arm-none-eabi-5_3-151225/bin/../lib/gcc/arm-none-eabi/5.3.1/../../../../arm-none-eabi/lib/armv7e-m\libg_nano.a(lib_a-sbrkr.o)
                0x0000000008006ea8                _sbrk_r
 .text.sprintf  0x0000000008006ec8       0x48 c:/stm32_toolchain/gcc-arm-none-eabi-5_3-151225/bin/../lib/gcc/arm-none-eabi/5.3.1/../../../../arm-none-eabi/lib/armv7e-m\libg_nano.a(lib_a-sprintf.o)
                0x0000000008006ec8                siprintf
                0x0000000008006ec8                sprintf
 .text.__ssputs_r
                0x0000000008006f10       0xb2 c:/stm32_toolchain/gcc-arm-none-eabi-5_3-151225/bin/../lib/gcc/arm-none-eabi/5.3.1/../../../../arm-none-eabi/lib/armv7e-m\libg_nano.a(lib_a-nano-svfprintf.o)
                0x0000000008006f10                __ssputs_r
 *fill*         0x0000000008006fc2        0x2 
 .text._svfprintf_r
                0x0000000008006fc4      0x1e8 c:/stm32_toolchain/gcc-arm-none-eabi-5_3-151225/bin/../lib/gcc/arm-none-eabi/5.3.1/../../../../arm-none-eabi/lib/armv7e-m\libg_nano.a(lib_a-nano-svfprintf.o)
                0x0000000008006fc4                _svfiprintf_r
                0x0000000008006fc4                _svfprintf_r
 .text._printf_common
                0x00000000080071ac       0xec c:/stm32_toolchain/gcc-arm-none-eabi-5_3-151225/bin/../lib/gcc/arm-none-eabi/5.3.1/../../../../arm-none-eabi/lib/armv7e-m\libg_nano.a(lib_a-nano-vfprintf_i.o)
                0x00000000080071ac                _printf_common
 .text._printf_i
                0x0000000008007298      0x24c c:/stm32_toolchain/gcc-arm-none-eabi-5_3-151225/bin/../lib/gcc/arm-none-eabi/5.3.1/../../../../arm-none-eabi/lib/armv7e-m\libg_nano.a(lib_a-nano-vfprintf_i.o)
                0x0000000008007298                _printf_i
 *fill*         0x00000000080074e4        0xc 
 .text          0x00000000080074f0       0xa0 c:/stm32_toolchain/gcc-arm-none-eabi-5_3-151225/bin/../lib/gcc/arm-none-eabi/5.3.1/../../../../arm-none-eabi/lib/armv7e-m\libg_nano.a(lib_a-memchr.o)
                0x00000000080074f0                memchr
 .text.memcpy   0x0000000008007590       0x16 c:/stm32_toolchain/gcc-arm-none-eabi-5_3-151225/bin/../lib/gcc/arm-none-eabi/5.3.1/../../../../arm-none-eabi/lib/armv7e-m\libg_nano.a(lib_a-memcpy-stub.o)
                0x0000000008007590                memcpy
 .text.memmove  0x00000000080075a6       0x36 c:/stm32_toolchain/gcc-arm-none-eabi-5_3-151225/bin/../lib/gcc/arm-none-eabi/5.3.1/../../../../arm-none-eabi/lib/armv7e-m\libg_nano.a(lib_a-memmove.o)
                0x00000000080075a6                memmove
 .text._realloc_r
                0x00000000080075dc       0x4c c:/stm32_toolchain/gcc-arm-none-eabi-5_3-151225/bin/../lib/gcc/arm-none-eabi/5.3.1/../../../../arm-none-eabi/lib/armv7e-m\libg_nano.a(lib_a-nano-reallocr.o)
                0x00000000080075dc                _realloc_r
 .text._malloc_usable_size_r
                0x0000000008007628       0x14 c:/stm32_toolchain/gcc-arm-none-eabi-5_3-151225/bin/../lib/gcc/arm-none-eabi/5.3.1/../../../../arm-none-eabi/lib/armv7e-m\libg_nano.a(lib_a-nano-msizer.o)
                0x0000000008007628                _malloc_usable_size_r
 *(.rodata .rodata.* .constdata .constdata.*)
 .rodata.str1.4
                0x000000000800763c       0x2e ./system/src/stm32f4-hal/stm32f4xx_hal_can.o
 *fill*         0x000000000800766a        0x2 
 .rodata.str1.4
                0x000000000800766c       0x31 ./system/src/stm32f4-hal/stm32f4xx_hal_cortex.o
 *fill*         0x000000000800769d        0x3 
 .rodata.str1.4
                0x00000000080076a0       0x2f ./system/src/stm32f4-hal/stm32f4xx_hal_gpio.o
 *fill*         0x00000000080076cf        0x1 
 .rodata.APBAHBPrescTable
                0x00000000080076d0       0x10 ./system/src/stm32f4-hal/stm32f4xx_hal_rcc.o
                0x00000000080076d0                APBAHBPrescTable
 .rodata.str1.4
                0x00000000080076e0       0x2e ./system/src/stm32f4-hal/stm32f4xx_hal_rcc.o
 *fill*         0x000000000800770e        0x2 
 .rodata.str1.4
                0x0000000008007710       0x2e ./system/src/stm32f4-hal/stm32f4xx_hal_spi.o
 *fill*         0x000000000800773e        0x2 
 .rodata.str1.4
                0x0000000008007740       0x2e ./system/src/stm32f4-hal/stm32f4xx_hal_tim.o
 *fill*         0x000000000800776e        0x2 
 .rodata.str1.4
                0x0000000008007770       0x31 ./system/src/stm32f4-hal/stm32f4xx_hal_tim_ex.o
 *fill*         0x00000000080077a1        0x3 
 .rodata.AHBPrescTable
                0x00000000080077a4       0x10 ./system/src/cmsis/system_stm32f4xx.o
                0x00000000080077a4                AHBPrescTable
 .rodata.str1.4
                0x00000000080077b4       0x7c ./src/PTCAN.o
 .rodata.GPIO_PIN
                0x0000000008007830        0x8 ./src/led_button.o
                0x0000000008007830                GPIO_PIN
 .rodata.ExCvt  0x0000000008007838       0x80 ./TM/ff.o
 .rodata.str1.4
                0x00000000080078b8       0xa0 ./TM/ff.o
                                         0x9e (size before relaxing)
 .rodata.LfnOfs
                0x0000000008007958        0xd ./TM/ff.o
 *fill*         0x0000000008007965        0x3 
 .rodata.str.4426
                0x0000000008007968       0x24 ./TM/ff.o
 .rodata.lower.3901
                0x000000000800798c      0x3dc ./TM/unicode.o
 .rodata.Tbl    0x0000000008007d68      0x100 ./TM/unicode.o
 .rodata.upper.3902
                0x0000000008007e68      0x3dc ./TM/unicode.o
 .rodata.str1.1
                0x0000000008008244        0x2 c:/stm32_toolchain/gcc-arm-none-eabi-5_3-151225/bin/../lib/gcc/arm-none-eabi/5.3.1/../../../../arm-none-eabi/lib/armv7e-m\libg_nano.a(lib_a-impure.o)
 .rodata.str1.1
                0x0000000008008246       0x11 c:/stm32_toolchain/gcc-arm-none-eabi-5_3-151225/bin/../lib/gcc/arm-none-eabi/5.3.1/../../../../arm-none-eabi/lib/armv7e-m\libg_nano.a(lib_a-nano-svfprintf.o)
 .rodata.str1.1
                0x0000000008008257       0x22 c:/stm32_toolchain/gcc-arm-none-eabi-5_3-151225/bin/../lib/gcc/arm-none-eabi/5.3.1/../../../../arm-none-eabi/lib/armv7e-m\libg_nano.a(lib_a-nano-vfprintf_i.o)
 *(vtable)
 *(.eh_frame*)
 *(.glue_7)
 .glue_7        0x0000000008008279        0x0 linker stubs
 *(.glue_7t)
 .glue_7t       0x0000000008008279        0x0 linker stubs

.vfp11_veneer   0x000000000800827c        0x0
 .vfp11_veneer  0x000000000800827c        0x0 linker stubs

.v4_bx          0x000000000800827c        0x0
 .v4_bx         0x000000000800827c        0x0 linker stubs

.iplt           0x000000000800827c        0x0
 .iplt          0x000000000800827c        0x0 ./system/src/stm32f4-hal/stm32f4xx_hal.o

.rel.dyn        0x000000000800827c        0x0
 .rel.iplt      0x000000000800827c        0x0 ./system/src/stm32f4-hal/stm32f4xx_hal.o

.ARM.extab
 *(.ARM.extab* .gnu.linkonce.armextab.*)
                0x000000000800827c                . = ALIGN (0x4)
                0x000000000800827c                __exidx_start = .

.ARM.exidx
 *(.ARM.exidx* .gnu.linkonce.armexidx.*)
                0x000000000800827c                __exidx_end = .
                0x000000000800827c                . = ALIGN (0x4)
                0x000000000800827c                _etext = .
                0x000000000800827c                __etext = .

.data_CCMRAM    0x0000000010000000        0x0 load address 0x000000000800827c
 FILL mask 0xff
 *(.data.CCMRAM .data.CCMRAM.*)
                0x0000000010000000                . = ALIGN (0x4)
                0x000000000800827c                _sidata = LOADADDR (.data)

.data           0x0000000020000000      0x148 load address 0x000000000800827c
 FILL mask 0xff
                0x0000000020000000                _sdata = .
                0x0000000020000000                __data_start__ = .
 *(.data_begin .data_begin.*)
 .data_begin    0x0000000020000000        0x4 ./system/src/newlib/_startup.o
 *(.data .data.*)
 .data.argv.4238
                0x0000000020000004        0x8 ./system/src/newlib/_syscalls.o
 .data.SystemCoreClock
                0x000000002000000c        0x4 ./system/src/cmsis/system_stm32f4xx.o
                0x000000002000000c                SystemCoreClock
 .data.messung  0x0000000020000010        0x1 ./src/PTCAN.o
                0x0000000020000010                messung
 .data.co_arr_full_GR_L
                0x0000000020000011        0x1 ./src/PTCAN.o
                0x0000000020000011                co_arr_full_GR_L
 .data.co_arr_full_TR3
                0x0000000020000012        0x1 ./src/PTCAN.o
                0x0000000020000012                co_arr_full_TR3
 .data.co_arr_full_STKO
                0x0000000020000013        0x1 ./src/PTCAN.o
                0x0000000020000013                co_arr_full_STKO
 .data.GPIO_PORT
                0x0000000020000014       0x10 ./src/led_button.o
                0x0000000020000014                GPIO_PORT
 .data.BUTTON_PORT
                0x0000000020000024        0x4 ./src/led_button.o
                0x0000000020000024                BUTTON_PORT
 .data.FATFS_LowLevelDrivers
                0x0000000020000028       0xb4 ./TM/diskio.o
                0x0000000020000028                FATFS_LowLevelDrivers
 .data.TM_FATFS_SD_Stat
                0x00000000200000dc        0x1 ./TM/fatfs_sd.o
 *fill*         0x00000000200000dd        0x3 ff
 .data.impure_data
                0x00000000200000e0       0x60 c:/stm32_toolchain/gcc-arm-none-eabi-5_3-151225/bin/../lib/gcc/arm-none-eabi/5.3.1/../../../../arm-none-eabi/lib/armv7e-m\libg_nano.a(lib_a-impure.o)
 .data._impure_ptr
                0x0000000020000140        0x4 c:/stm32_toolchain/gcc-arm-none-eabi-5_3-151225/bin/../lib/gcc/arm-none-eabi/5.3.1/../../../../arm-none-eabi/lib/armv7e-m\libg_nano.a(lib_a-impure.o)
                0x0000000020000140                _impure_ptr
 *(.data_end .data_end.*)
 .data_end      0x0000000020000144        0x4 ./system/src/newlib/_startup.o
                0x0000000020000148                . = ALIGN (0x4)
                0x0000000020000148                _edata = .
                0x0000000020000148                __data_end__ = .

.igot.plt       0x0000000020000148        0x0 load address 0x00000000080083c4
 .igot.plt      0x0000000020000148        0x0 ./system/src/stm32f4-hal/stm32f4xx_hal.o

.bss_CCMRAM     0x0000000010000000        0x0
 *(.bss.CCMRAM .bss.CCMRAM.*)

.bss            0x0000000020000148     0x1dac
                0x0000000020000148                __bss_start__ = .
                0x0000000020000148                _sbss = .
 *(.bss_begin .bss_begin.*)
 .bss_begin     0x0000000020000148        0x4 ./system/src/newlib/_startup.o
 *(.bss .bss.*)
 .bss.current_heap_end.3921
                0x000000002000014c        0x4 ./system/src/newlib/_sbrk.o
 .bss.name.4237
                0x0000000020000150        0x1 ./system/src/newlib/_syscalls.o
 .bss.program_start
                0x0000000020000151        0x1 ./src/PTCAN.o
 .bss.co_arr_save_TR3
                0x0000000020000152        0x2 ./src/PTCAN.o
                0x0000000020000152                co_arr_save_TR3
 .bss.co_arr_save_STKO
                0x0000000020000154        0x2 ./src/PTCAN.o
                0x0000000020000154                co_arr_save_STKO
 .bss.signal_arrvoll_v_lwheel
                0x0000000020000156        0x1 ./src/PTCAN.o
                0x0000000020000156                signal_arrvoll_v_lwheel
 *fill*         0x0000000020000157        0x1 
 .bss.co_arr_save_GR_L
                0x0000000020000158        0x2 ./src/PTCAN.o
                0x0000000020000158                co_arr_save_GR_L
 .bss.co_arr_save_TR1
                0x000000002000015a        0x2 ./src/PTCAN.o
                0x000000002000015a                co_arr_save_TR1
 .bss.save_files
                0x000000002000015c        0x1 ./src/PTCAN.o
                0x000000002000015c                save_files
 *fill*         0x000000002000015d        0x3 
 .bss.FileSize  0x0000000020000160        0x4 ./src/PTCAN.o
                0x0000000020000160                FileSize
 .bss.RxMessage
                0x0000000020000164       0x24 ./src/PTCAN.o
 .bss.can_deinit
                0x0000000020000188        0x1 ./src/PTCAN.o
                0x0000000020000188                can_deinit
 *fill*         0x0000000020000189        0x3 
 .bss.TxMessage
                0x000000002000018c       0x1c ./src/PTCAN.o
 .bss.signal_arrvoll_torque1
                0x00000000200001a8        0x1 ./src/PTCAN.o
                0x00000000200001a8                signal_arrvoll_torque1
 .bss.signal_arrvoll_torque3
                0x00000000200001a9        0x1 ./src/PTCAN.o
                0x00000000200001a9                signal_arrvoll_torque3
 .bss.cantrans_sdstor_init
                0x00000000200001aa        0x1 ./src/PTCAN.o
                0x00000000200001aa                cantrans_sdstor_init
 .bss.co_arr_full_TR1
                0x00000000200001ab        0x1 ./src/PTCAN.o
                0x00000000200001ab                co_arr_full_TR1
 .bss.signal_arrvoll_vAuto
                0x00000000200001ac        0x1 ./src/PTCAN.o
                0x00000000200001ac                signal_arrvoll_vAuto
 *fill*         0x00000000200001ad        0x3 
 .bss.counter   0x00000000200001b0        0x4 ./src/PTCAN.o
 .bss.button    0x00000000200001b4        0x1 ./src/led_button.o
 *fill*         0x00000000200001b5        0x3 
 .bss.CAN1_CLK_ENABLED
                0x00000000200001b8        0x4 ./src/stm32f4xx_hal_msp.o
 .bss.TM_FATFS_SD_CardType
                0x00000000200001bc        0x1 ./TM/fatfs_sd.o
 .bss.CurrVol   0x00000000200001bd        0x1 ./TM/ff.o
 *fill*         0x00000000200001be        0x2 
 .bss.Files     0x00000000200001c0       0x78 ./TM/ff.o
 .bss.Fsid      0x0000000020000238        0x2 ./TM/ff.o
 *fill*         0x000000002000023a        0x2 
 .bss.FatFs     0x000000002000023c       0x24 ./TM/ff.o
 .bss.CustomTimers
                0x0000000020000260       0x18 ./TM/tm_stm32_delay.o
 .bss.TM_Time   0x0000000020000278        0x4 ./TM/tm_stm32_delay.o
                0x0000000020000278                TM_Time
 .bss.TM_Time2  0x000000002000027c        0x4 ./TM/tm_stm32_delay.o
                0x000000002000027c                TM_Time2
 .bss.GPIO_UsedPins
                0x0000000020000280       0x1a ./TM/tm_stm32_gpio.o
 *fill*         0x000000002000029a        0x2 
 .bss.__malloc_sbrk_start
                0x000000002000029c        0x4 c:/stm32_toolchain/gcc-arm-none-eabi-5_3-151225/bin/../lib/gcc/arm-none-eabi/5.3.1/../../../../arm-none-eabi/lib/armv7e-m\libg_nano.a(lib_a-nano-mallocr.o)
                0x000000002000029c                __malloc_sbrk_start
 .bss.__malloc_free_list
                0x00000000200002a0        0x4 c:/stm32_toolchain/gcc-arm-none-eabi-5_3-151225/bin/../lib/gcc/arm-none-eabi/5.3.1/../../../../arm-none-eabi/lib/armv7e-m\libg_nano.a(lib_a-nano-mallocr.o)
                0x00000000200002a0                __malloc_free_list
 *(COMMON)
 COMMON         0x00000000200002a4        0x4 ./system/src/newlib/_syscalls.o
                0x00000000200002a4                errno
 COMMON         0x00000000200002a8     0x1c48 ./src/PTCAN.o
                0x00000000200002a8                trq_eng_in1
                0x00000000200002aa                left_wheel_speed
                0x00000000200002ac                wbytes
                0x00000000200002b0                arr2SD
                0x00000000200012b0                fil_gesch_car
                0x00000000200014d8                htim3
                0x0000000020001514                hcan2
                0x0000000020001554                CardSize
                0x000000002000155c                fil_torque3
                0x0000000020001784                buffer
                0x00000000200017e8                fil_torque1
                0x0000000020001a10                trq_eng_in3
                0x0000000020001a14                htim2
                0x0000000020001a50                hcan1
                0x0000000020001a90                fil_gesch_wheel
                0x0000000020001cb8                FS
                0x0000000020001eec                fres
                0x0000000020001eee                vehicle_speed
 *(.bss_end .bss_end.*)
 .bss_end       0x0000000020001ef0        0x4 ./system/src/newlib/_startup.o
                0x0000000020001ef4                . = ALIGN (0x4)
                0x0000000020001ef4                __bss_end__ = .
                0x0000000020001ef4                _ebss = .

.noinit_CCMRAM
 *(.noinit.CCMRAM .noinit.CCMRAM.*)

.noinit         0x0000000020001ef4        0x0
                0x0000000020001ef4                _noinit = .
 *(.noinit .noinit.*)
                0x0000000020001ef4                . = ALIGN (0x4)
                0x0000000020001ef4                _end_noinit = .
                [!provide]                        PROVIDE (end, _end_noinit)
                [!provide]                        PROVIDE (_end, _end_noinit)
                [!provide]                        PROVIDE (__end, _end_noinit)
                [!provide]                        PROVIDE (__end__, _end_noinit)

._check_stack   0x0000000020001ef4      0x100
                0x0000000020001ff4                . = (. + _Minimum_Stack_Size)
 *fill*         0x0000000020001ef4      0x100 

.b1text
 *(.b1text)
 *(.b1rodata)
 *(.b1rodata.*)

.eb0text
 *(.eb0text)
 *(.eb0rodata)
 *(.eb0rodata.*)

.eb1text
 *(.eb1text)
 *(.eb1rodata)
 *(.eb1rodata.*)

.eb2text
 *(.eb2text)
 *(.eb2rodata)
 *(.eb2rodata.*)

.eb3text
 *(.eb3text)
 *(.eb3rodata)
 *(.eb3rodata.*)

.stab
 *(.stab)

.stabstr
 *(.stabstr)

.stab.excl
 *(.stab.excl)

.stab.exclstr
 *(.stab.exclstr)

.stab.index
 *(.stab.index)

.stab.indexstr
 *(.stab.indexstr)

.comment        0x0000000000000000       0x5d
 *(.comment)
 .comment       0x0000000000000000       0x5d ./system/src/stm32f4-hal/stm32f4xx_hal.o
                                         0x5e (size before relaxing)
 .comment       0x000000000000005d       0x5e ./system/src/stm32f4-hal/stm32f4xx_hal_can.o
 .comment       0x000000000000005d       0x5e ./system/src/stm32f4-hal/stm32f4xx_hal_cortex.o
 .comment       0x000000000000005d       0x5e ./system/src/stm32f4-hal/stm32f4xx_hal_gpio.o
 .comment       0x000000000000005d       0x5e ./system/src/stm32f4-hal/stm32f4xx_hal_rcc.o
 .comment       0x000000000000005d       0x5e ./system/src/stm32f4-hal/stm32f4xx_hal_spi.o
 .comment       0x000000000000005d       0x5e ./system/src/stm32f4-hal/stm32f4xx_hal_tim.o
 .comment       0x000000000000005d       0x5e ./system/src/stm32f4-hal/stm32f4xx_hal_tim_ex.o
 .comment       0x000000000000005d       0x5e ./system/src/newlib/_exit.o
 .comment       0x000000000000005d       0x5e ./system/src/newlib/_sbrk.o
 .comment       0x000000000000005d       0x5e ./system/src/newlib/_startup.o
 .comment       0x000000000000005d       0x5e ./system/src/newlib/_syscalls.o
 .comment       0x000000000000005d       0x5e ./system/src/cortexm/_initialize_hardware.o
 .comment       0x000000000000005d       0x5e ./system/src/cortexm/_reset_hardware.o
 .comment       0x000000000000005d       0x5e ./system/src/cortexm/exception_handlers.o
 .comment       0x000000000000005d       0x5e ./system/src/cmsis/system_stm32f4xx.o
 .comment       0x000000000000005d       0x5e ./system/src/cmsis/vectors_stm32f407xx.o
 .comment       0x000000000000005d       0x5e ./src/PTCAN.o
 .comment       0x000000000000005d       0x5e ./src/led_button.o
 .comment       0x000000000000005d       0x5e ./src/main.o
 .comment       0x000000000000005d       0x5e ./src/stm32f4xx_hal_msp.o
 .comment       0x000000000000005d       0x5e ./src/stm32f4xx_it.o
 .comment       0x000000000000005d       0x5e ./TM/diskio.o
 .comment       0x000000000000005d       0x5e ./TM/fatfs_sd.o
 .comment       0x000000000000005d       0x5e ./TM/ff.o
 .comment       0x000000000000005d       0x5e ./TM/syscall.o
 .comment       0x000000000000005d       0x5e ./TM/tm_stm32_delay.o
 .comment       0x000000000000005d       0x5e ./TM/tm_stm32_gpio.o
 .comment       0x000000000000005d       0x5e ./TM/tm_stm32_spi.o
 .comment       0x000000000000005d       0x5e ./TM/unicode.o
 .comment       0x000000000000005d       0x5e c:/stm32_toolchain/gcc-arm-none-eabi-5_3-151225/bin/../lib/gcc/arm-none-eabi/5.3.1/../../../../arm-none-eabi/lib/armv7e-m\libg_nano.a(lib_a-errno.o)
 .comment       0x000000000000005d       0x5e c:/stm32_toolchain/gcc-arm-none-eabi-5_3-151225/bin/../lib/gcc/arm-none-eabi/5.3.1/../../../../arm-none-eabi/lib/armv7e-m\libg_nano.a(lib_a-impure.o)
 .comment       0x000000000000005d       0x5e c:/stm32_toolchain/gcc-arm-none-eabi-5_3-151225/bin/../lib/gcc/arm-none-eabi/5.3.1/../../../../arm-none-eabi/lib/armv7e-m\libg_nano.a(lib_a-malloc.o)
 .comment       0x000000000000005d       0x5e c:/stm32_toolchain/gcc-arm-none-eabi-5_3-151225/bin/../lib/gcc/arm-none-eabi/5.3.1/../../../../arm-none-eabi/lib/armv7e-m\libg_nano.a(lib_a-nano-freer.o)
 .comment       0x000000000000005d       0x5e c:/stm32_toolchain/gcc-arm-none-eabi-5_3-151225/bin/../lib/gcc/arm-none-eabi/5.3.1/../../../../arm-none-eabi/lib/armv7e-m\libg_nano.a(lib_a-nano-mallocr.o)
 .comment       0x000000000000005d       0x5e c:/stm32_toolchain/gcc-arm-none-eabi-5_3-151225/bin/../lib/gcc/arm-none-eabi/5.3.1/../../../../arm-none-eabi/lib/armv7e-m\libg_nano.a(lib_a-sbrkr.o)
 .comment       0x000000000000005d       0x5e c:/stm32_toolchain/gcc-arm-none-eabi-5_3-151225/bin/../lib/gcc/arm-none-eabi/5.3.1/../../../../arm-none-eabi/lib/armv7e-m\libg_nano.a(lib_a-sprintf.o)
 .comment       0x000000000000005d       0x5e c:/stm32_toolchain/gcc-arm-none-eabi-5_3-151225/bin/../lib/gcc/arm-none-eabi/5.3.1/../../../../arm-none-eabi/lib/armv7e-m\libg_nano.a(lib_a-nano-svfprintf.o)
 .comment       0x000000000000005d       0x5e c:/stm32_toolchain/gcc-arm-none-eabi-5_3-151225/bin/../lib/gcc/arm-none-eabi/5.3.1/../../../../arm-none-eabi/lib/armv7e-m\libg_nano.a(lib_a-nano-vfprintf_i.o)
 .comment       0x000000000000005d       0x5e c:/stm32_toolchain/gcc-arm-none-eabi-5_3-151225/bin/../lib/gcc/arm-none-eabi/5.3.1/../../../../arm-none-eabi/lib/armv7e-m\libg_nano.a(lib_a-memcpy-stub.o)
 .comment       0x000000000000005d       0x5e c:/stm32_toolchain/gcc-arm-none-eabi-5_3-151225/bin/../lib/gcc/arm-none-eabi/5.3.1/../../../../arm-none-eabi/lib/armv7e-m\libg_nano.a(lib_a-memmove.o)
 .comment       0x000000000000005d       0x5e c:/stm32_toolchain/gcc-arm-none-eabi-5_3-151225/bin/../lib/gcc/arm-none-eabi/5.3.1/../../../../arm-none-eabi/lib/armv7e-m\libg_nano.a(lib_a-nano-reallocr.o)
 .comment       0x000000000000005d       0x5e c:/stm32_toolchain/gcc-arm-none-eabi-5_3-151225/bin/../lib/gcc/arm-none-eabi/5.3.1/../../../../arm-none-eabi/lib/armv7e-m\libg_nano.a(lib_a-nano-msizer.o)

.ARM.attributes
                0x0000000000000000       0x31
 .ARM.attributes
                0x0000000000000000       0x33 ./system/src/stm32f4-hal/stm32f4xx_hal.o
 .ARM.attributes
                0x0000000000000033       0x33 ./system/src/stm32f4-hal/stm32f4xx_hal_can.o
 .ARM.attributes
                0x0000000000000066       0x33 ./system/src/stm32f4-hal/stm32f4xx_hal_cortex.o
 .ARM.attributes
                0x0000000000000099       0x33 ./system/src/stm32f4-hal/stm32f4xx_hal_gpio.o
 .ARM.attributes
                0x00000000000000cc       0x33 ./system/src/stm32f4-hal/stm32f4xx_hal_rcc.o
 .ARM.attributes
                0x00000000000000ff       0x33 ./system/src/stm32f4-hal/stm32f4xx_hal_spi.o
 .ARM.attributes
                0x0000000000000132       0x33 ./system/src/stm32f4-hal/stm32f4xx_hal_tim.o
 .ARM.attributes
                0x0000000000000165       0x33 ./system/src/stm32f4-hal/stm32f4xx_hal_tim_ex.o
 .ARM.attributes
                0x0000000000000198       0x33 ./system/src/newlib/_exit.o
 .ARM.attributes
                0x00000000000001cb       0x33 ./system/src/newlib/_sbrk.o
 .ARM.attributes
                0x00000000000001fe       0x33 ./system/src/newlib/_startup.o
 .ARM.attributes
                0x0000000000000231       0x33 ./system/src/newlib/_syscalls.o
 .ARM.attributes
                0x0000000000000264       0x33 ./system/src/cortexm/_initialize_hardware.o
 .ARM.attributes
                0x0000000000000297       0x33 ./system/src/cortexm/_reset_hardware.o
 .ARM.attributes
                0x00000000000002ca       0x33 ./system/src/cortexm/exception_handlers.o
 .ARM.attributes
                0x00000000000002fd       0x33 ./system/src/cmsis/system_stm32f4xx.o
 .ARM.attributes
                0x0000000000000330       0x33 ./system/src/cmsis/vectors_stm32f407xx.o
 .ARM.attributes
                0x0000000000000363       0x33 ./src/PTCAN.o
 .ARM.attributes
                0x0000000000000396       0x33 ./src/led_button.o
 .ARM.attributes
                0x00000000000003c9       0x33 ./src/main.o
 .ARM.attributes
                0x00000000000003fc       0x33 ./src/stm32f4xx_hal_msp.o
 .ARM.attributes
                0x000000000000042f       0x33 ./src/stm32f4xx_it.o
 .ARM.attributes
                0x0000000000000462       0x33 ./TM/diskio.o
 .ARM.attributes
                0x0000000000000495       0x33 ./TM/fatfs_sd.o
 .ARM.attributes
                0x00000000000004c8       0x33 ./TM/ff.o
 .ARM.attributes
                0x00000000000004fb       0x33 ./TM/syscall.o
 .ARM.attributes
                0x000000000000052e       0x33 ./TM/tm_stm32_delay.o
 .ARM.attributes
                0x0000000000000561       0x33 ./TM/tm_stm32_gpio.o
 .ARM.attributes
                0x0000000000000594       0x33 ./TM/tm_stm32_spi.o
 .ARM.attributes
                0x00000000000005c7       0x33 ./TM/unicode.o
 .ARM.attributes
                0x00000000000005fa       0x2e c:/stm32_toolchain/gcc-arm-none-eabi-5_3-151225/bin/../lib/gcc/arm-none-eabi/5.3.1/../../../../arm-none-eabi/lib/armv7e-m\libg_nano.a(lib_a-errno.o)
 .ARM.attributes
                0x0000000000000628       0x2e c:/stm32_toolchain/gcc-arm-none-eabi-5_3-151225/bin/../lib/gcc/arm-none-eabi/5.3.1/../../../../arm-none-eabi/lib/armv7e-m\libg_nano.a(lib_a-impure.o)
 .ARM.attributes
                0x0000000000000656       0x2e c:/stm32_toolchain/gcc-arm-none-eabi-5_3-151225/bin/../lib/gcc/arm-none-eabi/5.3.1/../../../../arm-none-eabi/lib/armv7e-m\libg_nano.a(lib_a-malloc.o)
 .ARM.attributes
                0x0000000000000684       0x2e c:/stm32_toolchain/gcc-arm-none-eabi-5_3-151225/bin/../lib/gcc/arm-none-eabi/5.3.1/../../../../arm-none-eabi/lib/armv7e-m\libg_nano.a(lib_a-nano-freer.o)
 .ARM.attributes
                0x00000000000006b2       0x2e c:/stm32_toolchain/gcc-arm-none-eabi-5_3-151225/bin/../lib/gcc/arm-none-eabi/5.3.1/../../../../arm-none-eabi/lib/armv7e-m\libg_nano.a(lib_a-nano-mallocr.o)
 .ARM.attributes
                0x00000000000006e0       0x2e c:/stm32_toolchain/gcc-arm-none-eabi-5_3-151225/bin/../lib/gcc/arm-none-eabi/5.3.1/../../../../arm-none-eabi/lib/armv7e-m\libg_nano.a(lib_a-sbrkr.o)
 .ARM.attributes
                0x000000000000070e       0x2e c:/stm32_toolchain/gcc-arm-none-eabi-5_3-151225/bin/../lib/gcc/arm-none-eabi/5.3.1/../../../../arm-none-eabi/lib/armv7e-m\libg_nano.a(lib_a-sprintf.o)
 .ARM.attributes
                0x000000000000073c       0x2e c:/stm32_toolchain/gcc-arm-none-eabi-5_3-151225/bin/../lib/gcc/arm-none-eabi/5.3.1/../../../../arm-none-eabi/lib/armv7e-m\libg_nano.a(lib_a-nano-svfprintf.o)
 .ARM.attributes
                0x000000000000076a       0x2e c:/stm32_toolchain/gcc-arm-none-eabi-5_3-151225/bin/../lib/gcc/arm-none-eabi/5.3.1/../../../../arm-none-eabi/lib/armv7e-m\libg_nano.a(lib_a-nano-vfprintf_i.o)
 .ARM.attributes
                0x0000000000000798       0x1c c:/stm32_toolchain/gcc-arm-none-eabi-5_3-151225/bin/../lib/gcc/arm-none-eabi/5.3.1/../../../../arm-none-eabi/lib/armv7e-m\libg_nano.a(lib_a-memchr.o)
 .ARM.attributes
                0x00000000000007b4       0x2e c:/stm32_toolchain/gcc-arm-none-eabi-5_3-151225/bin/../lib/gcc/arm-none-eabi/5.3.1/../../../../arm-none-eabi/lib/armv7e-m\libg_nano.a(lib_a-memcpy-stub.o)
 .ARM.attributes
                0x00000000000007e2       0x2e c:/stm32_toolchain/gcc-arm-none-eabi-5_3-151225/bin/../lib/gcc/arm-none-eabi/5.3.1/../../../../arm-none-eabi/lib/armv7e-m\libg_nano.a(lib_a-memmove.o)
 .ARM.attributes
                0x0000000000000810       0x2e c:/stm32_toolchain/gcc-arm-none-eabi-5_3-151225/bin/../lib/gcc/arm-none-eabi/5.3.1/../../../../arm-none-eabi/lib/armv7e-m\libg_nano.a(lib_a-nano-reallocr.o)
 .ARM.attributes
                0x000000000000083e       0x2e c:/stm32_toolchain/gcc-arm-none-eabi-5_3-151225/bin/../lib/gcc/arm-none-eabi/5.3.1/../../../../arm-none-eabi/lib/armv7e-m\libg_nano.a(lib_a-nano-msizer.o)

.debug
 *(.debug)

.line
 *(.line)

.debug_srcinfo
 *(.debug_srcinfo)

.debug_sfnames
 *(.debug_sfnames)

.debug_aranges  0x0000000000000000     0x1480
 *(.debug_aranges)
 .debug_aranges
                0x0000000000000000       0xc0 ./system/src/stm32f4-hal/stm32f4xx_hal.o
 .debug_aranges
                0x00000000000000c0       0xb0 ./system/src/stm32f4-hal/stm32f4xx_hal_can.o
 .debug_aranges
                0x0000000000000170       0x98 ./system/src/stm32f4-hal/stm32f4xx_hal_cortex.o
 .debug_aranges
                0x0000000000000208       0x58 ./system/src/stm32f4-hal/stm32f4xx_hal_gpio.o
 .debug_aranges
                0x0000000000000260       0x88 ./system/src/stm32f4-hal/stm32f4xx_hal_rcc.o
 .debug_aranges
                0x00000000000002e8      0x158 ./system/src/stm32f4-hal/stm32f4xx_hal_spi.o
 .debug_aranges
                0x0000000000000440      0x368 ./system/src/stm32f4-hal/stm32f4xx_hal_tim.o
 .debug_aranges
                0x00000000000007a8      0x140 ./system/src/stm32f4-hal/stm32f4xx_hal_tim_ex.o
 .debug_aranges
                0x00000000000008e8       0x28 ./system/src/newlib/_exit.o
 .debug_aranges
                0x0000000000000910       0x20 ./system/src/newlib/_sbrk.o
 .debug_aranges
                0x0000000000000930       0x40 ./system/src/newlib/_startup.o
 .debug_aranges
                0x0000000000000970       0x30 ./system/src/newlib/_syscalls.o
 .debug_aranges
                0x00000000000009a0       0x28 ./system/src/cortexm/_initialize_hardware.o
 .debug_aranges
                0x00000000000009c8       0x20 ./system/src/cortexm/_reset_hardware.o
 .debug_aranges
                0x00000000000009e8       0x80 ./system/src/cortexm/exception_handlers.o
 .debug_aranges
                0x0000000000000a68       0x28 ./system/src/cmsis/system_stm32f4xx.o
 .debug_aranges
                0x0000000000000a90       0x20 ./system/src/cmsis/vectors_stm32f407xx.o
 .debug_aranges
                0x0000000000000ab0       0xb8 ./src/PTCAN.o
 .debug_aranges
                0x0000000000000b68       0x58 ./src/led_button.o
 .debug_aranges
                0x0000000000000bc0       0x28 ./src/main.o
 .debug_aranges
                0x0000000000000be8       0x40 ./src/stm32f4xx_hal_msp.o
 .debug_aranges
                0x0000000000000c28       0x48 ./src/stm32f4xx_it.o
 .debug_aranges
                0x0000000000000c70      0x140 ./TM/diskio.o
 .debug_aranges
                0x0000000000000db0       0xa8 ./TM/fatfs_sd.o
 .debug_aranges
                0x0000000000000e58      0x250 ./TM/ff.o
 .debug_aranges
                0x00000000000010a8       0x28 ./TM/syscall.o
 .debug_aranges
                0x00000000000010d0       0x78 ./TM/tm_stm32_delay.o
 .debug_aranges
                0x0000000000001148       0x98 ./TM/tm_stm32_gpio.o
 .debug_aranges
                0x00000000000011e0       0x98 ./TM/tm_stm32_spi.o
 .debug_aranges
                0x0000000000001278       0x28 ./TM/unicode.o
 .debug_aranges
                0x00000000000012a0       0x20 c:/stm32_toolchain/gcc-arm-none-eabi-5_3-151225/bin/../lib/gcc/arm-none-eabi/5.3.1/../../../../arm-none-eabi/lib/armv7e-m\libg_nano.a(lib_a-errno.o)
 .debug_aranges
                0x00000000000012c0       0x18 c:/stm32_toolchain/gcc-arm-none-eabi-5_3-151225/bin/../lib/gcc/arm-none-eabi/5.3.1/../../../../arm-none-eabi/lib/armv7e-m\libg_nano.a(lib_a-impure.o)
 .debug_aranges
                0x00000000000012d8       0x28 c:/stm32_toolchain/gcc-arm-none-eabi-5_3-151225/bin/../lib/gcc/arm-none-eabi/5.3.1/../../../../arm-none-eabi/lib/armv7e-m\libg_nano.a(lib_a-malloc.o)
 .debug_aranges
                0x0000000000001300       0x20 c:/stm32_toolchain/gcc-arm-none-eabi-5_3-151225/bin/../lib/gcc/arm-none-eabi/5.3.1/../../../../arm-none-eabi/lib/armv7e-m\libg_nano.a(lib_a-nano-freer.o)
 .debug_aranges
                0x0000000000001320       0x20 c:/stm32_toolchain/gcc-arm-none-eabi-5_3-151225/bin/../lib/gcc/arm-none-eabi/5.3.1/../../../../arm-none-eabi/lib/armv7e-m\libg_nano.a(lib_a-nano-mallocr.o)
 .debug_aranges
                0x0000000000001340       0x20 c:/stm32_toolchain/gcc-arm-none-eabi-5_3-151225/bin/../lib/gcc/arm-none-eabi/5.3.1/../../../../arm-none-eabi/lib/armv7e-m\libg_nano.a(lib_a-sbrkr.o)
 .debug_aranges
                0x0000000000001360       0x28 c:/stm32_toolchain/gcc-arm-none-eabi-5_3-151225/bin/../lib/gcc/arm-none-eabi/5.3.1/../../../../arm-none-eabi/lib/armv7e-m\libg_nano.a(lib_a-sprintf.o)
 .debug_aranges
                0x0000000000001388       0x30 c:/stm32_toolchain/gcc-arm-none-eabi-5_3-151225/bin/../lib/gcc/arm-none-eabi/5.3.1/../../../../arm-none-eabi/lib/armv7e-m\libg_nano.a(lib_a-nano-svfprintf.o)
 .debug_aranges
                0x00000000000013b8       0x28 c:/stm32_toolchain/gcc-arm-none-eabi-5_3-151225/bin/../lib/gcc/arm-none-eabi/5.3.1/../../../../arm-none-eabi/lib/armv7e-m\libg_nano.a(lib_a-nano-vfprintf_i.o)
 .debug_aranges
                0x00000000000013e0       0x20 c:/stm32_toolchain/gcc-arm-none-eabi-5_3-151225/bin/../lib/gcc/arm-none-eabi/5.3.1/../../../../arm-none-eabi/lib/armv7e-m\libg_nano.a(lib_a-memchr.o)
 .debug_aranges
                0x0000000000001400       0x20 c:/stm32_toolchain/gcc-arm-none-eabi-5_3-151225/bin/../lib/gcc/arm-none-eabi/5.3.1/../../../../arm-none-eabi/lib/armv7e-m\libg_nano.a(lib_a-memcpy-stub.o)
 .debug_aranges
                0x0000000000001420       0x20 c:/stm32_toolchain/gcc-arm-none-eabi-5_3-151225/bin/../lib/gcc/arm-none-eabi/5.3.1/../../../../arm-none-eabi/lib/armv7e-m\libg_nano.a(lib_a-memmove.o)
 .debug_aranges
                0x0000000000001440       0x20 c:/stm32_toolchain/gcc-arm-none-eabi-5_3-151225/bin/../lib/gcc/arm-none-eabi/5.3.1/../../../../arm-none-eabi/lib/armv7e-m\libg_nano.a(lib_a-nano-reallocr.o)
 .debug_aranges
                0x0000000000001460       0x20 c:/stm32_toolchain/gcc-arm-none-eabi-5_3-151225/bin/../lib/gcc/arm-none-eabi/5.3.1/../../../../arm-none-eabi/lib/armv7e-m\libg_nano.a(lib_a-nano-msizer.o)

.debug_pubnames
 *(.debug_pubnames)

.debug_info     0x0000000000000000    0x202d8
 *(.debug_info .gnu.linkonce.wi.*)
 .debug_info    0x0000000000000000      0x8f3 ./system/src/stm32f4-hal/stm32f4xx_hal.o
 .debug_info    0x00000000000008f3      0xf67 ./system/src/stm32f4-hal/stm32f4xx_hal_can.o
 .debug_info    0x000000000000185a     0x1110 ./system/src/stm32f4-hal/stm32f4xx_hal_cortex.o
 .debug_info    0x000000000000296a      0x87a ./system/src/stm32f4-hal/stm32f4xx_hal_gpio.o
 .debug_info    0x00000000000031e4      0xfe1 ./system/src/stm32f4-hal/stm32f4xx_hal_rcc.o
 .debug_info    0x00000000000041c5     0x189a ./system/src/stm32f4-hal/stm32f4xx_hal_spi.o
 .debug_info    0x0000000000005a5f     0x430c ./system/src/stm32f4-hal/stm32f4xx_hal_tim.o
 .debug_info    0x0000000000009d6b     0x18b0 ./system/src/stm32f4-hal/stm32f4xx_hal_tim_ex.o
 .debug_info    0x000000000000b61b      0x108 ./system/src/newlib/_exit.o
 .debug_info    0x000000000000b723      0x11f ./system/src/newlib/_sbrk.o
 .debug_info    0x000000000000b842      0x4ef ./system/src/newlib/_startup.o
 .debug_info    0x000000000000bd31      0x1bc ./system/src/newlib/_syscalls.o
 .debug_info    0x000000000000beed      0x2ca ./system/src/cortexm/_initialize_hardware.o
 .debug_info    0x000000000000c1b7      0x2d1 ./system/src/cortexm/_reset_hardware.o
 .debug_info    0x000000000000c488      0x28d ./system/src/cortexm/exception_handlers.o
 .debug_info    0x000000000000c715      0x4cf ./system/src/cmsis/system_stm32f4xx.o
 .debug_info    0x000000000000cbe4       0xd1 ./system/src/cmsis/vectors_stm32f407xx.o
 .debug_info    0x000000000000ccb5     0x24e5 ./src/PTCAN.o
 .debug_info    0x000000000000f19a      0x98a ./src/led_button.o
 .debug_info    0x000000000000fb24      0x1a5 ./src/main.o
 .debug_info    0x000000000000fcc9     0x12bc ./src/stm32f4xx_hal_msp.o
 .debug_info    0x0000000000010f85      0xdb0 ./src/stm32f4xx_it.o
 .debug_info    0x0000000000011d35      0x9a7 ./TM/diskio.o
 .debug_info    0x00000000000126dc      0xfd8 ./TM/fatfs_sd.o
 .debug_info    0x00000000000136b4     0x4318 ./TM/ff.o
 .debug_info    0x00000000000179cc      0x118 ./TM/syscall.o
 .debug_info    0x0000000000017ae4      0x724 ./TM/tm_stm32_delay.o
 .debug_info    0x0000000000018208      0x924 ./TM/tm_stm32_gpio.o
 .debug_info    0x0000000000018b2c     0x1252 ./TM/tm_stm32_spi.o
 .debug_info    0x0000000000019d7e      0x195 ./TM/unicode.o
 .debug_info    0x0000000000019f13      0x738 c:/stm32_toolchain/gcc-arm-none-eabi-5_3-151225/bin/../lib/gcc/arm-none-eabi/5.3.1/../../../../arm-none-eabi/lib/armv7e-m\libg_nano.a(lib_a-errno.o)
 .debug_info    0x000000000001a64b      0x7d6 c:/stm32_toolchain/gcc-arm-none-eabi-5_3-151225/bin/../lib/gcc/arm-none-eabi/5.3.1/../../../../arm-none-eabi/lib/armv7e-m\libg_nano.a(lib_a-impure.o)
 .debug_info    0x000000000001ae21      0x7ae c:/stm32_toolchain/gcc-arm-none-eabi-5_3-151225/bin/../lib/gcc/arm-none-eabi/5.3.1/../../../../arm-none-eabi/lib/armv7e-m\libg_nano.a(lib_a-malloc.o)
 .debug_info    0x000000000001b5cf      0x821 c:/stm32_toolchain/gcc-arm-none-eabi-5_3-151225/bin/../lib/gcc/arm-none-eabi/5.3.1/../../../../arm-none-eabi/lib/armv7e-m\libg_nano.a(lib_a-nano-freer.o)
 .debug_info    0x000000000001bdf0      0x8ec c:/stm32_toolchain/gcc-arm-none-eabi-5_3-151225/bin/../lib/gcc/arm-none-eabi/5.3.1/../../../../arm-none-eabi/lib/armv7e-m\libg_nano.a(lib_a-nano-mallocr.o)
 .debug_info    0x000000000001c6dc      0x79d c:/stm32_toolchain/gcc-arm-none-eabi-5_3-151225/bin/../lib/gcc/arm-none-eabi/5.3.1/../../../../arm-none-eabi/lib/armv7e-m\libg_nano.a(lib_a-sbrkr.o)
 .debug_info    0x000000000001ce79      0x88c c:/stm32_toolchain/gcc-arm-none-eabi-5_3-151225/bin/../lib/gcc/arm-none-eabi/5.3.1/../../../../arm-none-eabi/lib/armv7e-m\libg_nano.a(lib_a-sprintf.o)
 .debug_info    0x000000000001d705      0xd51 c:/stm32_toolchain/gcc-arm-none-eabi-5_3-151225/bin/../lib/gcc/arm-none-eabi/5.3.1/../../../../arm-none-eabi/lib/armv7e-m\libg_nano.a(lib_a-nano-svfprintf.o)
 .debug_info    0x000000000001e456      0xb44 c:/stm32_toolchain/gcc-arm-none-eabi-5_3-151225/bin/../lib/gcc/arm-none-eabi/5.3.1/../../../../arm-none-eabi/lib/armv7e-m\libg_nano.a(lib_a-nano-vfprintf_i.o)
 .debug_info    0x000000000001ef9a       0xf0 c:/stm32_toolchain/gcc-arm-none-eabi-5_3-151225/bin/../lib/gcc/arm-none-eabi/5.3.1/../../../../arm-none-eabi/lib/armv7e-m\libg_nano.a(lib_a-memchr.o)
 .debug_info    0x000000000001f08a      0x111 c:/stm32_toolchain/gcc-arm-none-eabi-5_3-151225/bin/../lib/gcc/arm-none-eabi/5.3.1/../../../../arm-none-eabi/lib/armv7e-m\libg_nano.a(lib_a-memcpy-stub.o)
 .debug_info    0x000000000001f19b      0x105 c:/stm32_toolchain/gcc-arm-none-eabi-5_3-151225/bin/../lib/gcc/arm-none-eabi/5.3.1/../../../../arm-none-eabi/lib/armv7e-m\libg_nano.a(lib_a-memmove.o)
 .debug_info    0x000000000001f2a0      0x878 c:/stm32_toolchain/gcc-arm-none-eabi-5_3-151225/bin/../lib/gcc/arm-none-eabi/5.3.1/../../../../arm-none-eabi/lib/armv7e-m\libg_nano.a(lib_a-nano-reallocr.o)
 .debug_info    0x000000000001fb18      0x7c0 c:/stm32_toolchain/gcc-arm-none-eabi-5_3-151225/bin/../lib/gcc/arm-none-eabi/5.3.1/../../../../arm-none-eabi/lib/armv7e-m\libg_nano.a(lib_a-nano-msizer.o)

.debug_abbrev   0x0000000000000000     0x474a
 *(.debug_abbrev)
 .debug_abbrev  0x0000000000000000      0x222 ./system/src/stm32f4-hal/stm32f4xx_hal.o
 .debug_abbrev  0x0000000000000222      0x233 ./system/src/stm32f4-hal/stm32f4xx_hal_can.o
 .debug_abbrev  0x0000000000000455      0x324 ./system/src/stm32f4-hal/stm32f4xx_hal_cortex.o
 .debug_abbrev  0x0000000000000779      0x204 ./system/src/stm32f4-hal/stm32f4xx_hal_gpio.o
 .debug_abbrev  0x000000000000097d      0x2b8 ./system/src/stm32f4-hal/stm32f4xx_hal_rcc.o
 .debug_abbrev  0x0000000000000c35      0x24a ./system/src/stm32f4-hal/stm32f4xx_hal_spi.o
 .debug_abbrev  0x0000000000000e7f      0x22c ./system/src/stm32f4-hal/stm32f4xx_hal_tim.o
 .debug_abbrev  0x00000000000010ab      0x21b ./system/src/stm32f4-hal/stm32f4xx_hal_tim_ex.o
 .debug_abbrev  0x00000000000012c6       0xbe ./system/src/newlib/_exit.o
 .debug_abbrev  0x0000000000001384       0xb9 ./system/src/newlib/_sbrk.o
 .debug_abbrev  0x000000000000143d      0x1d4 ./system/src/newlib/_startup.o
 .debug_abbrev  0x0000000000001611       0xec ./system/src/newlib/_syscalls.o
 .debug_abbrev  0x00000000000016fd       0xea ./system/src/cortexm/_initialize_hardware.o
 .debug_abbrev  0x00000000000017e7       0xff ./system/src/cortexm/_reset_hardware.o
 .debug_abbrev  0x00000000000018e6       0xf1 ./system/src/cortexm/exception_handlers.o
 .debug_abbrev  0x00000000000019d7      0x104 ./system/src/cmsis/system_stm32f4xx.o
 .debug_abbrev  0x0000000000001adb       0x9d ./system/src/cmsis/vectors_stm32f407xx.o
 .debug_abbrev  0x0000000000001b78      0x2d2 ./src/PTCAN.o
 .debug_abbrev  0x0000000000001e4a      0x1de ./src/led_button.o
 .debug_abbrev  0x0000000000002028       0xbf ./src/main.o
 .debug_abbrev  0x00000000000020e7      0x1da ./src/stm32f4xx_hal_msp.o
 .debug_abbrev  0x00000000000022c1      0x1cd ./src/stm32f4xx_it.o
 .debug_abbrev  0x000000000000248e      0x1cf ./TM/diskio.o
 .debug_abbrev  0x000000000000265d      0x2e1 ./TM/fatfs_sd.o
 .debug_abbrev  0x000000000000293e      0x23e ./TM/ff.o
 .debug_abbrev  0x0000000000002b7c       0xae ./TM/syscall.o
 .debug_abbrev  0x0000000000002c2a      0x2b8 ./TM/tm_stm32_delay.o
 .debug_abbrev  0x0000000000002ee2      0x171 ./TM/tm_stm32_gpio.o
 .debug_abbrev  0x0000000000003053      0x24a ./TM/tm_stm32_spi.o
 .debug_abbrev  0x000000000000329d       0xc3 ./TM/unicode.o
 .debug_abbrev  0x0000000000003360      0x132 c:/stm32_toolchain/gcc-arm-none-eabi-5_3-151225/bin/../lib/gcc/arm-none-eabi/5.3.1/../../../../arm-none-eabi/lib/armv7e-m\libg_nano.a(lib_a-errno.o)
 .debug_abbrev  0x0000000000003492      0x134 c:/stm32_toolchain/gcc-arm-none-eabi-5_3-151225/bin/../lib/gcc/arm-none-eabi/5.3.1/../../../../arm-none-eabi/lib/armv7e-m\libg_nano.a(lib_a-impure.o)
 .debug_abbrev  0x00000000000035c6      0x188 c:/stm32_toolchain/gcc-arm-none-eabi-5_3-151225/bin/../lib/gcc/arm-none-eabi/5.3.1/../../../../arm-none-eabi/lib/armv7e-m\libg_nano.a(lib_a-malloc.o)
 .debug_abbrev  0x000000000000374e      0x1b6 c:/stm32_toolchain/gcc-arm-none-eabi-5_3-151225/bin/../lib/gcc/arm-none-eabi/5.3.1/../../../../arm-none-eabi/lib/armv7e-m\libg_nano.a(lib_a-nano-freer.o)
 .debug_abbrev  0x0000000000003904      0x24e c:/stm32_toolchain/gcc-arm-none-eabi-5_3-151225/bin/../lib/gcc/arm-none-eabi/5.3.1/../../../../arm-none-eabi/lib/armv7e-m\libg_nano.a(lib_a-nano-mallocr.o)
 .debug_abbrev  0x0000000000003b52      0x19e c:/stm32_toolchain/gcc-arm-none-eabi-5_3-151225/bin/../lib/gcc/arm-none-eabi/5.3.1/../../../../arm-none-eabi/lib/armv7e-m\libg_nano.a(lib_a-sbrkr.o)
 .debug_abbrev  0x0000000000003cf0      0x1c0 c:/stm32_toolchain/gcc-arm-none-eabi-5_3-151225/bin/../lib/gcc/arm-none-eabi/5.3.1/../../../../arm-none-eabi/lib/armv7e-m\libg_nano.a(lib_a-sprintf.o)
 .debug_abbrev  0x0000000000003eb0      0x23f c:/stm32_toolchain/gcc-arm-none-eabi-5_3-151225/bin/../lib/gcc/arm-none-eabi/5.3.1/../../../../arm-none-eabi/lib/armv7e-m\libg_nano.a(lib_a-nano-svfprintf.o)
 .debug_abbrev  0x00000000000040ef      0x1f4 c:/stm32_toolchain/gcc-arm-none-eabi-5_3-151225/bin/../lib/gcc/arm-none-eabi/5.3.1/../../../../arm-none-eabi/lib/armv7e-m\libg_nano.a(lib_a-nano-vfprintf_i.o)
 .debug_abbrev  0x00000000000042e3       0x14 c:/stm32_toolchain/gcc-arm-none-eabi-5_3-151225/bin/../lib/gcc/arm-none-eabi/5.3.1/../../../../arm-none-eabi/lib/armv7e-m\libg_nano.a(lib_a-memchr.o)
 .debug_abbrev  0x00000000000042f7       0xa9 c:/stm32_toolchain/gcc-arm-none-eabi-5_3-151225/bin/../lib/gcc/arm-none-eabi/5.3.1/../../../../arm-none-eabi/lib/armv7e-m\libg_nano.a(lib_a-memcpy-stub.o)
 .debug_abbrev  0x00000000000043a0       0x9a c:/stm32_toolchain/gcc-arm-none-eabi-5_3-151225/bin/../lib/gcc/arm-none-eabi/5.3.1/../../../../arm-none-eabi/lib/armv7e-m\libg_nano.a(lib_a-memmove.o)
 .debug_abbrev  0x000000000000443a      0x1af c:/stm32_toolchain/gcc-arm-none-eabi-5_3-151225/bin/../lib/gcc/arm-none-eabi/5.3.1/../../../../arm-none-eabi/lib/armv7e-m\libg_nano.a(lib_a-nano-reallocr.o)
 .debug_abbrev  0x00000000000045e9      0x161 c:/stm32_toolchain/gcc-arm-none-eabi-5_3-151225/bin/../lib/gcc/arm-none-eabi/5.3.1/../../../../arm-none-eabi/lib/armv7e-m\libg_nano.a(lib_a-nano-msizer.o)

.debug_line     0x0000000000000000    0x11fc5
 *(.debug_line)
 .debug_line    0x0000000000000000      0x6ec ./system/src/stm32f4-hal/stm32f4xx_hal.o
 .debug_line    0x00000000000006ec      0xaa2 ./system/src/stm32f4-hal/stm32f4xx_hal_can.o
 .debug_line    0x000000000000118e      0x7d0 ./system/src/stm32f4-hal/stm32f4xx_hal_cortex.o
 .debug_line    0x000000000000195e      0x880 ./system/src/stm32f4-hal/stm32f4xx_hal_gpio.o
 .debug_line    0x00000000000021de      0xa0d ./system/src/stm32f4-hal/stm32f4xx_hal_rcc.o
 .debug_line    0x0000000000002beb      0xe71 ./system/src/stm32f4-hal/stm32f4xx_hal_spi.o
 .debug_line    0x0000000000003a5c     0x326f ./system/src/stm32f4-hal/stm32f4xx_hal_tim.o
 .debug_line    0x0000000000006ccb     0x1037 ./system/src/stm32f4-hal/stm32f4xx_hal_tim_ex.o
 .debug_line    0x0000000000007d02      0x2a5 ./system/src/newlib/_exit.o
 .debug_line    0x0000000000007fa7      0x258 ./system/src/newlib/_sbrk.o
 .debug_line    0x00000000000081ff      0x320 ./system/src/newlib/_startup.o
 .debug_line    0x000000000000851f      0x396 ./system/src/newlib/_syscalls.o
 .debug_line    0x00000000000088b5      0x590 ./system/src/cortexm/_initialize_hardware.o
 .debug_line    0x0000000000008e45      0x58e ./system/src/cortexm/_reset_hardware.o
 .debug_line    0x00000000000093d3      0x651 ./system/src/cortexm/exception_handlers.o
 .debug_line    0x0000000000009a24      0x590 ./system/src/cmsis/system_stm32f4xx.o
 .debug_line    0x0000000000009fb4       0xfb ./system/src/cmsis/vectors_stm32f407xx.o
 .debug_line    0x000000000000a0af      0x9af ./src/PTCAN.o
 .debug_line    0x000000000000aa5e      0x61d ./src/led_button.o
 .debug_line    0x000000000000b07b      0x682 ./src/main.o
 .debug_line    0x000000000000b6fd      0x5d6 ./src/stm32f4xx_hal_msp.o
 .debug_line    0x000000000000bcd3      0x5bf ./src/stm32f4xx_it.o
 .debug_line    0x000000000000c292      0x922 ./TM/diskio.o
 .debug_line    0x000000000000cbb4      0xad2 ./TM/fatfs_sd.o
 .debug_line    0x000000000000d686     0x15c6 ./TM/ff.o
 .debug_line    0x000000000000ec4c      0x280 ./TM/syscall.o
 .debug_line    0x000000000000eecc      0x735 ./TM/tm_stm32_delay.o
 .debug_line    0x000000000000f601      0x754 ./TM/tm_stm32_gpio.o
 .debug_line    0x000000000000fd55      0x833 ./TM/tm_stm32_spi.o
 .debug_line    0x0000000000010588      0x125 ./TM/unicode.o
 .debug_line    0x00000000000106ad      0x163 c:/stm32_toolchain/gcc-arm-none-eabi-5_3-151225/bin/../lib/gcc/arm-none-eabi/5.3.1/../../../../arm-none-eabi/lib/armv7e-m\libg_nano.a(lib_a-errno.o)
 .debug_line    0x0000000000010810      0x149 c:/stm32_toolchain/gcc-arm-none-eabi-5_3-151225/bin/../lib/gcc/arm-none-eabi/5.3.1/../../../../arm-none-eabi/lib/armv7e-m\libg_nano.a(lib_a-impure.o)
 .debug_line    0x0000000000010959      0x1c4 c:/stm32_toolchain/gcc-arm-none-eabi-5_3-151225/bin/../lib/gcc/arm-none-eabi/5.3.1/../../../../arm-none-eabi/lib/armv7e-m\libg_nano.a(lib_a-malloc.o)
 .debug_line    0x0000000000010b1d      0x1a4 c:/stm32_toolchain/gcc-arm-none-eabi-5_3-151225/bin/../lib/gcc/arm-none-eabi/5.3.1/../../../../arm-none-eabi/lib/armv7e-m\libg_nano.a(lib_a-nano-freer.o)
 .debug_line    0x0000000000010cc1      0x1f1 c:/stm32_toolchain/gcc-arm-none-eabi-5_3-151225/bin/../lib/gcc/arm-none-eabi/5.3.1/../../../../arm-none-eabi/lib/armv7e-m\libg_nano.a(lib_a-nano-mallocr.o)
 .debug_line    0x0000000000010eb2      0x1bc c:/stm32_toolchain/gcc-arm-none-eabi-5_3-151225/bin/../lib/gcc/arm-none-eabi/5.3.1/../../../../arm-none-eabi/lib/armv7e-m\libg_nano.a(lib_a-sbrkr.o)
 .debug_line    0x000000000001106e      0x20c c:/stm32_toolchain/gcc-arm-none-eabi-5_3-151225/bin/../lib/gcc/arm-none-eabi/5.3.1/../../../../arm-none-eabi/lib/armv7e-m\libg_nano.a(lib_a-sprintf.o)
 .debug_line    0x000000000001127a      0x334 c:/stm32_toolchain/gcc-arm-none-eabi-5_3-151225/bin/../lib/gcc/arm-none-eabi/5.3.1/../../../../arm-none-eabi/lib/armv7e-m\libg_nano.a(lib_a-nano-svfprintf.o)
 .debug_line    0x00000000000115ae      0x370 c:/stm32_toolchain/gcc-arm-none-eabi-5_3-151225/bin/../lib/gcc/arm-none-eabi/5.3.1/../../../../arm-none-eabi/lib/armv7e-m\libg_nano.a(lib_a-nano-vfprintf_i.o)
 .debug_line    0x000000000001191e       0xc1 c:/stm32_toolchain/gcc-arm-none-eabi-5_3-151225/bin/../lib/gcc/arm-none-eabi/5.3.1/../../../../arm-none-eabi/lib/armv7e-m\libg_nano.a(lib_a-memchr.o)
 .debug_line    0x00000000000119df      0x157 c:/stm32_toolchain/gcc-arm-none-eabi-5_3-151225/bin/../lib/gcc/arm-none-eabi/5.3.1/../../../../arm-none-eabi/lib/armv7e-m\libg_nano.a(lib_a-memcpy-stub.o)